Component: ARM Compiler 5.06 update 6 (build 750) Tool: armlink [4d35ed]

==============================================================================

Section Cross References

    startup_stm32g431xx.o(RESET) refers to startup_stm32g431xx.o(STACK) for __initial_sp
    startup_stm32g431xx.o(RESET) refers to startup_stm32g431xx.o(.text) for Reset_Handler
    startup_stm32g431xx.o(RESET) refers to stm32g4xx_it.o(i.NMI_Handler) for NMI_Handler
    startup_stm32g431xx.o(RESET) refers to stm32g4xx_it.o(i.HardFault_Handler) for HardFault_Handler
    startup_stm32g431xx.o(RESET) refers to stm32g4xx_it.o(i.MemManage_Handler) for MemManage_Handler
    startup_stm32g431xx.o(RESET) refers to stm32g4xx_it.o(i.BusFault_Handler) for BusFault_Handler
    startup_stm32g431xx.o(RESET) refers to stm32g4xx_it.o(i.UsageFault_Handler) for UsageFault_Handler
    startup_stm32g431xx.o(RESET) refers to stm32g4xx_it.o(i.SVC_Handler) for SVC_Handler
    startup_stm32g431xx.o(RESET) refers to stm32g4xx_it.o(i.DebugMon_Handler) for DebugMon_Handler
    startup_stm32g431xx.o(RESET) refers to stm32g4xx_it.o(i.PendSV_Handler) for PendSV_Handler
    startup_stm32g431xx.o(RESET) refers to stm32g4xx_it.o(i.SysTick_Handler) for SysTick_Handler
    startup_stm32g431xx.o(RESET) refers to stm32g4xx_it.o(i.TIM2_IRQHandler) for TIM2_IRQHandler
    startup_stm32g431xx.o(.text) refers to system_stm32g4xx.o(i.SystemInit) for SystemInit
    startup_stm32g431xx.o(.text) refers to entry.o(.ARM.Collect$$$$00000000) for __main
    lcd.o(i.LCD_BusIn) refers to memseta.o(.text) for __aeabi_memclr4
    lcd.o(i.LCD_BusIn) refers to stm32g4xx_hal_gpio.o(i.HAL_GPIO_Init) for HAL_GPIO_Init
    lcd.o(i.LCD_BusOut) refers to memseta.o(.text) for __aeabi_memclr4
    lcd.o(i.LCD_BusOut) refers to stm32g4xx_hal_gpio.o(i.HAL_GPIO_Init) for HAL_GPIO_Init
    lcd.o(i.LCD_Clear) refers to lcd.o(i.LCD_SetCursor) for LCD_SetCursor
    lcd.o(i.LCD_Clear) refers to lcd.o(i.LCD_WriteRAM_Prepare) for LCD_WriteRAM_Prepare
    lcd.o(i.LCD_Clear) refers to lcd.o(i.LCD_WriteRAM) for LCD_WriteRAM
    lcd.o(i.LCD_ClearLine) refers to lcd.o(i.LCD_DisplayStringLine) for LCD_DisplayStringLine
    lcd.o(i.LCD_CtrlLinesConfig) refers to memseta.o(.text) for __aeabi_memclr4
    lcd.o(i.LCD_CtrlLinesConfig) refers to stm32g4xx_hal_gpio.o(i.HAL_GPIO_Init) for HAL_GPIO_Init
    lcd.o(i.LCD_CtrlLinesConfig) refers to lcd.o(i.LCD_BusOut) for LCD_BusOut
    lcd.o(i.LCD_DisplayChar) refers to lcd.o(i.LCD_DrawChar) for LCD_DrawChar
    lcd.o(i.LCD_DisplayChar) refers to lcd.o(.constdata) for .constdata
    lcd.o(i.LCD_DisplayOff) refers to lcd.o(i.LCD_WriteReg) for LCD_WriteReg
    lcd.o(i.LCD_DisplayOn) refers to lcd.o(i.LCD_WriteReg) for LCD_WriteReg
    lcd.o(i.LCD_DisplayStringLine) refers to lcd.o(i.LCD_DisplayChar) for LCD_DisplayChar
    lcd.o(i.LCD_DrawChar) refers to lcd.o(i.LCD_SetCursor) for LCD_SetCursor
    lcd.o(i.LCD_DrawChar) refers to lcd.o(i.LCD_WriteRAM_Prepare) for LCD_WriteRAM_Prepare
    lcd.o(i.LCD_DrawChar) refers to lcd.o(i.LCD_WriteRAM) for LCD_WriteRAM
    lcd.o(i.LCD_DrawChar) refers to lcd.o(.data) for .data
    lcd.o(i.LCD_DrawCircle) refers to lcd.o(i.LCD_SetCursor) for LCD_SetCursor
    lcd.o(i.LCD_DrawCircle) refers to lcd.o(i.LCD_WriteRAM_Prepare) for LCD_WriteRAM_Prepare
    lcd.o(i.LCD_DrawCircle) refers to lcd.o(i.LCD_WriteRAM) for LCD_WriteRAM
    lcd.o(i.LCD_DrawCircle) refers to lcd.o(.data) for .data
    lcd.o(i.LCD_DrawLine) refers to lcd.o(i.LCD_SetCursor) for LCD_SetCursor
    lcd.o(i.LCD_DrawLine) refers to lcd.o(i.LCD_WriteRAM_Prepare) for LCD_WriteRAM_Prepare
    lcd.o(i.LCD_DrawLine) refers to lcd.o(i.LCD_WriteRAM) for LCD_WriteRAM
    lcd.o(i.LCD_DrawLine) refers to lcd.o(.data) for .data
    lcd.o(i.LCD_DrawMonoPict) refers to lcd.o(i.LCD_SetCursor) for LCD_SetCursor
    lcd.o(i.LCD_DrawMonoPict) refers to lcd.o(i.LCD_WriteRAM_Prepare) for LCD_WriteRAM_Prepare
    lcd.o(i.LCD_DrawMonoPict) refers to lcd.o(i.LCD_WriteRAM) for LCD_WriteRAM
    lcd.o(i.LCD_DrawMonoPict) refers to lcd.o(.data) for .data
    lcd.o(i.LCD_DrawPicture) refers to lcd.o(i.LCD_SetCursor) for LCD_SetCursor
    lcd.o(i.LCD_DrawPicture) refers to lcd.o(i.LCD_WriteRAM_Prepare) for LCD_WriteRAM_Prepare
    lcd.o(i.LCD_DrawPicture) refers to lcd.o(i.LCD_WriteRAM) for LCD_WriteRAM
    lcd.o(i.LCD_DrawRect) refers to lcd.o(i.LCD_DrawLine) for LCD_DrawLine
    lcd.o(i.LCD_Init) refers to lcd.o(i.LCD_CtrlLinesConfig) for LCD_CtrlLinesConfig
    lcd.o(i.LCD_Init) refers to lcd.o(i.LCD_ReadReg) for LCD_ReadReg
    lcd.o(i.LCD_Init) refers to lcd.o(i.REG_932X_Init) for REG_932X_Init
    lcd.o(i.LCD_Init) refers to lcd.o(i.REG_8230_Init) for REG_8230_Init
    lcd.o(i.LCD_Init) refers to lcd.o(.data) for .data
    lcd.o(i.LCD_PowerOn) refers to lcd.o(i.LCD_WriteReg) for LCD_WriteReg
    lcd.o(i.LCD_PowerOn) refers to lcd.o(i.Delay_LCD) for Delay_LCD
    lcd.o(i.LCD_ReadRAM) refers to lcd.o(i.LCD_BusIn) for LCD_BusIn
    lcd.o(i.LCD_ReadRAM) refers to lcd.o(i.LCD_BusOut) for LCD_BusOut
[...]
    Removing stm32g4xx_hal_tim_ex.o(i.HAL_TIMEx_HallSensor_DeInit), (76 bytes).
    Removing stm32g4xx_hal_tim_ex.o(i.HAL_TIMEx_HallSensor_GetState), (6 bytes).
    Removing stm32g4xx_hal_tim_ex.o(i.HAL_TIMEx_HallSensor_Init), (220 bytes).
    Removing stm32g4xx_hal_tim_ex.o(i.HAL_TIMEx_HallSensor_MspDeInit), (2 bytes).
    Removing stm32g4xx_hal_tim_ex.o(i.HAL_TIMEx_HallSensor_MspInit), (2 bytes).
    Removing stm32g4xx_hal_tim_ex.o(i.HAL_TIMEx_HallSensor_Start), (100 bytes).
    Removing stm32g4xx_hal_tim_ex.o(i.HAL_TIMEx_HallSensor_Start_DMA), (156 bytes).
    Removing stm32g4xx_hal_tim_ex.o(i.HAL_TIMEx_HallSensor_Start_IT), (112 bytes).
    Removing stm32g4xx_hal_tim_ex.o(i.HAL_TIMEx_HallSensor_Stop), (58 bytes).
    Removing stm32g4xx_hal_tim_ex.o(i.HAL_TIMEx_HallSensor_Stop_DMA), (70 bytes).
    Removing stm32g4xx_hal_tim_ex.o(i.HAL_TIMEx_HallSensor_Stop_IT), (68 bytes).
    Removing stm32g4xx_hal_tim_ex.o(i.HAL_TIMEx_OCN_Start), (128 bytes).
    Removing stm32g4xx_hal_tim_ex.o(i.HAL_TIMEx_OCN_Start_DMA), (356 bytes).
    Removing stm32g4xx_hal_tim_ex.o(i.HAL_TIMEx_OCN_Start_IT), (176 bytes).
    Removing stm32g4xx_hal_tim_ex.o(i.HAL_TIMEx_OCN_Stop), (104 bytes).
    Removing stm32g4xx_hal_tim_ex.o(i.HAL_TIMEx_OCN_Stop_DMA), (174 bytes).
    Removing stm32g4xx_hal_tim_ex.o(i.HAL_TIMEx_OCN_Stop_IT), (172 bytes).
    Removing stm32g4xx_hal_tim_ex.o(i.HAL_TIMEx_OC_ConfigPulseOnCompare), (60 bytes).
    Removing stm32g4xx_hal_tim_ex.o(i.HAL_TIMEx_OnePulseN_Start), (190 bytes).
    Removing stm32g4xx_hal_tim_ex.o(i.HAL_TIMEx_OnePulseN_Start_IT), (210 bytes).
    Removing stm32g4xx_hal_tim_ex.o(i.HAL_TIMEx_OnePulseN_Stop), (174 bytes).
    Removing stm32g4xx_hal_tim_ex.o(i.HAL_TIMEx_OnePulseN_Stop_IT), (196 bytes).
    Removing stm32g4xx_hal_tim_ex.o(i.HAL_TIMEx_PWMN_Start), (128 bytes).
    Removing stm32g4xx_hal_tim_ex.o(i.HAL_TIMEx_PWMN_Start_DMA), (356 bytes).
    Removing stm32g4xx_hal_tim_ex.o(i.HAL_TIMEx_PWMN_Start_IT), (176 bytes).
    Removing stm32g4xx_hal_tim_ex.o(i.HAL_TIMEx_PWMN_Stop), (104 bytes).
    Removing stm32g4xx_hal_tim_ex.o(i.HAL_TIMEx_PWMN_Stop_DMA), (174 bytes).
    Removing stm32g4xx_hal_tim_ex.o(i.HAL_TIMEx_PWMN_Stop_IT), (172 bytes).
    Removing stm32g4xx_hal_tim_ex.o(i.HAL_TIMEx_ReArmBreakInput), (88 bytes).
    Removing stm32g4xx_hal_tim_ex.o(i.HAL_TIMEx_RemapConfig), (40 bytes).
    Removing stm32g4xx_hal_tim_ex.o(i.HAL_TIMEx_TISelection), (136 bytes).
    Removing stm32g4xx_hal_tim_ex.o(i.TIMEx_DMACommutationCplt), (16 bytes).
    Removing stm32g4xx_hal_tim_ex.o(i.TIMEx_DMACommutationHalfCplt), (16 bytes).
    Removing stm32g4xx_hal_tim_ex.o(i.TIM_CCxNChannelCmd), (26 bytes).
    Removing stm32g4xx_hal_tim_ex.o(i.TIM_DMADelayPulseNCplt), (94 bytes).
    Removing stm32g4xx_hal_tim_ex.o(i.TIM_DMAErrorCCxN), (62 bytes).

485 unused section(s) (total 35216 bytes) removed from the image.

==============================================================================

Image Symbol Table

    Local Symbols

    Symbol Name                              Value     Ov Type        Size  Object(Section)

    ../Drivers/STM32G4xx_HAL_Driver/Src/stm32g4xx_hal.c 0x00000000   Number         0  stm32g4xx_hal.o ABSOLUTE
    ../Drivers/STM32G4xx_HAL_Driver/Src/stm32g4xx_hal_adc.c 0x00000000   Number         0  stm32g4xx_hal_adc.o ABSOLUTE
    ../Drivers/STM32G4xx_HAL_Driver/Src/stm32g4xx_hal_adc_ex.c 0x00000000   Number         0  stm32g4xx_hal_adc_ex.o ABSOLUTE
    ../Drivers/STM32G4xx_HAL_Driver/Src/stm32g4xx_hal_cortex.c 0x00000000   Number         0  stm32g4xx_hal_cortex.o ABSOLUTE
    ../Drivers/STM32G4xx_HAL_Driver/Src/stm32g4xx_hal_dma.c 0x00000000   Number         0  stm32g4xx_hal_dma.o ABSOLUTE
    ../Drivers/STM32G4xx_HAL_Driver/Src/stm32g4xx_hal_dma_ex.c 0x00000000   Number         0  stm32g4xx_hal_dma_ex.o ABSOLUTE
    ../Drivers/STM32G4xx_HAL_Driver/Src/stm32g4xx_hal_exti.c 0x00000000   Number         0  stm32g4xx_hal_exti.o ABSOLUTE
    ../Drivers/STM32G4xx_HAL_Driver/Src/stm32g4xx_hal_flash.c 0x00000000   Number         0  stm32g4xx_hal_flash.o ABSOLUTE
    ../Drivers/STM32G4xx_HAL_Driver/Src/stm32g4xx_hal_flash_ex.c 0x00000000   Number         0  stm32g4xx_hal_flash_ex.o ABSOLUTE
    ../Drivers/STM32G4xx_HAL_Driver/Src/stm32g4xx_hal_flash_ramfunc.c 0x00000000   Number         0  stm32g4xx_hal_flash_ramfunc.o ABSOLUTE
    ../Drivers/STM32G4xx_HAL_Driver/Src/stm32g4xx_hal_gpio.c 0x00000000   Number         0  stm32g4xx_hal_gpio.o ABSOLUTE
    ../Drivers/STM32G4xx_HAL_Driver/Src/stm32g4xx_hal_pwr.c 0x00000000   Number         0  stm32g4xx_hal_pwr.o ABSOLUTE
    ../Drivers/STM32G4xx_HAL_Driver/Src/stm32g4xx_hal_pwr_ex.c 0x00000000   Number         0  stm32g4xx_hal_pwr_ex.o ABSOLUTE
    ../Drivers/STM32G4xx_HAL_Driver/Src/stm32g4xx_hal_rcc.c 0x00000000   Number         0  stm32g4xx_hal_rcc.o ABSOLUTE
    ../Drivers/STM32G4xx_HAL_Driver/Src/stm32g4xx_hal_rcc_ex.c 0x00000000   Number         0  stm32g4xx_hal_rcc_ex.o ABSOLUTE
    ../Drivers/STM32G4xx_HAL_Driver/Src/stm32g4xx_hal_tim.c 0x00000000   Number         0  stm32g4xx_hal_tim.o ABSOLUTE
    ../Drivers/STM32G4xx_HAL_Driver/Src/stm32g4xx_hal_tim_ex.c 0x00000000   Number         0  stm32g4xx_hal_tim_ex.o ABSOLUTE
    ../Drivers/STM32G4xx_HAL_Driver/Src/stm32g4xx_ll_adc.c 0x00000000   Number         0  stm32g4xx_ll_adc.o ABSOLUTE
    ../Drivers/STM32G4xx_HAL_Driver/Src/stm32g4xx_ll_pwr.c 0x00000000   Number         0  stm32g4xx_ll_pwr.o ABSOLUTE
    ../Src/adc.c                             0x00000000   Number         0  adc.o ABSOLUTE
    ../Src/dma.c                             0x00000000   Number         0  dma.o ABSOLUTE
    ../Src/gpio.c                            0x00000000   Number         0  gpio.o ABSOLUTE
    ../Src/main.c                            0x00000000   Number         0  main.o ABSOLUTE
    ../Src/stm32g4xx_hal_msp.c               0x00000000   Number         0  stm32g4xx_hal_msp.o ABSOLUTE
    ../Src/stm32g4xx_it.c                    0x00000000   Number         0  stm32g4xx_it.o ABSOLUTE
    ../Src/system_stm32g4xx.c                0x00000000   Number         0  system_stm32g4xx.o ABSOLUTE
    ../Src/tim.c                             0x00000000   Number         0  tim.o ABSOLUTE
    ../clib/microlib/division.c              0x00000000   Number         0  uldiv.o ABSOLUTE
    ../clib/microlib/division.c              0x00000000   Number         0  uidiv.o ABSOLUTE
    ../clib/microlib/init/entry.s            0x00000000   Number         0  entry7b.o ABSOLUTE
    ../clib/microlib/init/entry.s            0x00000000   Number         0  entry7a.o ABSOLUTE
    ../clib/microlib/init/entry.s            0x00000000   Number         0  entry8a.o ABSOLUTE
    ../clib/microlib/init/entry.s            0x00000000   Number         0  entry5.o ABSOLUTE
    ../clib/microlib/init/entry.s            0x00000000   Number         0  entry.o ABSOLUTE
    ../clib/microlib/init/entry.s            0x00000000   Number         0  entry9b.o ABSOLUTE
    ../clib/microlib/init/entry.s            0x00000000   Number         0  entry10a.o ABSOLUTE
    ../clib/microlib/init/entry.s            0x00000000   Number         0  entry11b.o ABSOLUTE
    ../clib/microlib/init/entry.s            0x00000000   Number         0  entry11a.o ABSOLUTE
    ../clib/microlib/init/entry.s            0x00000000   Number         0  entry10b.o ABSOLUTE
    ../clib/microlib/init/entry.s            0x00000000   Number         0  entry9a.o ABSOLUTE
    ../clib/microlib/init/entry.s            0x00000000   Number         0  entry2.o ABSOLUTE
    ../clib/microlib/init/entry.s            0x00000000   Number         0  entry8b.o ABSOLUTE
    ../clib/microlib/longlong.c              0x00000000   Number         0  llushr.o ABSOLUTE
    ../clib/microlib/longlong.c              0x00000000   Number         0  llsshr.o ABSOLUTE
    ../clib/microlib/longlong.c              0x00000000   Number         0  llshl.o ABSOLUTE
    ../clib/microlib/printf/printf.c         0x00000000   Number         0  printf8.o ABSOLUTE
    ../clib/microlib/printf/printf.c         0x00000000   Number         0  printf4.o ABSOLUTE
    ../clib/microlib/printf/printf.c         0x00000000   Number         0  printf5.o ABSOLUTE
    ../clib/microlib/printf/printf.c         0x00000000   Number         0  printf6.o ABSOLUTE
    ../clib/microlib/printf/printf.c         0x00000000   Number         0  printf7.o ABSOLUTE
    ../clib/microlib/printf/printf.c         0x00000000   Number         0  printfa.o ABSOLUTE
    ../clib/microlib/printf/printf.c         0x00000000   Number         0  printf0.o ABSOLUTE
    ../clib/microlib/printf/printf.c         0x00000000   Number         0  printf1.o ABSOLUTE
    ../clib/microlib/printf/printf.c         0x00000000   Number         0  printfb.o ABSOLUTE
    ../clib/microlib/printf/printf.c         0x00000000   Number         0  printf2.o ABSOLUTE
    ../clib/microlib/printf/printf.c         0x00000000   Number         0  printf3.o ABSOLUTE
    ../clib/microlib/printf/stubs.s          0x00000000   Number         0  stubs.o ABSOLUTE
    ../clib/microlib/stdio/fputc.c           0x00000000   Number         0  fputc.o ABSOLUTE
    ../clib/microlib/stdio/semi.s            0x00000000   Number         0  semi.o ABSOLUTE
    ../clib/microlib/stdio/streams.c         0x00000000   Number         0  stdout.o ABSOLUTE
    ../clib/microlib/string/memset.c         0x00000000   Number         0  memseta.o ABSOLUTE
    ../clib/microlib/stubs.s                 0x00000000   Number         0  iusefp.o ABSOLUTE
    ../clib/microlib/stubs.s                 0x00000000   Number         0  iusesemip.o ABSOLUTE
    ../fplib/microlib/f2d.c                  0x00000000   Number         0  f2d.o ABSOLUTE
    ../fplib/microlib/fpadd.c                0x00000000   Number         0  dadd.o ABSOLUTE
    ../fplib/microlib/fpdiv.c                0x00000000   Number         0  ddiv.o ABSOLUTE
    ../fplib/microlib/fpepilogue.c           0x00000000   Number         0  depilogue.o ABSOLUTE
    ../fplib/microlib/fpfix.c                0x00000000   Number         0  dfixul.o ABSOLUTE
    ../fplib/microlib/fpmul.c                0x00000000   Number         0  dmul.o ABSOLUTE
    ..\Drivers\STM32G4xx_HAL_Driver\Src\stm32g4xx_hal.c 0x00000000   Number         0  stm32g4xx_hal.o ABSOLUTE
    ..\Drivers\STM32G4xx_HAL_Driver\Src\stm32g4xx_hal_adc.c 0x00000000   Number         0  stm32g4xx_hal_adc.o ABSOLUTE
    ..\Drivers\STM32G4xx_HAL_Driver\Src\stm32g4xx_hal_adc_ex.c 0x00000000   Number         0  stm32g4xx_hal_adc_ex.o ABSOLUTE
    ..\Drivers\STM32G4xx_HAL_Driver\Src\stm32g4xx_hal_cortex.c 0x00000000   Number         0  stm32g4xx_hal_cortex.o ABSOLUTE
    ..\Drivers\STM32G4xx_HAL_Driver\Src\stm32g4xx_hal_dma.c 0x00000000   Number         0  stm32g4xx_hal_dma.o ABSOLUTE
    ..\Drivers\STM32G4xx_HAL_Driver\Src\stm32g4xx_hal_dma_ex.c 0x00000000   Number         0  stm32g4xx_hal_dma_ex.o ABSOLUTE
    ..\Drivers\STM32G4xx_HAL_Driver\Src\stm32g4xx_hal_exti.c 0x00000000   Number         0  stm32g4xx_hal_exti.o ABSOLUTE
    ..\Drivers\STM32G4xx_HAL_Driver\Src\stm32g4xx_hal_flash.c 0x00000000   Number         0  stm32g4xx_hal_flash.o ABSOLUTE
    ..\Drivers\STM32G4xx_HAL_Driver\Src\stm32g4xx_hal_flash_ex.c 0x00000000   Number         0  stm32g4xx_hal_flash_ex.o ABSOLUTE
    ..\Drivers\STM32G4xx_HAL_Driver\Src\stm32g4xx_hal_flash_ramfunc.c 0x00000000   Number         0  stm32g4xx_hal_flash_ramfunc.o ABSOLUTE
    ..\Drivers\STM32G4xx_HAL_Driver\Src\stm32g4xx_hal_gpio.c 0x00000000   Number         0  stm32g4xx_hal_gpio.o ABSOLUTE
    ..\Drivers\STM32G4xx_HAL_Driver\Src\stm32g4xx_hal_pwr.c 0x00000000   Number         0  stm32g4xx_hal_pwr.o ABSOLUTE
    ..\Drivers\STM32G4xx_HAL_Driver\Src\stm32g4xx_hal_pwr_ex.c 0x00000000   Number         0  stm32g4xx_hal_pwr_ex.o ABSOLUTE
    ..\Drivers\STM32G4xx_HAL_Driver\Src\stm32g4xx_hal_rcc.c 0x00000000   Number         0  stm32g4xx_hal_rcc.o ABSOLUTE
    ..\Drivers\STM32G4xx_HAL_Driver\Src\stm32g4xx_hal_rcc_ex.c 0x00000000   Number         0  stm32g4xx_hal_rcc_ex.o ABSOLUTE
    ..\Drivers\STM32G4xx_HAL_Driver\Src\stm32g4xx_hal_tim.c 0x00000000   Number         0  stm32g4xx_hal_tim.o ABSOLUTE
    ..\Drivers\STM32G4xx_HAL_Driver\Src\stm32g4xx_hal_tim_ex.c 0x00000000   Number         0  stm32g4xx_hal_tim_ex.o ABSOLUTE
    ..\Src\adc.c                             0x00000000   Number         0  adc.o ABSOLUTE
    ..\Src\dma.c                             0x00000000   Number         0  dma.o ABSOLUTE
    ..\Src\gpio.c                            0x00000000   Number         0  gpio.o ABSOLUTE
    ..\Src\lcd.c                             0x00000000   Number         0  lcd.o ABSOLUTE
    ..\Src\main.c                            0x00000000   Number         0  main.o ABSOLUTE
    ..\Src\stm32g4xx_hal_msp.c               0x00000000   Number         0  stm32g4xx_hal_msp.o ABSOLUTE
    ..\Src\stm32g4xx_it.c                    0x00000000   Number         0  stm32g4xx_it.o ABSOLUTE
    ..\Src\system_stm32g4xx.c                0x00000000   Number         0  system_stm32g4xx.o ABSOLUTE
    ..\Src\tim.c                             0x00000000   Number         0  tim.o ABSOLUTE
    ..\\Src\\lcd.c                           0x00000000   Number         0  lcd.o ABSOLUTE
    cdrcmple.s                               0x00000000   Number         0  cdrcmple.o ABSOLUTE
    dc.s                                     0x00000000   Number         0  dc.o ABSOLUTE
    handlers.s                               0x00000000   Number         0  handlers.o ABSOLUTE
    init.s                                   0x00000000   Number         0  init.o ABSOLUTE
    startup_stm32g431xx.s                    0x00000000   Number         0  startup_stm32g431xx.o ABSOLUTE
    RESET                                    0x08000000   Section      472  startup_stm32g431xx.o(RESET)
    .ARM.Collect$$$$00000000                 0x080001d8   Section        0  entry.o(.ARM.Collect$$$$00000000)
    .ARM.Collect$$$$00000001                 0x080001d8   Section        4  entry2.o(.ARM.Collect$$$$00000001)
    .ARM.Collect$$$$00000004                 0x080001dc   Section        4  entry5.o(.ARM.Collect$$$$00000004)
    .ARM.Collect$$$$00000008                 0x080001e0   Section        0  entry7b.o(.ARM.Collect$$$$00000008)
    .ARM.Collect$$$$0000000A                 0x080001e0   Section        0  entry8b.o(.ARM.Collect$$$$0000000A)
    .ARM.Collect$$$$0000000B                 0x080001e0   Section        8  entry9a.o(.ARM.Collect$$$$0000000B)
    .ARM.Collect$$$$0000000D                 0x080001e8   Section        0  entry10a.o(.ARM.Collect$$$$0000000D)
    .ARM.Collect$$$$0000000F                 0x080001e8   Section        0  entry11a.o(.ARM.Collect$$$$0000000F)
    .ARM.Collect$$$$00002712                 0x080001e8   Section        4  entry2.o(.ARM.Collect$$$$00002712)
    __lit__00000000                          0x080001e8   Data           4  entry2.o(.ARM.Collect$$$$00002712)
    .text                                    0x080001ec   Section       36  startup_stm32g431xx.o(.text)
    $v0                                      0x080001ec   Number         0  startup_stm32g431xx.o(.text)
    .text                                    0x08000210   Section        0  memseta.o(.text)
    .text                                    0x08000234   Section        0  f2d.o(.text)
    .text                                    0x0800025a   Section        0  uidiv.o(.text)
    .text                                    0x08000286   Section        0  uldiv.o(.text)
    .text                                    0x080002e8   Section        0  iusefp.o(.text)
    .text                                    0x080002e8   Section        0  dadd.o(.text)
    .text                                    0x08000436   Section        0  dmul.o(.text)
    .text                                    0x0800051a   Section        0  ddiv.o(.text)
    .text                                    0x080005f8   Section        0  dfixul.o(.text)
    .text                                    0x08000628   Section       48  cdrcmple.o(.text)
    .text                                    0x08000658   Section       36  init.o(.text)
    .text                                    0x0800067c   Section        0  llshl.o(.text)
    .text                                    0x0800069a   Section        0  llushr.o(.text)
    .text                                    0x080006ba   Section        0  llsshr.o(.text)
    .text                                    0x080006de   Section        0  depilogue.o(.text)
    i.ADC_DMAConvCplt                        0x08000798   Section        0  stm32g4xx_hal_adc.o(i.ADC_DMAConvCplt)
    i.ADC_DMAError                           0x08000800   Section        0  stm32g4xx_hal_adc.o(i.ADC_DMAError)
    i.ADC_DMAHalfConvCplt                    0x0800081a   Section        0  stm32g4xx_hal_adc.o(i.ADC_DMAHalfConvCplt)
    i.ADC_Enable                             0x08000824   Section        0  stm32g4xx_hal_adc.o(i.ADC_Enable)
    i.ADC_Get                                0x0800088c   Section        0  main.o(i.ADC_Get)
    i.BusFault_Handler                       0x080008f4   Section        0  stm32g4xx_it.o(i.BusFault_Handler)
    i.DMA_CalcDMAMUXChannelBaseAndMask       0x080008f8   Section        0  stm32g4xx_hal_dma.o(i.DMA_CalcDMAMUXChannelBaseAndMask)
    DMA_CalcDMAMUXChannelBaseAndMask         0x080008f9   Thumb Code    54  stm32g4xx_hal_dma.o(i.DMA_CalcDMAMUXChannelBaseAndMask)
    i.DMA_CalcDMAMUXRequestGenBaseAndMask    0x08000938   Section        0  stm32g4xx_hal_dma.o(i.DMA_CalcDMAMUXRequestGenBaseAndMask)
    DMA_CalcDMAMUXRequestGenBaseAndMask      0x08000939   Thumb Code    30  stm32g4xx_hal_dma.o(i.DMA_CalcDMAMUXRequestGenBaseAndMask)
    i.DMA_SetConfig                          0x0800095c   Section        0  stm32g4xx_hal_dma.o(i.DMA_SetConfig)
    DMA_SetConfig                            0x0800095d   Thumb Code    62  stm32g4xx_hal_dma.o(i.DMA_SetConfig)
    i.DebugMon_Handler                       0x0800099a   Section        0  stm32g4xx_it.o(i.DebugMon_Handler)
    i.Delay_LCD                              0x0800099c   Section        0  lcd.o(i.Delay_LCD)
    i.Error_Handler                          0x080009b8   Section        0  main.o(i.Error_Handler)
    i.HAL_ADC_ConfigChannel                  0x080009bc   Section        0  stm32g4xx_hal_adc.o(i.HAL_ADC_ConfigChannel)
    i.HAL_ADC_ConvCpltCallback               0x08000ddc   Section        0  stm32g4xx_hal_adc.o(i.HAL_ADC_ConvCpltCallback)
    i.HAL_ADC_ConvHalfCpltCallback           0x08000dde   Section        0  stm32g4xx_hal_adc.o(i.HAL_ADC_ConvHalfCpltCallback)
    i.HAL_ADC_ErrorCallback                  0x08000de0   Section        0  stm32g4xx_hal_adc.o(i.HAL_ADC_ErrorCallback)
    i.HAL_ADC_Init                           0x08000de4   Section        0  stm32g4xx_hal_adc.o(i.HAL_ADC_Init)
    i.HAL_ADC_MspInit                        0x08000fdc   Section        0  adc.o(i.HAL_ADC_MspInit)
    i.HAL_ADC_Start                          0x08001070   Section        0  stm32g4xx_hal_adc.o(i.HAL_ADC_Start)
    i.HAL_ADC_Start_DMA                      0x08001164   Section        0  stm32g4xx_hal_adc.o(i.HAL_ADC_Start_DMA)
    i.HAL_DMA_Init                           0x08001254   Section        0  stm32g4xx_hal_dma.o(i.HAL_DMA_Init)
    i.HAL_DMA_Start_IT                       0x08001314   Section        0  stm32g4xx_hal_dma.o(i.HAL_DMA_Start_IT)
    i.HAL_Delay                              0x080013a0   Section        0  stm32g4xx_hal.o(i.HAL_Delay)
    i.HAL_GPIO_Init                          0x080013c4   Section        0  stm32g4xx_hal_gpio.o(i.HAL_GPIO_Init)
    i.HAL_GPIO_ReadPin                       0x0800158c   Section        0  stm32g4xx_hal_gpio.o(i.HAL_GPIO_ReadPin)
    i.HAL_GPIO_WritePin                      0x08001596   Section        0  stm32g4xx_hal_gpio.o(i.HAL_GPIO_WritePin)
    i.HAL_GetTick                            0x080015a0   Section        0  stm32g4xx_hal.o(i.HAL_GetTick)
    i.HAL_IncTick                            0x080015ac   Section        0  stm32g4xx_hal.o(i.HAL_IncTick)
    i.HAL_Init                               0x080015bc   Section        0  stm32g4xx_hal.o(i.HAL_Init)
    i.HAL_InitTick                           0x080015dc   Section        0  stm32g4xx_hal.o(i.HAL_InitTick)
    i.HAL_MspInit                            0x08001620   Section        0  stm32g4xx_hal_msp.o(i.HAL_MspInit)
    i.HAL_NVIC_EnableIRQ                     0x08001658   Section        0  stm32g4xx_hal_cortex.o(i.HAL_NVIC_EnableIRQ)
    i.HAL_NVIC_SetPriority                   0x08001674   Section        0  stm32g4xx_hal_cortex.o(i.HAL_NVIC_SetPriority)
    i.HAL_NVIC_SetPriorityGrouping           0x080016b4   Section        0  stm32g4xx_hal_cortex.o(i.HAL_NVIC_SetPriorityGrouping)
    i.HAL_PWREx_ControlVoltageScaling        0x080016d8   Section        0  stm32g4xx_hal_pwr_ex.o(i.HAL_PWREx_ControlVoltageScaling)
    i.HAL_RCCEx_PeriphCLKConfig              0x08001794   Section        0  stm32g4xx_hal_rcc_ex.o(i.HAL_RCCEx_PeriphCLKConfig)
    i.HAL_RCC_ClockConfig                    0x08001a1c   Section        0  stm32g4xx_hal_rcc.o(i.HAL_RCC_ClockConfig)
    i.HAL_RCC_GetSysClockFreq                0x08001bf8   Section        0  stm32g4xx_hal_rcc.o(i.HAL_RCC_GetSysClockFreq)
    i.HAL_RCC_OscConfig                      0x08001c68   Section        0  stm32g4xx_hal_rcc.o(i.HAL_RCC_OscConfig)
    i.HAL_SYSTICK_Config                     0x08002074   Section        0  stm32g4xx_hal_cortex.o(i.HAL_SYSTICK_Config)
    i.HAL_TIMEx_Break2Callback               0x0800209c   Section        0  stm32g4xx_hal_tim_ex.o(i.HAL_TIMEx_Break2Callback)
    i.HAL_TIMEx_BreakCallback                0x0800209e   Section        0  stm32g4xx_hal_tim_ex.o(i.HAL_TIMEx_BreakCallback)
    i.HAL_TIMEx_CommutCallback               0x080020a0   Section        0  stm32g4xx_hal_tim_ex.o(i.HAL_TIMEx_CommutCallback)
    i.HAL_TIMEx_DirectionChangeCallback      0x080020a2   Section        0  stm32g4xx_hal_tim_ex.o(i.HAL_TIMEx_DirectionChangeCallback)
    i.HAL_TIMEx_EncoderIndexCallback         0x080020a4   Section        0  stm32g4xx_hal_tim_ex.o(i.HAL_TIMEx_EncoderIndexCallback)
    i.HAL_TIMEx_IndexErrorCallback           0x080020a6   Section        0  stm32g4xx_hal_tim_ex.o(i.HAL_TIMEx_IndexErrorCallback)
    i.HAL_TIMEx_MasterConfigSynchronization  0x080020a8   Section        0  stm32g4xx_hal_tim_ex.o(i.HAL_TIMEx_MasterConfigSynchronization)
    i.HAL_TIMEx_TransitionErrorCallback      0x08002144   Section        0  stm32g4xx_hal_tim_ex.o(i.HAL_TIMEx_TransitionErrorCallback)
    i.HAL_TIM_Base_Init                      0x08002146   Section        0  stm32g4xx_hal_tim.o(i.HAL_TIM_Base_Init)
    i.HAL_TIM_Base_MspInit                   0x080021a8   Section        0  tim.o(i.HAL_TIM_Base_MspInit)
    i.HAL_TIM_ConfigClockSource              0x08002214   Section        0  stm32g4xx_hal_tim.o(i.HAL_TIM_ConfigClockSource)
    i.HAL_TIM_IC_CaptureCallback             0x08002310   Section        0  main.o(i.HAL_TIM_IC_CaptureCallback)
    i.HAL_TIM_IC_ConfigChannel               0x080023d8   Section        0  stm32g4xx_hal_tim.o(i.HAL_TIM_IC_ConfigChannel)
    i.HAL_TIM_IC_Init                        0x080024e6   Section        0  stm32g4xx_hal_tim.o(i.HAL_TIM_IC_Init)
    i.HAL_TIM_IC_MspInit                     0x08002548   Section        0  stm32g4xx_hal_tim.o(i.HAL_TIM_IC_MspInit)
    i.HAL_TIM_IC_Start_IT                    0x0800254c   Section        0  stm32g4xx_hal_tim.o(i.HAL_TIM_IC_Start_IT)
    i.HAL_TIM_IRQHandler                     0x0800263c   Section        0  stm32g4xx_hal_tim.o(i.HAL_TIM_IRQHandler)
    i.HAL_TIM_MspPostInit                    0x08002838   Section        0  tim.o(i.HAL_TIM_MspPostInit)
    i.HAL_TIM_OC_DelayElapsedCallback        0x08002888   Section        0  stm32g4xx_hal_tim.o(i.HAL_TIM_OC_DelayElapsedCallback)
    i.HAL_TIM_PWM_ConfigChannel              0x0800288a   Section        0  stm32g4xx_hal_tim.o(i.HAL_TIM_PWM_ConfigChannel)
    i.HAL_TIM_PWM_Init                       0x080029a8   Section        0  stm32g4xx_hal_tim.o(i.HAL_TIM_PWM_Init)
    i.HAL_TIM_PWM_MspInit                    0x08002a0c   Section        0  tim.o(i.HAL_TIM_PWM_MspInit)
    i.HAL_TIM_PWM_PulseFinishedCallback      0x08002a34   Section        0  stm32g4xx_hal_tim.o(i.HAL_TIM_PWM_PulseFinishedCallback)
    i.HAL_TIM_PeriodElapsedCallback          0x08002a36   Section        0  stm32g4xx_hal_tim.o(i.HAL_TIM_PeriodElapsedCallback)
    i.HAL_TIM_TriggerCallback                0x08002a38   Section        0  stm32g4xx_hal_tim.o(i.HAL_TIM_TriggerCallback)
    i.HardFault_Handler                      0x08002a3a   Section        0  stm32g4xx_it.o(i.HardFault_Handler)
    i.KEY1                                   0x08002a3c   Section        0  main.o(i.KEY1)
    i.KEY2                                   0x08002a84   Section        0  main.o(i.KEY2)
    i.KEY3                                   0x08002ae4   Section        0  main.o(i.KEY3)
    i.KEY4                                   0x08002b44   Section        0  main.o(i.KEY4)
    i.KEY_Proc                               0x08002b8c   Section        0  main.o(i.KEY_Proc)
    i.LCD_BusIn                              0x08002bb0   Section        0  lcd.o(i.LCD_BusIn)
    i.LCD_BusOut                             0x08002bdc   Section        0  lcd.o(i.LCD_BusOut)
    i.LCD_Clear                              0x08002c0c   Section        0  lcd.o(i.LCD_Clear)
    i.LCD_CtrlLinesConfig                    0x08002c30   Section        0  lcd.o(i.LCD_CtrlLinesConfig)
    i.LCD_DisplayChar                        0x08002cc0   Section        0  lcd.o(i.LCD_DisplayChar)
    i.LCD_DisplayStringLine                  0x08002cd8   Section        0  lcd.o(i.LCD_DisplayStringLine)
    i.LCD_DrawChar                           0x08002d04   Section        0  lcd.o(i.LCD_DrawChar)
    i.LCD_Init                               0x08002d5c   Section        0  lcd.o(i.LCD_Init)
    i.LCD_Proc                               0x08002d90   Section        0  main.o(i.LCD_Proc)
    i.LCD_ReadReg                            0x08002f50   Section        0  lcd.o(i.LCD_ReadReg)
    i.LCD_SetBackColor                       0x08002fd0   Section        0  lcd.o(i.LCD_SetBackColor)
    i.LCD_SetCursor                          0x08002fe0   Section        0  lcd.o(i.LCD_SetCursor)
    i.LCD_SetTextColor                       0x08002ff8   Section        0  lcd.o(i.LCD_SetTextColor)
    i.LCD_WriteRAM                           0x08003008   Section        0  lcd.o(i.LCD_WriteRAM)
    i.LCD_WriteRAM_Prepare                   0x08003068   Section        0  lcd.o(i.LCD_WriteRAM_Prepare)
    i.LCD_WriteReg                           0x080030cc   Section        0  lcd.o(i.LCD_WriteReg)
    i.LED_Init                               0x08003140   Section        0  gpio.o(i.LED_Init)
    i.LED_On_Off                             0x08003170   Section        0  gpio.o(i.LED_On_Off)
    i.LED_Proc                               0x080031b8   Section        0  main.o(i.LED_Proc)
    i.LL_ADC_GetOffsetChannel                0x0800321c   Section        0  stm32g4xx_hal_adc.o(i.LL_ADC_GetOffsetChannel)
    LL_ADC_GetOffsetChannel                  0x0800321d   Thumb Code    12  stm32g4xx_hal_adc.o(i.LL_ADC_GetOffsetChannel)
    i.LL_ADC_INJ_IsConversionOngoing         0x08003228   Section        0  stm32g4xx_hal_adc.o(i.LL_ADC_INJ_IsConversionOngoing)
    LL_ADC_INJ_IsConversionOngoing           0x08003229   Thumb Code     8  stm32g4xx_hal_adc.o(i.LL_ADC_INJ_IsConversionOngoing)
    i.LL_ADC_REG_IsConversionOngoing         0x08003230   Section        0  stm32g4xx_hal_adc.o(i.LL_ADC_REG_IsConversionOngoing)
    LL_ADC_REG_IsConversionOngoing           0x08003231   Thumb Code     8  stm32g4xx_hal_adc.o(i.LL_ADC_REG_IsConversionOngoing)
    i.LL_ADC_REG_IsTriggerSourceSWStart      0x08003238   Section        0  stm32g4xx_hal_adc.o(i.LL_ADC_REG_IsTriggerSourceSWStart)
    LL_ADC_REG_IsTriggerSourceSWStart        0x08003239   Thumb Code    16  stm32g4xx_hal_adc.o(i.LL_ADC_REG_IsTriggerSourceSWStart)
    i.LL_ADC_SetChannelSamplingTime          0x08003248   Section        0  stm32g4xx_hal_adc.o(i.LL_ADC_SetChannelSamplingTime)
    LL_ADC_SetChannelSamplingTime            0x08003249   Thumb Code    30  stm32g4xx_hal_adc.o(i.LL_ADC_SetChannelSamplingTime)
    i.LL_ADC_SetOffsetState                  0x08003266   Section        0  stm32g4xx_hal_adc.o(i.LL_ADC_SetOffsetState)
    LL_ADC_SetOffsetState                    0x08003267   Thumb Code    16  stm32g4xx_hal_adc.o(i.LL_ADC_SetOffsetState)
    i.MX_ADC2_Init                           0x08003278   Section        0  adc.o(i.MX_ADC2_Init)
    i.MX_DMA_Init                            0x0800330c   Section        0  dma.o(i.MX_DMA_Init)
    i.MX_GPIO_Init                           0x08003338   Section        0  gpio.o(i.MX_GPIO_Init)
    i.MX_TIM2_Init                           0x08003454   Section        0  tim.o(i.MX_TIM2_Init)
    i.MX_TIM3_Init                           0x080034f8   Section        0  tim.o(i.MX_TIM3_Init)
    i.MemManage_Handler                      0x08003568   Section        0  stm32g4xx_it.o(i.MemManage_Handler)
    i.NMI_Handler                            0x0800356a   Section        0  stm32g4xx_it.o(i.NMI_Handler)
    i.PWM_Proc                               0x0800356c   Section        0  main.o(i.PWM_Proc)
    i.PendSV_Handler                         0x080035a8   Section        0  stm32g4xx_it.o(i.PendSV_Handler)
    i.REG_8230_Init                          0x080035aa   Section        0  lcd.o(i.REG_8230_Init)
    i.REG_932X_Init                          0x080036bc   Section        0  lcd.o(i.REG_932X_Init)
    i.SVC_Handler                            0x080038be   Section        0  stm32g4xx_it.o(i.SVC_Handler)
    i.SysTick_Handler                        0x080038c0   Section        0  stm32g4xx_it.o(i.SysTick_Handler)
    i.SystemClock_Config                     0x080038c4   Section        0  main.o(i.SystemClock_Config)
    i.SystemInit                             0x08003934   Section        0  system_stm32g4xx.o(i.SystemInit)
    i.TIM2_IRQHandler                        0x08003950   Section        0  stm32g4xx_it.o(i.TIM2_IRQHandler)
    i.TIM_Base_SetConfig                     0x0800395c   Section        0  stm32g4xx_hal_tim.o(i.TIM_Base_SetConfig)
    i.TIM_CCxChannelCmd                      0x08003a0c   Section        0  stm32g4xx_hal_tim.o(i.TIM_CCxChannelCmd)
    i.TIM_ETR_SetConfig                      0x08003a26   Section        0  stm32g4xx_hal_tim.o(i.TIM_ETR_SetConfig)
    i.TIM_ITRx_SetConfig                     0x08003a3c   Section        0  stm32g4xx_hal_tim.o(i.TIM_ITRx_SetConfig)
    TIM_ITRx_SetConfig                       0x08003a3d   Thumb Code    16  stm32g4xx_hal_tim.o(i.TIM_ITRx_SetConfig)
    i.TIM_OC1_SetConfig                      0x08003a50   Section        0  stm32g4xx_hal_tim.o(i.TIM_OC1_SetConfig)
    TIM_OC1_SetConfig                        0x08003a51   Thumb Code   132  stm32g4xx_hal_tim.o(i.TIM_OC1_SetConfig)
    i.TIM_OC2_SetConfig                      0x08003aec   Section        0  stm32g4xx_hal_tim.o(i.TIM_OC2_SetConfig)
    i.TIM_OC3_SetConfig                      0x08003b7c   Section        0  stm32g4xx_hal_tim.o(i.TIM_OC3_SetConfig)
    TIM_OC3_SetConfig                        0x08003b7d   Thumb Code   118  stm32g4xx_hal_tim.o(i.TIM_OC3_SetConfig)
    i.TIM_OC4_SetConfig                      0x08003c0c   Section        0  stm32g4xx_hal_tim.o(i.TIM_OC4_SetConfig)
    TIM_OC4_SetConfig                        0x08003c0d   Thumb Code   120  stm32g4xx_hal_tim.o(i.TIM_OC4_SetConfig)
    i.TIM_OC5_SetConfig                      0x08003c9c   Section        0  stm32g4xx_hal_tim.o(i.TIM_OC5_SetConfig)
    TIM_OC5_SetConfig                        0x08003c9d   Thumb Code    86  stm32g4xx_hal_tim.o(i.TIM_OC5_SetConfig)
    i.TIM_OC6_SetConfig                      0x08003d0c   Section        0  stm32g4xx_hal_tim.o(i.TIM_OC6_SetConfig)
    TIM_OC6_SetConfig                        0x08003d0d   Thumb Code    88  stm32g4xx_hal_tim.o(i.TIM_OC6_SetConfig)
    i.TIM_TI1_ConfigInputStage               0x08003d7c   Section        0  stm32g4xx_hal_tim.o(i.TIM_TI1_ConfigInputStage)
    TIM_TI1_ConfigInputStage                 0x08003d7d   Thumb Code    34  stm32g4xx_hal_tim.o(i.TIM_TI1_ConfigInputStage)
    i.TIM_TI1_SetConfig                      0x08003da0   Section        0  stm32g4xx_hal_tim.o(i.TIM_TI1_SetConfig)
    i.TIM_TI2_ConfigInputStage               0x08003e0c   Section        0  stm32g4xx_hal_tim.o(i.TIM_TI2_ConfigInputStage)
    TIM_TI2_ConfigInputStage                 0x08003e0d   Thumb Code    36  stm32g4xx_hal_tim.o(i.TIM_TI2_ConfigInputStage)
    i.TIM_TI2_SetConfig                      0x08003e30   Section        0  stm32g4xx_hal_tim.o(i.TIM_TI2_SetConfig)
    TIM_TI2_SetConfig                        0x08003e31   Thumb Code    54  stm32g4xx_hal_tim.o(i.TIM_TI2_SetConfig)
    i.UsageFault_Handler                     0x08003e66   Section        0  stm32g4xx_it.o(i.UsageFault_Handler)
    i.__0sprintf                             0x08003e68   Section        0  printfa.o(i.__0sprintf)
    i.__NVIC_SetPriority                     0x08003e90   Section        0  stm32g4xx_hal_cortex.o(i.__NVIC_SetPriority)
    __NVIC_SetPriority                       0x08003e91   Thumb Code    32  stm32g4xx_hal_cortex.o(i.__NVIC_SetPriority)
    i.__scatterload_copy                     0x08003eb0   Section       14  handlers.o(i.__scatterload_copy)
    i.__scatterload_null                     0x08003ebe   Section        2  handlers.o(i.__scatterload_null)
    i.__scatterload_zeroinit                 0x08003ec0   Section       14  handlers.o(i.__scatterload_zeroinit)
    i._fp_digits                             0x08003ed0   Section        0  printfa.o(i._fp_digits)
    _fp_digits                               0x08003ed1   Thumb Code   366  printfa.o(i._fp_digits)
    i._printf_core                           0x08004054   Section        0  printfa.o(i._printf_core)
    _printf_core                             0x08004055   Thumb Code  1744  printfa.o(i._printf_core)
    i._printf_post_padding                   0x08004730   Section        0  printfa.o(i._printf_post_padding)
    _printf_post_padding                     0x08004731   Thumb Code    36  printfa.o(i._printf_post_padding)
    i._printf_pre_padding                    0x08004754   Section        0  printfa.o(i._printf_pre_padding)
    _printf_pre_padding                      0x08004755   Thumb Code    46  printfa.o(i._printf_pre_padding)
    i._sputc                                 0x08004782   Section        0  printfa.o(i._sputc)
    _sputc                                   0x08004783   Thumb Code    10  printfa.o(i._sputc)
    i.main                                   0x0800478c   Section        0  main.o(i.main)
    .constdata                               0x0800486c   Section     4560  lcd.o(.constdata)
    .constdata                               0x08005a3c   Section       16  system_stm32g4xx.o(.constdata)
    .data                                    0x20000000   Section        6  lcd.o(.data)
    TextColor                                0x20000000   Data           2  lcd.o(.data)
    BackColor                                0x20000002   Data           2  lcd.o(.data)
    .data                                    0x20000008   Section       72  main.o(.data)
    count                                    0x20000008   Data           1  main.o(.data)
    count                                    0x20000009   Data           1  main.o(.data)
    count                                    0x2000000a   Data           1  main.o(.data)
    count                                    0x2000000b   Data           1  main.o(.data)
    flag1                                    0x2000000c   Data           1  main.o(.data)
    flag2                                    0x2000000d   Data           1  main.o(.data)
    IC2_Num                                  0x20000014   Data           2  main.o(.data)
    IC3_Num                                  0x20000016   Data           2  main.o(.data)
    IC2_Num1                                 0x20000018   Data           2  main.o(.data)
    IC3_Num1                                 0x2000001a   Data           2  main.o(.data)
    IC2_Num2                                 0x2000001c   Data           2  main.o(.data)
    IC3_Num2                                 0x2000001e   Data           2  main.o(.data)
    tick                                     0x20000020   Data           4  main.o(.data)
    tick                                     0x20000024   Data           4  main.o(.data)
    tick                                     0x20000028   Data           4  main.o(.data)
    tick                                     0x2000002c   Data           4  main.o(.data)
    tick                                     0x20000030   Data           4  main.o(.data)
    tick                                     0x20000034   Data           4  main.o(.data)
    tick                                     0x20000038   Data           4  main.o(.data)
    .data                                    0x20000050   Section        4  system_stm32g4xx.o(.data)
    .data                                    0x20000054   Section       12  stm32g4xx_hal.o(.data)
    .bss                                     0x20000060   Section       30  main.o(.bss)
    .bss                                     0x20000080   Section      204  adc.o(.bss)
    .bss                                     0x2000014c   Section      152  tim.o(.bss)
    STACK                                    0x200001e8   Section     1024  startup_stm32g431xx.o(STACK)

    Global Symbols

    Symbol Name                              Value     Ov Type        Size  Object(Section)

    BuildAttributes$$THM_ISAv4$E$P$D$K$B$S$7EM$VFPi3$EXTD16$VFPS$VFMA$PE$A:L22UL41UL21$X:L11$S22US41US21$IEEE1$IW$USESV6$~STKCKD$USESV7$~SHL$OSPACE$ROPI$EBA8$MICROLIB$REQ8$PRES8$EABIv2 0x00000000   Number         0  anon$$obj.o ABSOLUTE
    __ARM_use_no_argv                        0x00000000   Number         0  main.o ABSOLUTE
    _printf_a                                0x00000000   Number         0  stubs.o ABSOLUTE
    _printf_c                                0x00000000   Number         0  stubs.o ABSOLUTE
    _printf_charcount                        0x00000000   Number         0  stubs.o ABSOLUTE
    _printf_d                                0x00000000   Number         0  stubs.o ABSOLUTE
    _printf_e                                0x00000000   Number         0  stubs.o ABSOLUTE
    _printf_f                                0x00000000   Number         0  stubs.o ABSOLUTE
    _printf_flags                            0x00000000   Number         0  stubs.o ABSOLUTE
    _printf_fp_dec                           0x00000000   Number         0  stubs.o ABSOLUTE
    _printf_fp_hex                           0x00000000   Number         0  stubs.o ABSOLUTE
    _printf_g                                0x00000000   Number         0  stubs.o ABSOLUTE
    _printf_i                                0x00000000   Number         0  stubs.o ABSOLUTE
    _printf_int_dec                          0x00000000   Number         0  stubs.o ABSOLUTE
    _printf_l                                0x00000000   Number         0  stubs.o ABSOLUTE
    _printf_lc                               0x00000000   Number         0  stubs.o ABSOLUTE
    _printf_ll                               0x00000000   Number         0  stubs.o ABSOLUTE
    _printf_lld                              0x00000000   Number         0  stubs.o ABSOLUTE
    _printf_lli                              0x00000000   Number         0  stubs.o ABSOLUTE
    _printf_llo                              0x00000000   Number         0  stubs.o ABSOLUTE
    _printf_llu                              0x00000000   Number         0  stubs.o ABSOLUTE
    _printf_llx                              0x00000000   Number         0  stubs.o ABSOLUTE
    _printf_longlong_dec                     0x00000000   Number         0  stubs.o ABSOLUTE
    _printf_longlong_hex                     0x00000000   Number         0  stubs.o ABSOLUTE
    _printf_longlong_oct                     0x00000000   Number         0  stubs.o ABSOLUTE
    _printf_ls                               0x00000000   Number         0  stubs.o ABSOLUTE
    _printf_mbtowc                           0x00000000   Number         0  stubs.o ABSOLUTE
    _printf_n                                0x00000000   Number         0  stubs.o ABSOLUTE
    _printf_o                                0x00000000   Number         0  stubs.o ABSOLUTE
    _printf_p                                0x00000000   Number         0  stubs.o ABSOLUTE
    _printf_percent                          0x00000000   Number         0  stubs.o ABSOLUTE
    _printf_pre_padding                      0x00000000   Number         0  stubs.o ABSOLUTE
    _printf_return_value                     0x00000000   Number         0  stubs.o ABSOLUTE
    _printf_s                                0x00000000   Number         0  stubs.o ABSOLUTE
    _printf_sizespec                         0x00000000   Number         0  stubs.o ABSOLUTE
    _printf_str                              0x00000000   Number         0  stubs.o ABSOLUTE
    _printf_truncate_signed                  0x00000000   Number         0  stubs.o ABSOLUTE
    _printf_truncate_unsigned                0x00000000   Number         0  stubs.o ABSOLUTE
    _printf_u                                0x00000000   Number         0  stubs.o ABSOLUTE
    _printf_wc                               0x00000000   Number         0  stubs.o ABSOLUTE
    _printf_wctomb                           0x00000000   Number         0  stubs.o ABSOLUTE
    _printf_widthprec                        0x00000000   Number         0  stubs.o ABSOLUTE
    _printf_x                                0x00000000   Number         0  stubs.o ABSOLUTE
    __cpp_initialize__aeabi_                  - Undefined Weak Reference
    __cxa_finalize                            - Undefined Weak Reference
    __decompress                              - Undefined Weak Reference
    _clock_init                               - Undefined Weak Reference
    _microlib_exit                            - Undefined Weak Reference
    __Vectors_Size                           0x000001d8   Number         0  startup_stm32g431xx.o ABSOLUTE
    __Vectors                                0x08000000   Data           4  startup_stm32g431xx.o(RESET)
    __Vectors_End                            0x080001d8   Data           0  startup_stm32g431xx.o(RESET)
    __main                                   0x080001d9   Thumb Code     0  entry.o(.ARM.Collect$$$$00000000)
    _main_stk                                0x080001d9   Thumb Code     0  entry2.o(.ARM.Collect$$$$00000001)
    _main_scatterload                        0x080001dd   Thumb Code     0  entry5.o(.ARM.Collect$$$$00000004)
    __main_after_scatterload                 0x080001e1   Thumb Code     0  entry5.o(.ARM.Collect$$$$00000004)
    _main_clock                              0x080001e1   Thumb Code     0  entry7b.o(.ARM.Collect$$$$00000008)
    _main_cpp_init                           0x080001e1   Thumb Code     0  entry8b.o(.ARM.Collect$$$$0000000A)
    _main_init                               0x080001e1   Thumb Code     0  entry9a.o(.ARM.Collect$$$$0000000B)
    __rt_final_cpp                           0x080001e9   Thumb Code     0  entry10a.o(.ARM.Collect$$$$0000000D)
    __rt_final_exit                          0x080001e9   Thumb Code     0  entry11a.o(.ARM.Collect$$$$0000000F)
    Reset_Handler                            0x080001ed   Thumb Code     8  startup_stm32g431xx.o(.text)
    ADC1_2_IRQHandler                        0x08000207   Thumb Code     0  startup_stm32g431xx.o(.text)
    COMP1_2_3_IRQHandler                     0x08000207   Thumb Code     0  startup_stm32g431xx.o(.text)
    COMP4_IRQHandler                         0x08000207   Thumb Code     0  startup_stm32g431xx.o(.text)
    CORDIC_IRQHandler                        0x08000207   Thumb Code     0  startup_stm32g431xx.o(.text)
    CRS_IRQHandler                           0x08000207   Thumb Code     0  startup_stm32g431xx.o(.text)
    DMA1_Channel1_IRQHandler                 0x08000207   Thumb Code     0  startup_stm32g431xx.o(.text)
    DMA1_Channel2_IRQHandler                 0x08000207   Thumb Code     0  startup_stm32g431xx.o(.text)
    DMA1_Channel3_IRQHandler                 0x08000207   Thumb Code     0  startup_stm32g431xx.o(.text)
    DMA1_Channel4_IRQHandler                 0x08000207   Thumb Code     0  startup_stm32g431xx.o(.text)
    DMA1_Channel5_IRQHandler                 0x08000207   Thumb Code     0  startup_stm32g431xx.o(.text)
    DMA1_Channel6_IRQHandler                 0x08000207   Thumb Code     0  startup_stm32g431xx.o(.text)
    DMA2_Channel1_IRQHandler                 0x08000207   Thumb Code     0  startup_stm32g431xx.o(.text)
    DMA2_Channel2_IRQHandler                 0x08000207   Thumb Code     0  startup_stm32g431xx.o(.text)
    DMA2_Channel3_IRQHandler                 0x08000207   Thumb Code     0  startup_stm32g431xx.o(.text)
    DMA2_Channel4_IRQHandler                 0x08000207   Thumb Code     0  startup_stm32g431xx.o(.text)
    DMA2_Channel5_IRQHandler                 0x08000207   Thumb Code     0  startup_stm32g431xx.o(.text)
    DMA2_Channel6_IRQHandler                 0x08000207   Thumb Code     0  startup_stm32g431xx.o(.text)
    DMAMUX_OVR_IRQHandler                    0x08000207   Thumb Code     0  startup_stm32g431xx.o(.text)
    EXTI0_IRQHandler                         0x08000207   Thumb Code     0  startup_stm32g431xx.o(.text)
    EXTI15_10_IRQHandler                     0x08000207   Thumb Code     0  startup_stm32g431xx.o(.text)
    EXTI1_IRQHandler                         0x08000207   Thumb Code     0  startup_stm32g431xx.o(.text)
    EXTI2_IRQHandler                         0x08000207   Thumb Code     0  startup_stm32g431xx.o(.text)
    EXTI3_IRQHandler                         0x08000207   Thumb Code     0  startup_stm32g431xx.o(.text)
    EXTI4_IRQHandler                         0x08000207   Thumb Code     0  startup_stm32g431xx.o(.text)
    EXTI9_5_IRQHandler                       0x08000207   Thumb Code     0  startup_stm32g431xx.o(.text)
    FDCAN1_IT0_IRQHandler                    0x08000207   Thumb Code     0  startup_stm32g431xx.o(.text)
    FDCAN1_IT1_IRQHandler                    0x08000207   Thumb Code     0  startup_stm32g431xx.o(.text)
    FLASH_IRQHandler                         0x08000207   Thumb Code     0  startup_stm32g431xx.o(.text)
    FMAC_IRQHandler                          0x08000207   Thumb Code     0  startup_stm32g431xx.o(.text)
    FPU_IRQHandler                           0x08000207   Thumb Code     0  startup_stm32g431xx.o(.text)
    I2C1_ER_IRQHandler                       0x08000207   Thumb Code     0  startup_stm32g431xx.o(.text)
    I2C1_EV_IRQHandler                       0x08000207   Thumb Code     0  startup_stm32g431xx.o(.text)
    I2C2_ER_IRQHandler                       0x08000207   Thumb Code     0  startup_stm32g431xx.o(.text)
    I2C2_EV_IRQHandler                       0x08000207   Thumb Code     0  startup_stm32g431xx.o(.text)
    I2C3_ER_IRQHandler                       0x08000207   Thumb Code     0  startup_stm32g431xx.o(.text)
    I2C3_EV_IRQHandler                       0x08000207   Thumb Code     0  startup_stm32g431xx.o(.text)
    LPTIM1_IRQHandler                        0x08000207   Thumb Code     0  startup_stm32g431xx.o(.text)
    LPUART1_IRQHandler                       0x08000207   Thumb Code     0  startup_stm32g431xx.o(.text)
    PVD_PVM_IRQHandler                       0x08000207   Thumb Code     0  startup_stm32g431xx.o(.text)
    RCC_IRQHandler                           0x08000207   Thumb Code     0  startup_stm32g431xx.o(.text)
    RNG_IRQHandler                           0x08000207   Thumb Code     0  startup_stm32g431xx.o(.text)
    RTC_Alarm_IRQHandler                     0x08000207   Thumb Code     0  startup_stm32g431xx.o(.text)
    RTC_TAMP_LSECSS_IRQHandler               0x08000207   Thumb Code     0  startup_stm32g431xx.o(.text)
    RTC_WKUP_IRQHandler                      0x08000207   Thumb Code     0  startup_stm32g431xx.o(.text)
    SAI1_IRQHandler                          0x08000207   Thumb Code     0  startup_stm32g431xx.o(.text)
    SPI1_IRQHandler                          0x08000207   Thumb Code     0  startup_stm32g431xx.o(.text)
    SPI2_IRQHandler                          0x08000207   Thumb Code     0  startup_stm32g431xx.o(.text)
    SPI3_IRQHandler                          0x08000207   Thumb Code     0  startup_stm32g431xx.o(.text)
    TIM1_BRK_TIM15_IRQHandler                0x08000207   Thumb Code     0  startup_stm32g431xx.o(.text)
    TIM1_CC_IRQHandler                       0x08000207   Thumb Code     0  startup_stm32g431xx.o(.text)
    TIM1_TRG_COM_TIM17_IRQHandler            0x08000207   Thumb Code     0  startup_stm32g431xx.o(.text)
    TIM1_UP_TIM16_IRQHandler                 0x08000207   Thumb Code     0  startup_stm32g431xx.o(.text)
    TIM3_IRQHandler                          0x08000207   Thumb Code     0  startup_stm32g431xx.o(.text)
    TIM4_IRQHandler                          0x08000207   Thumb Code     0  startup_stm32g431xx.o(.text)
    TIM6_DAC_IRQHandler                      0x08000207   Thumb Code     0  startup_stm32g431xx.o(.text)
    TIM7_DAC_IRQHandler                      0x08000207   Thumb Code     0  startup_stm32g431xx.o(.text)
    TIM8_BRK_IRQHandler                      0x08000207   Thumb Code     0  startup_stm32g431xx.o(.text)
    TIM8_CC_IRQHandler                       0x08000207   Thumb Code     0  startup_stm32g431xx.o(.text)
    TIM8_TRG_COM_IRQHandler                  0x08000207   Thumb Code     0  startup_stm32g431xx.o(.text)
    TIM8_UP_IRQHandler                       0x08000207   Thumb Code     0  startup_stm32g431xx.o(.text)
    UART4_IRQHandler                         0x08000207   Thumb Code     0  startup_stm32g431xx.o(.text)
    UCPD1_IRQHandler                         0x08000207   Thumb Code     0  startup_stm32g431xx.o(.text)
    USART1_IRQHandler                        0x08000207   Thumb Code     0  startup_stm32g431xx.o(.text)
    USART2_IRQHandler                        0x08000207   Thumb Code     0  startup_stm32g431xx.o(.text)
    USART3_IRQHandler                        0x08000207   Thumb Code     0  startup_stm32g431xx.o(.text)
    USBWakeUp_IRQHandler                     0x08000207   Thumb Code     0  startup_stm32g431xx.o(.text)
    USB_HP_IRQHandler                        0x08000207   Thumb Code     0  startup_stm32g431xx.o(.text)
    USB_LP_IRQHandler                        0x08000207   Thumb Code     0  startup_stm32g431xx.o(.text)
    WWDG_IRQHandler                          0x08000207   Thumb Code     0  startup_stm32g431xx.o(.text)
    __aeabi_memset                           0x08000211   Thumb Code    14  memseta.o(.text)
    __aeabi_memset4                          0x08000211   Thumb Code     0  memseta.o(.text)
    __aeabi_memset8                          0x08000211   Thumb Code     0  memseta.o(.text)
    __aeabi_memclr                           0x0800021f   Thumb Code     4  memseta.o(.text)
    __aeabi_memclr4                          0x0800021f   Thumb Code     0  memseta.o(.text)
    __aeabi_memclr8                          0x0800021f   Thumb Code     0  memseta.o(.text)
    _memset$wrapper                          0x08000223   Thumb Code    18  memseta.o(.text)
    __aeabi_f2d                              0x08000235   Thumb Code    38  f2d.o(.text)
    __aeabi_uidiv                            0x0800025b   Thumb Code     0  uidiv.o(.text)
    __aeabi_uidivmod                         0x0800025b   Thumb Code    44  uidiv.o(.text)
    __aeabi_uldivmod                         0x08000287   Thumb Code    98  uldiv.o(.text)
    __I$use$fp                               0x080002e9   Thumb Code     0  iusefp.o(.text)
    __aeabi_dadd                             0x080002e9   Thumb Code   322  dadd.o(.text)
    __aeabi_dsub                             0x0800042b   Thumb Code     6  dadd.o(.text)
    __aeabi_drsub                            0x08000431   Thumb Code     6  dadd.o(.text)
    __aeabi_dmul                             0x08000437   Thumb Code   228  dmul.o(.text)
    __aeabi_ddiv                             0x0800051b   Thumb Code   222  ddiv.o(.text)
    __aeabi_d2ulz                            0x080005f9   Thumb Code    48  dfixul.o(.text)
    __aeabi_cdrcmple                         0x08000629   Thumb Code    48  cdrcmple.o(.text)
    __scatterload                            0x08000659   Thumb Code    28  init.o(.text)
    __scatterload_rt2                        0x08000659   Thumb Code     0  init.o(.text)
    __aeabi_llsl                             0x0800067d   Thumb Code    30  llshl.o(.text)
    _ll_shift_l                              0x0800067d   Thumb Code     0  llshl.o(.text)
    __aeabi_llsr                             0x0800069b   Thumb Code    32  llushr.o(.text)
    _ll_ushift_r                             0x0800069b   Thumb Code     0  llushr.o(.text)
    __aeabi_lasr                             0x080006bb   Thumb Code    36  llsshr.o(.text)
    _ll_sshift_r                             0x080006bb   Thumb Code     0  llsshr.o(.text)
    _double_round                            0x080006df   Thumb Code    30  depilogue.o(.text)
    _double_epilogue                         0x080006fd   Thumb Code   156  depilogue.o(.text)
    ADC_DMAConvCplt                          0x08000799   Thumb Code   104  stm32g4xx_hal_adc.o(i.ADC_DMAConvCplt)
    ADC_DMAError                             0x08000801   Thumb Code    26  stm32g4xx_hal_adc.o(i.ADC_DMAError)
    ADC_DMAHalfConvCplt                      0x0800081b   Thumb Code    10  stm32g4xx_hal_adc.o(i.ADC_DMAHalfConvCplt)
    ADC_Enable                               0x08000825   Thumb Code   100  stm32g4xx_hal_adc.o(i.ADC_Enable)
    ADC_Get                                  0x0800088d   Thumb Code    84  main.o(i.ADC_Get)
    BusFault_Handler                         0x080008f5   Thumb Code     2  stm32g4xx_it.o(i.BusFault_Handler)
    DebugMon_Handler                         0x0800099b   Thumb Code     2  stm32g4xx_it.o(i.DebugMon_Handler)
    Delay_LCD                                0x0800099d   Thumb Code    28  lcd.o(i.Delay_LCD)
    Error_Handler                            0x080009b9   Thumb Code     2  main.o(i.Error_Handler)
    HAL_ADC_ConfigChannel                    0x080009bd   Thumb Code  1004  stm32g4xx_hal_adc.o(i.HAL_ADC_ConfigChannel)
    HAL_ADC_ConvCpltCallback                 0x08000ddd   Thumb Code     2  stm32g4xx_hal_adc.o(i.HAL_ADC_ConvCpltCallback)
    HAL_ADC_ConvHalfCpltCallback             0x08000ddf   Thumb Code     2  stm32g4xx_hal_adc.o(i.HAL_ADC_ConvHalfCpltCallback)
    HAL_ADC_ErrorCallback                    0x08000de1   Thumb Code     2  stm32g4xx_hal_adc.o(i.HAL_ADC_ErrorCallback)
    HAL_ADC_Init                             0x08000de5   Thumb Code   472  stm32g4xx_hal_adc.o(i.HAL_ADC_Init)
    HAL_ADC_MspInit                          0x08000fdd   Thumb Code   130  adc.o(i.HAL_ADC_MspInit)
    HAL_ADC_Start                            0x08001071   Thumb Code   230  stm32g4xx_hal_adc.o(i.HAL_ADC_Start)
    HAL_ADC_Start_DMA                        0x08001165   Thumb Code   214  stm32g4xx_hal_adc.o(i.HAL_ADC_Start_DMA)
    HAL_DMA_Init                             0x08001255   Thumb Code   178  stm32g4xx_hal_dma.o(i.HAL_DMA_Init)
    HAL_DMA_Start_IT                         0x08001315   Thumb Code   140  stm32g4xx_hal_dma.o(i.HAL_DMA_Start_IT)
    HAL_Delay                                0x080013a1   Thumb Code    32  stm32g4xx_hal.o(i.HAL_Delay)
    HAL_GPIO_Init                            0x080013c5   Thumb Code   422  stm32g4xx_hal_gpio.o(i.HAL_GPIO_Init)
    HAL_GPIO_ReadPin                         0x0800158d   Thumb Code    10  stm32g4xx_hal_gpio.o(i.HAL_GPIO_ReadPin)
    HAL_GPIO_WritePin                        0x08001597   Thumb Code    10  stm32g4xx_hal_gpio.o(i.HAL_GPIO_WritePin)
    HAL_GetTick                              0x080015a1   Thumb Code     6  stm32g4xx_hal.o(i.HAL_GetTick)
    HAL_IncTick                              0x080015ad   Thumb Code    12  stm32g4xx_hal.o(i.HAL_IncTick)
    HAL_Init                                 0x080015bd   Thumb Code    30  stm32g4xx_hal.o(i.HAL_Init)
    HAL_InitTick                             0x080015dd   Thumb Code    58  stm32g4xx_hal.o(i.HAL_InitTick)
    HAL_MspInit                              0x08001621   Thumb Code    48  stm32g4xx_hal_msp.o(i.HAL_MspInit)
    HAL_NVIC_EnableIRQ                       0x08001659   Thumb Code    26  stm32g4xx_hal_cortex.o(i.HAL_NVIC_EnableIRQ)
    HAL_NVIC_SetPriority                     0x08001675   Thumb Code    60  stm32g4xx_hal_cortex.o(i.HAL_NVIC_SetPriority)
    HAL_NVIC_SetPriorityGrouping             0x080016b5   Thumb Code    26  stm32g4xx_hal_cortex.o(i.HAL_NVIC_SetPriorityGrouping)
    HAL_PWREx_ControlVoltageScaling          0x080016d9   Thumb Code   174  stm32g4xx_hal_pwr_ex.o(i.HAL_PWREx_ControlVoltageScaling)
    HAL_RCCEx_PeriphCLKConfig                0x08001795   Thumb Code   638  stm32g4xx_hal_rcc_ex.o(i.HAL_RCCEx_PeriphCLKConfig)
    HAL_RCC_ClockConfig                      0x08001a1d   Thumb Code   444  stm32g4xx_hal_rcc.o(i.HAL_RCC_ClockConfig)
    HAL_RCC_GetSysClockFreq                  0x08001bf9   Thumb Code    98  stm32g4xx_hal_rcc.o(i.HAL_RCC_GetSysClockFreq)
    HAL_RCC_OscConfig                        0x08001c69   Thumb Code  1036  stm32g4xx_hal_rcc.o(i.HAL_RCC_OscConfig)
    HAL_SYSTICK_Config                       0x08002075   Thumb Code    40  stm32g4xx_hal_cortex.o(i.HAL_SYSTICK_Config)
    HAL_TIMEx_Break2Callback                 0x0800209d   Thumb Code     2  stm32g4xx_hal_tim_ex.o(i.HAL_TIMEx_Break2Callback)
    HAL_TIMEx_BreakCallback                  0x0800209f   Thumb Code     2  stm32g4xx_hal_tim_ex.o(i.HAL_TIMEx_BreakCallback)
    HAL_TIMEx_CommutCallback                 0x080020a1   Thumb Code     2  stm32g4xx_hal_tim_ex.o(i.HAL_TIMEx_CommutCallback)
    HAL_TIMEx_DirectionChangeCallback        0x080020a3   Thumb Code     2  stm32g4xx_hal_tim_ex.o(i.HAL_TIMEx_DirectionChangeCallback)
    HAL_TIMEx_EncoderIndexCallback           0x080020a5   Thumb Code     2  stm32g4xx_hal_tim_ex.o(i.HAL_TIMEx_EncoderIndexCallback)
    HAL_TIMEx_IndexErrorCallback             0x080020a7   Thumb Code     2  stm32g4xx_hal_tim_ex.o(i.HAL_TIMEx_IndexErrorCallback)
    HAL_TIMEx_MasterConfigSynchronization    0x080020a9   Thumb Code   132  stm32g4xx_hal_tim_ex.o(i.HAL_TIMEx_MasterConfigSynchronization)
    HAL_TIMEx_TransitionErrorCallback        0x08002145   Thumb Code     2  stm32g4xx_hal_tim_ex.o(i.HAL_TIMEx_TransitionErrorCallback)
    HAL_TIM_Base_Init                        0x08002147   Thumb Code    98  stm32g4xx_hal_tim.o(i.HAL_TIM_Base_Init)
    HAL_TIM_Base_MspInit                     0x080021a9   Thumb Code   104  tim.o(i.HAL_TIM_Base_MspInit)
    HAL_TIM_ConfigClockSource                0x08002215   Thumb Code   244  stm32g4xx_hal_tim.o(i.HAL_TIM_ConfigClockSource)
    HAL_TIM_IC_CaptureCallback               0x08002311   Thumb Code   186  main.o(i.HAL_TIM_IC_CaptureCallback)
    HAL_TIM_IC_ConfigChannel                 0x080023d9   Thumb Code   270  stm32g4xx_hal_tim.o(i.HAL_TIM_IC_ConfigChannel)
    HAL_TIM_IC_Init                          0x080024e7   Thumb Code    98  stm32g4xx_hal_tim.o(i.HAL_TIM_IC_Init)
    HAL_TIM_IC_MspInit                       0x08002549   Thumb Code     2  stm32g4xx_hal_tim.o(i.HAL_TIM_IC_MspInit)
    HAL_TIM_IC_Start_IT                      0x0800254d   Thumb Code   236  stm32g4xx_hal_tim.o(i.HAL_TIM_IC_Start_IT)
    HAL_TIM_IRQHandler                       0x0800263d   Thumb Code   508  stm32g4xx_hal_tim.o(i.HAL_TIM_IRQHandler)
    HAL_TIM_MspPostInit                      0x08002839   Thumb Code    70  tim.o(i.HAL_TIM_MspPostInit)
    HAL_TIM_OC_DelayElapsedCallback          0x08002889   Thumb Code     2  stm32g4xx_hal_tim.o(i.HAL_TIM_OC_DelayElapsedCallback)
    HAL_TIM_PWM_ConfigChannel                0x0800288b   Thumb Code   286  stm32g4xx_hal_tim.o(i.HAL_TIM_PWM_ConfigChannel)
    HAL_TIM_PWM_Init                         0x080029a9   Thumb Code    98  stm32g4xx_hal_tim.o(i.HAL_TIM_PWM_Init)
    HAL_TIM_PWM_MspInit                      0x08002a0d   Thumb Code    30  tim.o(i.HAL_TIM_PWM_MspInit)
    HAL_TIM_PWM_PulseFinishedCallback        0x08002a35   Thumb Code     2  stm32g4xx_hal_tim.o(i.HAL_TIM_PWM_PulseFinishedCallback)
    HAL_TIM_PeriodElapsedCallback            0x08002a37   Thumb Code     2  stm32g4xx_hal_tim.o(i.HAL_TIM_PeriodElapsedCallback)
    HAL_TIM_TriggerCallback                  0x08002a39   Thumb Code     2  stm32g4xx_hal_tim.o(i.HAL_TIM_TriggerCallback)
    HardFault_Handler                        0x08002a3b   Thumb Code     2  stm32g4xx_it.o(i.HardFault_Handler)
    KEY1                                     0x08002a3d   Thumb Code    60  main.o(i.KEY1)
    KEY2                                     0x08002a85   Thumb Code    84  main.o(i.KEY2)
    KEY3                                     0x08002ae5   Thumb Code    84  main.o(i.KEY3)
    KEY4                                     0x08002b45   Thumb Code    62  main.o(i.KEY4)
    KEY_Proc                                 0x08002b8d   Thumb Code    32  main.o(i.KEY_Proc)
    LCD_BusIn                                0x08002bb1   Thumb Code    40  lcd.o(i.LCD_BusIn)
    LCD_BusOut                               0x08002bdd   Thumb Code    42  lcd.o(i.LCD_BusOut)
    LCD_Clear                                0x08002c0d   Thumb Code    36  lcd.o(i.LCD_Clear)
    LCD_CtrlLinesConfig                      0x08002c31   Thumb Code   136  lcd.o(i.LCD_CtrlLinesConfig)
    LCD_DisplayChar                          0x08002cc1   Thumb Code    18  lcd.o(i.LCD_DisplayChar)
    LCD_DisplayStringLine                    0x08002cd9   Thumb Code    42  lcd.o(i.LCD_DisplayStringLine)
    LCD_DrawChar                             0x08002d05   Thumb Code    84  lcd.o(i.LCD_DrawChar)
    LCD_Init                                 0x08002d5d   Thumb Code    46  lcd.o(i.LCD_Init)
    LCD_Proc                                 0x08002d91   Thumb Code   246  main.o(i.LCD_Proc)
    LCD_ReadReg                              0x08002f51   Thumb Code   120  lcd.o(i.LCD_ReadReg)
    LCD_SetBackColor                         0x08002fd1   Thumb Code    12  lcd.o(i.LCD_SetBackColor)
    LCD_SetCursor                            0x08002fe1   Thumb Code    24  lcd.o(i.LCD_SetCursor)
    LCD_SetTextColor                         0x08002ff9   Thumb Code    12  lcd.o(i.LCD_SetTextColor)
    LCD_WriteRAM                             0x08003009   Thumb Code    88  lcd.o(i.LCD_WriteRAM)
    LCD_WriteRAM_Prepare                     0x08003069   Thumb Code    90  lcd.o(i.LCD_WriteRAM_Prepare)
    LCD_WriteReg                             0x080030cd   Thumb Code   106  lcd.o(i.LCD_WriteReg)
    LED_Init                                 0x08003141   Thumb Code    40  gpio.o(i.LED_Init)
    LED_On_Off                               0x08003171   Thumb Code    58  gpio.o(i.LED_On_Off)
    LED_Proc                                 0x080031b9   Thumb Code    96  main.o(i.LED_Proc)
    MX_ADC2_Init                             0x08003279   Thumb Code   132  adc.o(i.MX_ADC2_Init)
    MX_DMA_Init                              0x0800330d   Thumb Code    38  dma.o(i.MX_DMA_Init)
    MX_GPIO_Init                             0x08003339   Thumb Code   268  gpio.o(i.MX_GPIO_Init)
    MX_TIM2_Init                             0x08003455   Thumb Code   160  tim.o(i.MX_TIM2_Init)
    MX_TIM3_Init                             0x080034f9   Thumb Code   102  tim.o(i.MX_TIM3_Init)
    MemManage_Handler                        0x08003569   Thumb Code     2  stm32g4xx_it.o(i.MemManage_Handler)
    NMI_Handler                              0x0800356b   Thumb Code     2  stm32g4xx_it.o(i.NMI_Handler)
    PWM_Proc                                 0x0800356d   Thumb Code    46  main.o(i.PWM_Proc)
    PendSV_Handler                           0x080035a9   Thumb Code     2  stm32g4xx_it.o(i.PendSV_Handler)
    REG_8230_Init                            0x080035ab   Thumb Code   274  lcd.o(i.REG_8230_Init)
    REG_932X_Init                            0x080036bd   Thumb Code   514  lcd.o(i.REG_932X_Init)
    SVC_Handler                              0x080038bf   Thumb Code     2  stm32g4xx_it.o(i.SVC_Handler)
    SysTick_Handler                          0x080038c1   Thumb Code     4  stm32g4xx_it.o(i.SysTick_Handler)
    SystemClock_Config                       0x080038c5   Thumb Code   112  main.o(i.SystemClock_Config)
    SystemInit                               0x08003935   Thumb Code    22  system_stm32g4xx.o(i.SystemInit)
    TIM2_IRQHandler                          0x08003951   Thumb Code     6  stm32g4xx_it.o(i.TIM2_IRQHandler)
    TIM_Base_SetConfig                       0x0800395d   Thumb Code   146  stm32g4xx_hal_tim.o(i.TIM_Base_SetConfig)
    TIM_CCxChannelCmd                        0x08003a0d   Thumb Code    26  stm32g4xx_hal_tim.o(i.TIM_CCxChannelCmd)
    TIM_ETR_SetConfig                        0x08003a27   Thumb Code    20  stm32g4xx_hal_tim.o(i.TIM_ETR_SetConfig)
    TIM_OC2_SetConfig                        0x08003aed   Thumb Code   120  stm32g4xx_hal_tim.o(i.TIM_OC2_SetConfig)
    TIM_TI1_SetConfig                        0x08003da1   Thumb Code    88  stm32g4xx_hal_tim.o(i.TIM_TI1_SetConfig)
    UsageFault_Handler                       0x08003e67   Thumb Code     2  stm32g4xx_it.o(i.UsageFault_Handler)
    __0sprintf                               0x08003e69   Thumb Code    34  printfa.o(i.__0sprintf)
    __1sprintf                               0x08003e69   Thumb Code     0  printfa.o(i.__0sprintf)
    __2sprintf                               0x08003e69   Thumb Code     0  printfa.o(i.__0sprintf)
    __c89sprintf                             0x08003e69   Thumb Code     0  printfa.o(i.__0sprintf)
    sprintf                                  0x08003e69   Thumb Code     0  printfa.o(i.__0sprintf)
    __scatterload_copy                       0x08003eb1   Thumb Code    14  handlers.o(i.__scatterload_copy)
    __scatterload_null                       0x08003ebf   Thumb Code     2  handlers.o(i.__scatterload_null)
    __scatterload_zeroinit                   0x08003ec1   Thumb Code    14  handlers.o(i.__scatterload_zeroinit)
    main                                     0x0800478d   Thumb Code   158  main.o(i.main)
    ASCII_Table                              0x0800486c   Data        4560  lcd.o(.constdata)
    AHBPrescTable                            0x08005a3c   Data          16  system_stm32g4xx.o(.constdata)
    Region$$Table$$Base                      0x08005a4c   Number         0  anon$$obj.o(Region$$Table)
    Region$$Table$$Limit                     0x08005a6c   Number         0  anon$$obj.o(Region$$Table)
    dummy                                    0x20000004   Data           2  lcd.o(.data)
    LCD_Flag                                 0x2000000e   Data           1  main.o(.data)
    PA7_Change                               0x2000000f   Data           1  main.o(.data)
    VD                                       0x20000010   Data           2  main.o(.data)
    FD                                       0x20000012   Data           2  main.o(.data)
    DMA_value                                0x2000003c   Data           4  main.o(.data)
    IC2_Frep                                 0x20000040   Data           4  main.o(.data)
    IC3_Frep                                 0x20000044   Data           4  main.o(.data)
    V1                                       0x20000048   Data           4  main.o(.data)
    V2                                       0x2000004c   Data           4  main.o(.data)
    SystemCoreClock                          0x20000050   Data           4  system_stm32g4xx.o(.data)
    uwTickPrio                               0x20000054   Data           4  stm32g4xx_hal.o(.data)
    uwTickFreq                               0x20000058   Data           4  stm32g4xx_hal.o(.data)
    uwTick                                   0x2000005c   Data           4  stm32g4xx_hal.o(.data)
    buff                                     0x20000060   Data          30  main.o(.bss)
    hadc2                                    0x20000080   Data         108  adc.o(.bss)
    hdma_adc2                                0x200000ec   Data          96  adc.o(.bss)
    htim2                                    0x2000014c   Data          76  tim.o(.bss)
    htim3                                    0x20000198   Data          76  tim.o(.bss)
    __initial_sp                             0x200005e8   Data           0  startup_stm32g431xx.o(STACK)



==============================================================================

Memory Map of the image

  Image Entry point : 0x080001d9

  Load Region LR_IROM1 (Base: 0x08000000, Size: 0x00005acc, Max: 0x00020000, ABSOLUTE)

    Execution Region ER_IROM1 (Exec base: 0x08000000, Load base: 0x08000000, Size: 0x00005a6c, Max: 0x00020000, ABSOLUTE)

    Exec Addr    Load Addr    Size         Type   Attr      Idx    E Section Name        Object

    0x08000000   0x08000000   0x000001d8   Data   RO            3    RESET               startup_stm32g431xx.o
    0x080001d8   0x080001d8   0x00000000   Code   RO         3828  * .ARM.Collect$$$$00000000  mc_w.l(entry.o)
    0x080001d8   0x080001d8   0x00000004   Code   RO         4096    .ARM.Collect$$$$00000001  mc_w.l(entry2.o)
    0x080001dc   0x080001dc   0x00000004   Code   RO         4099    .ARM.Collect$$$$00000004  mc_w.l(entry5.o)
    0x080001e0   0x080001e0   0x00000000   Code   RO         4101    .ARM.Collect$$$$00000008  mc_w.l(entry7b.o)
    0x080001e0   0x080001e0   0x00000000   Code   RO         4103    .ARM.Collect$$$$0000000A  mc_w.l(entry8b.o)
    0x080001e0   0x080001e0   0x00000008   Code   RO         4104    .ARM.Collect$$$$0000000B  mc_w.l(entry9a.o)
    0x080001e8   0x080001e8   0x00000000   Code   RO         4106    .ARM.Collect$$$$0000000D  mc_w.l(entry10a.o)
    0x080001e8   0x080001e8   0x00000000   Code   RO         4108    .ARM.Collect$$$$0000000F  mc_w.l(entry11a.o)
    0x080001e8   0x080001e8   0x00000004   Code   RO         4097    .ARM.Collect$$$$00002712  mc_w.l(entry2.o)
    0x080001ec   0x080001ec   0x00000024   Code   RO            4    .text               startup_stm32g431xx.o
    0x08000210   0x08000210   0x00000024   Code   RO         3831    .text               mc_w.l(memseta.o)
    0x08000234   0x08000234   0x00000026   Code   RO         4094    .text               mf_w.l(f2d.o)
    0x0800025a   0x0800025a   0x0000002c   Code   RO         4113    .text               mc_w.l(uidiv.o)
    0x08000286   0x08000286   0x00000062   Code   RO         4115    .text               mc_w.l(uldiv.o)
    0x080002e8   0x080002e8   0x00000000   Code   RO         4117    .text               mc_w.l(iusefp.o)
    0x080002e8   0x080002e8   0x0000014e   Code   RO         4118    .text               mf_w.l(dadd.o)
    0x08000436   0x08000436   0x000000e4   Code   RO         4120    .text               mf_w.l(dmul.o)
    0x0800051a   0x0800051a   0x000000de   Code   RO         4122    .text               mf_w.l(ddiv.o)
    0x080005f8   0x080005f8   0x00000030   Code   RO         4124    .text               mf_w.l(dfixul.o)
    0x08000628   0x08000628   0x00000030   Code   RO         4126    .text               mf_w.l(cdrcmple.o)
    0x08000658   0x08000658   0x00000024   Code   RO         4128    .text               mc_w.l(init.o)
    0x0800067c   0x0800067c   0x0000001e   Code   RO         4131    .text               mc_w.l(llshl.o)
    0x0800069a   0x0800069a   0x00000020   Code   RO         4133    .text               mc_w.l(llushr.o)
    0x080006ba   0x080006ba   0x00000024   Code   RO         4135    .text               mc_w.l(llsshr.o)
    0x080006de   0x080006de   0x000000ba   Code   RO         4138    .text               mf_w.l(depilogue.o)
    0x08000798   0x08000798   0x00000068   Code   RO          828    i.ADC_DMAConvCplt   stm32g4xx_hal_adc.o
    0x08000800   0x08000800   0x0000001a   Code   RO          829    i.ADC_DMAError      stm32g4xx_hal_adc.o
    0x0800081a   0x0800081a   0x0000000a   Code   RO          830    i.ADC_DMAHalfConvCplt  stm32g4xx_hal_adc.o
    0x08000824   0x08000824   0x00000068   Code   RO          832    i.ADC_Enable        stm32g4xx_hal_adc.o
    0x0800088c   0x0800088c   0x00000068   Code   RO          329    i.ADC_Get           main.o
    0x080008f4   0x080008f4   0x00000002   Code   RO          614    i.BusFault_Handler  stm32g4xx_it.o
    0x080008f6   0x080008f6   0x00000002   PAD
    0x080008f8   0x080008f8   0x00000040   Code   RO         2041    i.DMA_CalcDMAMUXChannelBaseAndMask  stm32g4xx_hal_dma.o
    0x08000938   0x08000938   0x00000024   Code   RO         2042    i.DMA_CalcDMAMUXRequestGenBaseAndMask  stm32g4xx_hal_dma.o
    0x0800095c   0x0800095c   0x0000003e   Code   RO         2043    i.DMA_SetConfig     stm32g4xx_hal_dma.o
    0x0800099a   0x0800099a   0x00000002   Code   RO          615    i.DebugMon_Handler  stm32g4xx_it.o
    0x0800099c   0x0800099c   0x0000001c   Code   RO           13    i.Delay_LCD         lcd.o
    0x080009b8   0x080009b8   0x00000002   Code   RO          330    i.Error_Handler     main.o
    0x080009ba   0x080009ba   0x00000002   PAD
    0x080009bc   0x080009bc   0x00000420   Code   RO          834    i.HAL_ADC_ConfigChannel  stm32g4xx_hal_adc.o
    0x08000ddc   0x08000ddc   0x00000002   Code   RO          835    i.HAL_ADC_ConvCpltCallback  stm32g4xx_hal_adc.o
    0x08000dde   0x08000dde   0x00000002   Code   RO          836    i.HAL_ADC_ConvHalfCpltCallback  stm32g4xx_hal_adc.o
    0x08000de0   0x08000de0   0x00000002   Code   RO          838    i.HAL_ADC_ErrorCallback  stm32g4xx_hal_adc.o
    0x08000de2   0x08000de2   0x00000002   PAD
    0x08000de4   0x08000de4   0x000001f8   Code   RO          843    i.HAL_ADC_Init      stm32g4xx_hal_adc.o
    0x08000fdc   0x08000fdc   0x00000094   Code   RO          483    i.HAL_ADC_MspInit   adc.o
    0x08001070   0x08001070   0x000000f4   Code   RO          849    i.HAL_ADC_Start     stm32g4xx_hal_adc.o
    0x08001164   0x08001164   0x000000f0   Code   RO          851    i.HAL_ADC_Start_DMA  stm32g4xx_hal_adc.o
    0x08001254   0x08001254   0x000000c0   Code   RO         2050    i.HAL_DMA_Init      stm32g4xx_hal_dma.o
    0x08001314   0x08001314   0x0000008c   Code   RO         2054    i.HAL_DMA_Start_IT  stm32g4xx_hal_dma.o
    0x080013a0   0x080013a0   0x00000024   Code   RO         1281    i.HAL_Delay         stm32g4xx_hal.o
    0x080013c4   0x080013c4   0x000001c8   Code   RO          764    i.HAL_GPIO_Init     stm32g4xx_hal_gpio.o
    0x0800158c   0x0800158c   0x0000000a   Code   RO          766    i.HAL_GPIO_ReadPin  stm32g4xx_hal_gpio.o
    0x08001596   0x08001596   0x0000000a   Code   RO          768    i.HAL_GPIO_WritePin  stm32g4xx_hal_gpio.o
    0x080015a0   0x080015a0   0x0000000c   Code   RO         1285    i.HAL_GetTick       stm32g4xx_hal.o
    0x080015ac   0x080015ac   0x00000010   Code   RO         1288    i.HAL_IncTick       stm32g4xx_hal.o
    0x080015bc   0x080015bc   0x0000001e   Code   RO         1289    i.HAL_Init          stm32g4xx_hal.o
    0x080015da   0x080015da   0x00000002   PAD
    0x080015dc   0x080015dc   0x00000044   Code   RO         1290    i.HAL_InitTick      stm32g4xx_hal.o
    0x08001620   0x08001620   0x00000038   Code   RO          696    i.HAL_MspInit       stm32g4xx_hal_msp.o
    0x08001658   0x08001658   0x0000001a   Code   RO         2553    i.HAL_NVIC_EnableIRQ  stm32g4xx_hal_cortex.o
    0x08001672   0x08001672   0x00000002   PAD
    0x08001674   0x08001674   0x00000040   Code   RO         2559    i.HAL_NVIC_SetPriority  stm32g4xx_hal_cortex.o
    0x080016b4   0x080016b4   0x00000024   Code   RO         2560    i.HAL_NVIC_SetPriorityGrouping  stm32g4xx_hal_cortex.o
    0x080016d8   0x080016d8   0x000000bc   Code   RO         2309    i.HAL_PWREx_ControlVoltageScaling  stm32g4xx_hal_pwr_ex.o
    0x08001794   0x08001794   0x00000288   Code   RO         1634    i.HAL_RCCEx_PeriphCLKConfig  stm32g4xx_hal_rcc_ex.o
    0x08001a1c   0x08001a1c   0x000001dc   Code   RO         1509    i.HAL_RCC_ClockConfig  stm32g4xx_hal_rcc.o
    0x08001bf8   0x08001bf8   0x00000070   Code   RO         1519    i.HAL_RCC_GetSysClockFreq  stm32g4xx_hal_rcc.o
    0x08001c68   0x08001c68   0x0000040c   Code   RO         1522    i.HAL_RCC_OscConfig  stm32g4xx_hal_rcc.o
    0x08002074   0x08002074   0x00000028   Code   RO         2564    i.HAL_SYSTICK_Config  stm32g4xx_hal_cortex.o
    0x0800209c   0x0800209c   0x00000002   Code   RO         3399    i.HAL_TIMEx_Break2Callback  stm32g4xx_hal_tim_ex.o
    0x0800209e   0x0800209e   0x00000002   Code   RO         3400    i.HAL_TIMEx_BreakCallback  stm32g4xx_hal_tim_ex.o
    0x080020a0   0x080020a0   0x00000002   Code   RO         3401    i.HAL_TIMEx_CommutCallback  stm32g4xx_hal_tim_ex.o
    0x080020a2   0x080020a2   0x00000002   Code   RO         3412    i.HAL_TIMEx_DirectionChangeCallback  stm32g4xx_hal_tim_ex.o
    0x080020a4   0x080020a4   0x00000002   Code   RO         3426    i.HAL_TIMEx_EncoderIndexCallback  stm32g4xx_hal_tim_ex.o
    0x080020a6   0x080020a6   0x00000002   Code   RO         3440    i.HAL_TIMEx_IndexErrorCallback  stm32g4xx_hal_tim_ex.o
    0x080020a8   0x080020a8   0x0000009c   Code   RO         3441    i.HAL_TIMEx_MasterConfigSynchronization  stm32g4xx_hal_tim_ex.o
    0x08002144   0x08002144   0x00000002   Code   RO         3462    i.HAL_TIMEx_TransitionErrorCallback  stm32g4xx_hal_tim_ex.o
    0x08002146   0x08002146   0x00000062   Code   RO         2685    i.HAL_TIM_Base_Init  stm32g4xx_hal_tim.o
    0x080021a8   0x080021a8   0x0000006c   Code   RO          549    i.HAL_TIM_Base_MspInit  tim.o
    0x08002214   0x08002214   0x000000fc   Code   RO         2694    i.HAL_TIM_ConfigClockSource  stm32g4xx_hal_tim.o
    0x08002310   0x08002310   0x000000c8   Code   RO          331    i.HAL_TIM_IC_CaptureCallback  main.o
    0x080023d8   0x080023d8   0x0000010e   Code   RO         2721    i.HAL_TIM_IC_ConfigChannel  stm32g4xx_hal_tim.o
    0x080024e6   0x080024e6   0x00000062   Code   RO         2724    i.HAL_TIM_IC_Init   stm32g4xx_hal_tim.o
    0x08002548   0x08002548   0x00000002   Code   RO         2726    i.HAL_TIM_IC_MspInit  stm32g4xx_hal_tim.o
    0x0800254a   0x0800254a   0x00000002   PAD
    0x0800254c   0x0800254c   0x000000f0   Code   RO         2729    i.HAL_TIM_IC_Start_IT  stm32g4xx_hal_tim.o
    0x0800263c   0x0800263c   0x000001fc   Code   RO         2733    i.HAL_TIM_IRQHandler  stm32g4xx_hal_tim.o
    0x08002838   0x08002838   0x00000050   Code   RO          550    i.HAL_TIM_MspPostInit  tim.o
    0x08002888   0x08002888   0x00000002   Code   RO         2736    i.HAL_TIM_OC_DelayElapsedCallback  stm32g4xx_hal_tim.o
    0x0800288a   0x0800288a   0x0000011e   Code   RO         2757    i.HAL_TIM_PWM_ConfigChannel  stm32g4xx_hal_tim.o
    0x080029a8   0x080029a8   0x00000062   Code   RO         2760    i.HAL_TIM_PWM_Init  stm32g4xx_hal_tim.o
    0x08002a0a   0x08002a0a   0x00000002   PAD
    0x08002a0c   0x08002a0c   0x00000028   Code   RO          552    i.HAL_TIM_PWM_MspInit  tim.o
    0x08002a34   0x08002a34   0x00000002   Code   RO         2763    i.HAL_TIM_PWM_PulseFinishedCallback  stm32g4xx_hal_tim.o
    0x08002a36   0x08002a36   0x00000002   Code   RO         2771    i.HAL_TIM_PeriodElapsedCallback  stm32g4xx_hal_tim.o
    0x08002a38   0x08002a38   0x00000002   Code   RO         2776    i.HAL_TIM_TriggerCallback  stm32g4xx_hal_tim.o
    0x08002a3a   0x08002a3a   0x00000002   Code   RO          616    i.HardFault_Handler  stm32g4xx_it.o
    0x08002a3c   0x08002a3c   0x00000048   Code   RO          332    i.KEY1              main.o
    0x08002a84   0x08002a84   0x00000060   Code   RO          333    i.KEY2              main.o
    0x08002ae4   0x08002ae4   0x00000060   Code   RO          334    i.KEY3              main.o
    0x08002b44   0x08002b44   0x00000048   Code   RO          335    i.KEY4              main.o
    0x08002b8c   0x08002b8c   0x00000024   Code   RO          336    i.KEY_Proc          main.o
    0x08002bb0   0x08002bb0   0x0000002c   Code   RO           14    i.LCD_BusIn         lcd.o
    0x08002bdc   0x08002bdc   0x00000030   Code   RO           15    i.LCD_BusOut        lcd.o
    0x08002c0c   0x08002c0c   0x00000024   Code   RO           16    i.LCD_Clear         lcd.o
    0x08002c30   0x08002c30   0x00000090   Code   RO           18    i.LCD_CtrlLinesConfig  lcd.o
    0x08002cc0   0x08002cc0   0x00000018   Code   RO           19    i.LCD_DisplayChar   lcd.o
    0x08002cd8   0x08002cd8   0x0000002a   Code   RO           22    i.LCD_DisplayStringLine  lcd.o
    0x08002d02   0x08002d02   0x00000002   PAD
    0x08002d04   0x08002d04   0x00000058   Code   RO           23    i.LCD_DrawChar      lcd.o
    0x08002d5c   0x08002d5c   0x00000034   Code   RO           29    i.LCD_Init          lcd.o
    0x08002d90   0x08002d90   0x000001c0   Code   RO          337    i.LCD_Proc          main.o
    0x08002f50   0x08002f50   0x00000080   Code   RO           32    i.LCD_ReadReg       lcd.o
    0x08002fd0   0x08002fd0   0x00000010   Code   RO           33    i.LCD_SetBackColor  lcd.o
    0x08002fe0   0x08002fe0   0x00000018   Code   RO           34    i.LCD_SetCursor     lcd.o
    0x08002ff8   0x08002ff8   0x00000010   Code   RO           36    i.LCD_SetTextColor  lcd.o
    0x08003008   0x08003008   0x00000060   Code   RO           39    i.LCD_WriteRAM      lcd.o
    0x08003068   0x08003068   0x00000064   Code   RO           40    i.LCD_WriteRAM_Prepare  lcd.o
    0x080030cc   0x080030cc   0x00000074   Code   RO           41    i.LCD_WriteReg      lcd.o
    0x08003140   0x08003140   0x00000030   Code   RO          446    i.LED_Init          gpio.o
    0x08003170   0x08003170   0x00000048   Code   RO          447    i.LED_On_Off        gpio.o
    0x080031b8   0x080031b8   0x00000064   Code   RO          338    i.LED_Proc          main.o
    0x0800321c   0x0800321c   0x0000000c   Code   RO          857    i.LL_ADC_GetOffsetChannel  stm32g4xx_hal_adc.o
    0x08003228   0x08003228   0x00000008   Code   RO          858    i.LL_ADC_INJ_IsConversionOngoing  stm32g4xx_hal_adc.o
    0x08003230   0x08003230   0x00000008   Code   RO          859    i.LL_ADC_REG_IsConversionOngoing  stm32g4xx_hal_adc.o
    0x08003238   0x08003238   0x00000010   Code   RO          860    i.LL_ADC_REG_IsTriggerSourceSWStart  stm32g4xx_hal_adc.o
    0x08003248   0x08003248   0x0000001e   Code   RO          862    i.LL_ADC_SetChannelSamplingTime  stm32g4xx_hal_adc.o
    0x08003266   0x08003266   0x00000010   Code   RO          863    i.LL_ADC_SetOffsetState  stm32g4xx_hal_adc.o
    0x08003276   0x08003276   0x00000002   PAD
    0x08003278   0x08003278   0x00000094   Code   RO          484    i.MX_ADC2_Init      adc.o
    0x0800330c   0x0800330c   0x0000002c   Code   RO          524    i.MX_DMA_Init       dma.o
    0x08003338   0x08003338   0x0000011c   Code   RO          448    i.MX_GPIO_Init      gpio.o
    0x08003454   0x08003454   0x000000a4   Code   RO          553    i.MX_TIM2_Init      tim.o
    0x080034f8   0x080034f8   0x00000070   Code   RO          554    i.MX_TIM3_Init      tim.o
    0x08003568   0x08003568   0x00000002   Code   RO          617    i.MemManage_Handler  stm32g4xx_it.o
    0x0800356a   0x0800356a   0x00000002   Code   RO          618    i.NMI_Handler       stm32g4xx_it.o
    0x0800356c   0x0800356c   0x0000003c   Code   RO          339    i.PWM_Proc          main.o
    0x080035a8   0x080035a8   0x00000002   Code   RO          619    i.PendSV_Handler    stm32g4xx_it.o
    0x080035aa   0x080035aa   0x00000112   Code   RO           42    i.REG_8230_Init     lcd.o
    0x080036bc   0x080036bc   0x00000202   Code   RO           43    i.REG_932X_Init     lcd.o
    0x080038be   0x080038be   0x00000002   Code   RO          620    i.SVC_Handler       stm32g4xx_it.o
    0x080038c0   0x080038c0   0x00000004   Code   RO          621    i.SysTick_Handler   stm32g4xx_it.o
    0x080038c4   0x080038c4   0x00000070   Code   RO          340    i.SystemClock_Config  main.o
    0x08003934   0x08003934   0x0000001c   Code   RO          724    i.SystemInit        system_stm32g4xx.o
    0x08003950   0x08003950   0x0000000c   Code   RO          622    i.TIM2_IRQHandler   stm32g4xx_it.o
    0x0800395c   0x0800395c   0x000000b0   Code   RO         2778    i.TIM_Base_SetConfig  stm32g4xx_hal_tim.o
    0x08003a0c   0x08003a0c   0x0000001a   Code   RO         2779    i.TIM_CCxChannelCmd  stm32g4xx_hal_tim.o
    0x08003a26   0x08003a26   0x00000014   Code   RO         2789    i.TIM_ETR_SetConfig  stm32g4xx_hal_tim.o
    0x08003a3a   0x08003a3a   0x00000002   PAD
    0x08003a3c   0x08003a3c   0x00000014   Code   RO         2790    i.TIM_ITRx_SetConfig  stm32g4xx_hal_tim.o
    0x08003a50   0x08003a50   0x0000009c   Code   RO         2791    i.TIM_OC1_SetConfig  stm32g4xx_hal_tim.o
    0x08003aec   0x08003aec   0x00000090   Code   RO         2792    i.TIM_OC2_SetConfig  stm32g4xx_hal_tim.o
    0x08003b7c   0x08003b7c   0x00000090   Code   RO         2793    i.TIM_OC3_SetConfig  stm32g4xx_hal_tim.o
    0x08003c0c   0x08003c0c   0x00000090   Code   RO         2794    i.TIM_OC4_SetConfig  stm32g4xx_hal_tim.o
    0x08003c9c   0x08003c9c   0x00000070   Code   RO         2795    i.TIM_OC5_SetConfig  stm32g4xx_hal_tim.o
    0x08003d0c   0x08003d0c   0x00000070   Code   RO         2796    i.TIM_OC6_SetConfig  stm32g4xx_hal_tim.o
    0x08003d7c   0x08003d7c   0x00000022   Code   RO         2798    i.TIM_TI1_ConfigInputStage  stm32g4xx_hal_tim.o
    0x08003d9e   0x08003d9e   0x00000002   PAD
    0x08003da0   0x08003da0   0x0000006c   Code   RO         2799    i.TIM_TI1_SetConfig  stm32g4xx_hal_tim.o
    0x08003e0c   0x08003e0c   0x00000024   Code   RO         2800    i.TIM_TI2_ConfigInputStage  stm32g4xx_hal_tim.o
    0x08003e30   0x08003e30   0x00000036   Code   RO         2801    i.TIM_TI2_SetConfig  stm32g4xx_hal_tim.o
    0x08003e66   0x08003e66   0x00000002   Code   RO          623    i.UsageFault_Handler  stm32g4xx_it.o
    0x08003e68   0x08003e68   0x00000028   Code   RO         4068    i.__0sprintf        mc_w.l(printfa.o)
    0x08003e90   0x08003e90   0x00000020   Code   RO         2566    i.__NVIC_SetPriority  stm32g4xx_hal_cortex.o
    0x08003eb0   0x08003eb0   0x0000000e   Code   RO         4142    i.__scatterload_copy  mc_w.l(handlers.o)
    0x08003ebe   0x08003ebe   0x00000002   Code   RO         4143    i.__scatterload_null  mc_w.l(handlers.o)
    0x08003ec0   0x08003ec0   0x0000000e   Code   RO         4144    i.__scatterload_zeroinit  mc_w.l(handlers.o)
    0x08003ece   0x08003ece   0x00000002   PAD
    0x08003ed0   0x08003ed0   0x00000184   Code   RO         4073    i._fp_digits        mc_w.l(printfa.o)
    0x08004054   0x08004054   0x000006dc   Code   RO         4074    i._printf_core      mc_w.l(printfa.o)
    0x08004730   0x08004730   0x00000024   Code   RO         4075    i._printf_post_padding  mc_w.l(printfa.o)
    0x08004754   0x08004754   0x0000002e   Code   RO         4076    i._printf_pre_padding  mc_w.l(printfa.o)
    0x08004782   0x08004782   0x0000000a   Code   RO         4078    i._sputc            mc_w.l(printfa.o)
    0x0800478c   0x0800478c   0x000000e0   Code   RO          341    i.main              main.o
    0x0800486c   0x0800486c   0x000011d0   Data   RO           44    .constdata          lcd.o
    0x08005a3c   0x08005a3c   0x00000010   Data   RO          725    .constdata          system_stm32g4xx.o
    0x08005a4c   0x08005a4c   0x00000020   Data   RO         4140    Region$$Table       anon$$obj.o


    Execution Region RW_IRAM1 (Exec base: 0x20000000, Load base: 0x08005a6c, Size: 0x000005e8, Max: 0x00008000, ABSOLUTE)

    Exec Addr    Load Addr    Size         Type   Attr      Idx    E Section Name        Object

    0x20000000   0x08005a6c   0x00000006   Data   RW           45    .data               lcd.o
    0x20000006   0x08005a72   0x00000002   PAD
    0x20000008   0x08005a74   0x00000048   Data   RW          343    .data               main.o
    0x20000050   0x08005abc   0x00000004   Data   RW          727    .data               system_stm32g4xx.o
    0x20000054   0x08005ac0   0x0000000c   Data   RW         1309    .data               stm32g4xx_hal.o
    0x20000060        -       0x0000001e   Zero   RW          342    .bss                main.o
    0x2000007e   0x08005acc   0x00000002   PAD
    0x20000080        -       0x000000cc   Zero   RW          485    .bss                adc.o
    0x2000014c        -       0x00000098   Zero   RW          555    .bss                tim.o
    0x200001e4   0x08005acc   0x00000004   PAD
    0x200001e8        -       0x00000400   Zero   RW            1    STACK               startup_stm32g431xx.o


==============================================================================

Image component sizes


      Code (inc. data)   RO Data    RW Data    ZI Data      Debug   Object Name

       296         34          0          0        204       1731   adc.o
        44          6          0          0          0        742   dma.o
       404         38          0          0          0       2015   gpio.o
      1790         78       4560          6          0     647922   lcd.o
      1622        370          0         72         30       8080   main.o
        36          8        472          0       1024        820   startup_stm32g431xx.o
       162         24          0         12          0       4221   stm32g4xx_hal.o
      2384        128          0          0          0      80417   stm32g4xx_hal_adc.o
       198         14          0          0          0      33863   stm32g4xx_hal_cortex.o
       494         30          0          0          0       4038   stm32g4xx_hal_dma.o
       476         34          0          0          0       3047   stm32g4xx_hal_gpio.o
        56          8          0          0          0       8634   stm32g4xx_hal_msp.o
       188         14          0          0          0        826   stm32g4xx_hal_pwr_ex.o
      1624         68          0          0          0       4730   stm32g4xx_hal_rcc.o
       648         10          0          0          0       1848   stm32g4xx_hal_rcc_ex.o
      3146        222          0          0          0      21075   stm32g4xx_hal_tim.o
       170         24          0          0          0       5268   stm32g4xx_hal_tim_ex.o
        32          6          0          0          0       4404   stm32g4xx_it.o
        28          6         16          4          0       1087   system_stm32g4xx.o
       504         38          0          0        152       3575   tim.o

    ----------------------------------------------------------------------
     14324       1160       5080         96       1416     838343   Object Totals
         0          0         32          0          0          0   (incl. Generated)
        22          0          0          2          6          0   (incl. Padding)

    ----------------------------------------------------------------------

      Code (inc. data)   RO Data    RW Data    ZI Data      Debug   Library Member Name

         0          0          0          0          0          0   entry.o
         0          0          0          0          0          0   entry10a.o
         0          0          0          0          0          0   entry11a.o
         8          4          0          0          0          0   entry2.o
         4          0          0          0          0          0   entry5.o
         0          0          0          0          0          0   entry7b.o
         0          0          0          0          0          0   entry8b.o
         8          4          0          0          0          0   entry9a.o
        30          0          0          0          0          0   handlers.o
        36          8          0          0          0         68   init.o
         0          0          0          0          0          0   iusefp.o
        30          0          0          0          0         68   llshl.o
        36          0          0          0          0         68   llsshr.o
        32          0          0          0          0         68   llushr.o
        36          0          0          0          0        108   memseta.o
      2276         86          0          0          0        520   printfa.o
        44          0          0          0          0         80   uidiv.o
        98          0          0          0          0         92   uldiv.o
        48          0          0          0          0         68   cdrcmple.o
       334          0          0          0          0        148   dadd.o
       222          0          0          0          0        100   ddiv.o
       186          0          0          0          0        176   depilogue.o
        48          0          0          0          0         68   dfixul.o
       228          0          0          0          0         96   dmul.o
        38          0          0          0          0         68   f2d.o

    ----------------------------------------------------------------------
      3744        102          0          0          0       1796   Library Totals
         2          0          0          0          0          0   (incl. Padding)

    ----------------------------------------------------------------------

      Code (inc. data)   RO Data    RW Data    ZI Data      Debug   Library Name

      2638        102          0          0          0       1072   mc_w.l
      1104          0          0          0          0        724   mf_w.l

    ----------------------------------------------------------------------
      3744        102          0          0          0       1796   Library Totals

    ----------------------------------------------------------------------

==============================================================================


      Code (inc. data)   RO Data    RW Data    ZI Data      Debug   

     18068       1262       5080         96       1416     827459   Grand Totals
     18068       1262       5080         96       1416     827459   ELF Image Totals
     18068       1262       5080         96          0          0   ROM Totals

==============================================================================

    Total RO  Size (Code + RO Data)                23148 (  22.61kB)
    Total RW  Size (RW Data + ZI Data)              1512 (   1.48kB)
    Total ROM Size (Code + RO Data + RW Data)      23244 (  22.70kB)

==============================================================================

