Component: ARM Compiler 5.06 update 6 (build 750) Tool: armlink [4d35ed]

==============================================================================

Section Cross References

    startup_stm32g431xx.o(RESET) refers to startup_stm32g431xx.o(STACK) for __initial_sp
    startup_stm32g431xx.o(RESET) refers to startup_stm32g431xx.o(.text) for Reset_Handler
    startup_stm32g431xx.o(RESET) refers to stm32g4xx_it.o(i.NMI_Handler) for NMI_Handler
    startup_stm32g431xx.o(RESET) refers to stm32g4xx_it.o(i.HardFault_Handler) for HardFault_Handler
    startup_stm32g431xx.o(RESET) refers to stm32g4xx_it.o(i.MemManage_Handler) for MemManage_Handler
    startup_stm32g431xx.o(RESET) refers to stm32g4xx_it.o(i.BusFault_Handler) for BusFault_Handler
    startup_stm32g431xx.o(RESET) refers to stm32g4xx_it.o(i.UsageFault_Handler) for UsageFault_Handler
    startup_stm32g431xx.o(RESET) refers to stm32g4xx_it.o(i.SVC_Handler) for SVC_Handler
    startup_stm32g431xx.o(RESET) refers to stm32g4xx_it.o(i.DebugMon_Handler) for DebugMon_Handler
    startup_stm32g431xx.o(RESET) refers to stm32g4xx_it.o(i.PendSV_Handler) for PendSV_Handler
    startup_stm32g431xx.o(RESET) refers to stm32g4xx_it.o(i.SysTick_Handler) for SysTick_Handler
    startup_stm32g431xx.o(RESET) refers to stm32g4xx_it.o(i.ADC1_2_IRQHandler) for ADC1_2_IRQHandler
    startup_stm32g431xx.o(RESET) refers to stm32g4xx_it.o(i.TIM2_IRQHandler) for TIM2_IRQHandler
    startup_stm32g431xx.o(RESET) refers to stm32g4xx_it.o(i.USART1_IRQHandler) for USART1_IRQHandler
    startup_stm32g431xx.o(.text) refers to system_stm32g4xx.o(i.SystemInit) for SystemInit
    startup_stm32g431xx.o(.text) refers to entry.o(.ARM.Collect$$$$00000000) for __main
    lcd.o(i.LCD_BusIn) refers to memseta.o(.text) for __aeabi_memclr4
    lcd.o(i.LCD_BusIn) refers to stm32g4xx_hal_gpio.o(i.HAL_GPIO_Init) for HAL_GPIO_Init
    lcd.o(i.LCD_BusOut) refers to memseta.o(.text) for __aeabi_memclr4
    lcd.o(i.LCD_BusOut) refers to stm32g4xx_hal_gpio.o(i.HAL_GPIO_Init) for HAL_GPIO_Init
    lcd.o(i.LCD_Clear) refers to lcd.o(i.LCD_SetCursor) for LCD_SetCursor
    lcd.o(i.LCD_Clear) refers to lcd.o(i.LCD_WriteRAM_Prepare) for LCD_WriteRAM_Prepare
    lcd.o(i.LCD_Clear) refers to lcd.o(i.LCD_WriteRAM) for LCD_WriteRAM
    lcd.o(i.LCD_ClearLine) refers to lcd.o(i.LCD_DisplayStringLine) for LCD_DisplayStringLine
    lcd.o(i.LCD_CtrlLinesConfig) refers to memseta.o(.text) for __aeabi_memclr4
    lcd.o(i.LCD_CtrlLinesConfig) refers to stm32g4xx_hal_gpio.o(i.HAL_GPIO_Init) for HAL_GPIO_Init
    lcd.o(i.LCD_CtrlLinesConfig) refers to lcd.o(i.LCD_BusOut) for LCD_BusOut
    lcd.o(i.LCD_DisplayChar) refers to lcd.o(i.LCD_DrawChar) for LCD_DrawChar
    lcd.o(i.LCD_DisplayChar) refers to lcd.o(.constdata) for .constdata
    lcd.o(i.LCD_DisplayOff) refers to lcd.o(i.LCD_WriteReg) for LCD_WriteReg
    lcd.o(i.LCD_DisplayOn) refers to lcd.o(i.LCD_WriteReg) for LCD_WriteReg
    lcd.o(i.LCD_DisplayStringLine) refers to lcd.o(i.LCD_DisplayChar) for LCD_DisplayChar
    lcd.o(i.LCD_DrawChar) refers to lcd.o(i.LCD_SetCursor) for LCD_SetCursor
    lcd.o(i.LCD_DrawChar) refers to lcd.o(i.LCD_WriteRAM_Prepare) for LCD_WriteRAM_Prepare
    lcd.o(i.LCD_DrawChar) refers to lcd.o(i.LCD_WriteRAM) for LCD_WriteRAM
    lcd.o(i.LCD_DrawChar) refers to lcd.o(.data) for .data
    lcd.o(i.LCD_DrawCircle) refers to lcd.o(i.LCD_SetCursor) for LCD_SetCursor
    lcd.o(i.LCD_DrawCircle) refers to lcd.o(i.LCD_WriteRAM_Prepare) for LCD_WriteRAM_Prepare
    lcd.o(i.LCD_DrawCircle) refers to lcd.o(i.LCD_WriteRAM) for LCD_WriteRAM
    lcd.o(i.LCD_DrawCircle) refers to lcd.o(.data) for .data
    lcd.o(i.LCD_DrawLine) refers to lcd.o(i.LCD_SetCursor) for LCD_SetCursor
    lcd.o(i.LCD_DrawLine) refers to lcd.o(i.LCD_WriteRAM_Prepare) for LCD_WriteRAM_Prepare
    lcd.o(i.LCD_DrawLine) refers to lcd.o(i.LCD_WriteRAM) for LCD_WriteRAM
    lcd.o(i.LCD_DrawLine) refers to lcd.o(.data) for .data
    lcd.o(i.LCD_DrawMonoPict) refers to lcd.o(i.LCD_SetCursor) for LCD_SetCursor
    lcd.o(i.LCD_DrawMonoPict) refers to lcd.o(i.LCD_WriteRAM_Prepare) for LCD_WriteRAM_Prepare
    lcd.o(i.LCD_DrawMonoPict) refers to lcd.o(i.LCD_WriteRAM) for LCD_WriteRAM
    lcd.o(i.LCD_DrawMonoPict) refers to lcd.o(.data) for .data
    lcd.o(i.LCD_DrawPicture) refers to lcd.o(i.LCD_SetCursor) for LCD_SetCursor
    lcd.o(i.LCD_DrawPicture) refers to lcd.o(i.LCD_WriteRAM_Prepare) for LCD_WriteRAM_Prepare
    lcd.o(i.LCD_DrawPicture) refers to lcd.o(i.LCD_WriteRAM) for LCD_WriteRAM
    lcd.o(i.LCD_DrawRect) refers to lcd.o(i.LCD_DrawLine) for LCD_DrawLine
    lcd.o(i.LCD_Init) refers to lcd.o(i.LCD_CtrlLinesConfig) for LCD_CtrlLinesConfig
    lcd.o(i.LCD_Init) refers to lcd.o(i.LCD_ReadReg) for LCD_ReadReg
    lcd.o(i.LCD_Init) refers to lcd.o(i.REG_932X_Init) for REG_932X_Init
    lcd.o(i.LCD_Init) refers to lcd.o(i.REG_8230_Init) for REG_8230_Init
    lcd.o(i.LCD_Init) refers to lcd.o(.data) for .data
    lcd.o(i.LCD_PowerOn) refers to lcd.o(i.LCD_WriteReg) for LCD_WriteReg
[...]
    i.HAL_PWREx_ControlVoltageScaling        0x08001d68   Section        0  stm32g4xx_hal_pwr_ex.o(i.HAL_PWREx_ControlVoltageScaling)
    i.HAL_RCCEx_PeriphCLKConfig              0x08001e44   Section        0  stm32g4xx_hal_rcc_ex.o(i.HAL_RCCEx_PeriphCLKConfig)
    i.HAL_RCC_ClockConfig                    0x0800211c   Section        0  stm32g4xx_hal_rcc.o(i.HAL_RCC_ClockConfig)
    i.HAL_RCC_GetHCLKFreq                    0x08002320   Section        0  stm32g4xx_hal_rcc.o(i.HAL_RCC_GetHCLKFreq)
    i.HAL_RCC_GetPCLK1Freq                   0x0800232c   Section        0  stm32g4xx_hal_rcc.o(i.HAL_RCC_GetPCLK1Freq)
    i.HAL_RCC_GetPCLK2Freq                   0x08002350   Section        0  stm32g4xx_hal_rcc.o(i.HAL_RCC_GetPCLK2Freq)
    i.HAL_RCC_GetSysClockFreq                0x08002374   Section        0  stm32g4xx_hal_rcc.o(i.HAL_RCC_GetSysClockFreq)
    i.HAL_RCC_OscConfig                      0x080023ec   Section        0  stm32g4xx_hal_rcc.o(i.HAL_RCC_OscConfig)
    i.HAL_SYSTICK_Config                     0x08002910   Section        0  stm32g4xx_hal_cortex.o(i.HAL_SYSTICK_Config)
    i.HAL_TIMEx_Break2Callback               0x08002938   Section        0  stm32g4xx_hal_tim_ex.o(i.HAL_TIMEx_Break2Callback)
    i.HAL_TIMEx_BreakCallback                0x0800293a   Section        0  stm32g4xx_hal_tim_ex.o(i.HAL_TIMEx_BreakCallback)
    i.HAL_TIMEx_CommutCallback               0x0800293c   Section        0  stm32g4xx_hal_tim_ex.o(i.HAL_TIMEx_CommutCallback)
    i.HAL_TIMEx_ConfigBreakDeadTime          0x08002940   Section        0  stm32g4xx_hal_tim_ex.o(i.HAL_TIMEx_ConfigBreakDeadTime)
    i.HAL_TIMEx_DirectionChangeCallback      0x080029f4   Section        0  stm32g4xx_hal_tim_ex.o(i.HAL_TIMEx_DirectionChangeCallback)
    i.HAL_TIMEx_EncoderIndexCallback         0x080029f6   Section        0  stm32g4xx_hal_tim_ex.o(i.HAL_TIMEx_EncoderIndexCallback)
    i.HAL_TIMEx_IndexErrorCallback           0x080029f8   Section        0  stm32g4xx_hal_tim_ex.o(i.HAL_TIMEx_IndexErrorCallback)
    i.HAL_TIMEx_MasterConfigSynchronization  0x080029fc   Section        0  stm32g4xx_hal_tim_ex.o(i.HAL_TIMEx_MasterConfigSynchronization)
    i.HAL_TIMEx_TransitionErrorCallback      0x08002a94   Section        0  stm32g4xx_hal_tim_ex.o(i.HAL_TIMEx_TransitionErrorCallback)
    i.HAL_TIM_Base_Init                      0x08002a96   Section        0  stm32g4xx_hal_tim.o(i.HAL_TIM_Base_Init)
    i.HAL_TIM_Base_MspInit                   0x08002afc   Section        0  tim.o(i.HAL_TIM_Base_MspInit)
    i.HAL_TIM_ConfigClockSource              0x08002b84   Section        0  stm32g4xx_hal_tim.o(i.HAL_TIM_ConfigClockSource)
    i.HAL_TIM_IC_CaptureCallback             0x08002c90   Section        0  main.o(i.HAL_TIM_IC_CaptureCallback)
    i.HAL_TIM_IC_ConfigChannel               0x08002ce0   Section        0  stm32g4xx_hal_tim.o(i.HAL_TIM_IC_ConfigChannel)
    i.HAL_TIM_IC_Init                        0x08002d94   Section        0  stm32g4xx_hal_tim.o(i.HAL_TIM_IC_Init)
    i.HAL_TIM_IC_MspInit                     0x08002df8   Section        0  stm32g4xx_hal_tim.o(i.HAL_TIM_IC_MspInit)
    i.HAL_TIM_IC_Start_IT                    0x08002dfc   Section        0  stm32g4xx_hal_tim.o(i.HAL_TIM_IC_Start_IT)
    i.HAL_TIM_IRQHandler                     0x08002f24   Section        0  stm32g4xx_hal_tim.o(i.HAL_TIM_IRQHandler)
    i.HAL_TIM_MspPostInit                    0x08003130   Section        0  tim.o(i.HAL_TIM_MspPostInit)
    i.HAL_TIM_OC_DelayElapsedCallback        0x08003180   Section        0  stm32g4xx_hal_tim.o(i.HAL_TIM_OC_DelayElapsedCallback)
    i.HAL_TIM_PWM_ConfigChannel              0x08003182   Section        0  stm32g4xx_hal_tim.o(i.HAL_TIM_PWM_ConfigChannel)
    i.HAL_TIM_PWM_Init                       0x080032b2   Section        0  stm32g4xx_hal_tim.o(i.HAL_TIM_PWM_Init)
    i.HAL_TIM_PWM_MspInit                    0x08003316   Section        0  stm32g4xx_hal_tim.o(i.HAL_TIM_PWM_MspInit)
    i.HAL_TIM_PWM_PulseFinishedCallback      0x08003318   Section        0  stm32g4xx_hal_tim.o(i.HAL_TIM_PWM_PulseFinishedCallback)
    i.HAL_TIM_PWM_Start                      0x0800331c   Section        0  stm32g4xx_hal_tim.o(i.HAL_TIM_PWM_Start)
    i.HAL_TIM_PeriodElapsedCallback          0x080033fc   Section        0  stm32g4xx_hal_tim.o(i.HAL_TIM_PeriodElapsedCallback)
    i.HAL_TIM_TriggerCallback                0x080033fe   Section        0  stm32g4xx_hal_tim.o(i.HAL_TIM_TriggerCallback)
    i.HAL_UARTEx_DisableFifoMode             0x08003400   Section        0  stm32g4xx_hal_uart_ex.o(i.HAL_UARTEx_DisableFifoMode)
    i.HAL_UARTEx_RxFifoFullCallback          0x0800343e   Section        0  stm32g4xx_hal_uart_ex.o(i.HAL_UARTEx_RxFifoFullCallback)
    i.HAL_UARTEx_SetRxFifoThreshold          0x08003440   Section        0  stm32g4xx_hal_uart_ex.o(i.HAL_UARTEx_SetRxFifoThreshold)
    i.HAL_UARTEx_SetTxFifoThreshold          0x0800348c   Section        0  stm32g4xx_hal_uart_ex.o(i.HAL_UARTEx_SetTxFifoThreshold)
    i.HAL_UARTEx_TxFifoEmptyCallback         0x080034d8   Section        0  stm32g4xx_hal_uart_ex.o(i.HAL_UARTEx_TxFifoEmptyCallback)
    i.HAL_UARTEx_WakeupCallback              0x080034da   Section        0  stm32g4xx_hal_uart_ex.o(i.HAL_UARTEx_WakeupCallback)
    i.HAL_UART_ErrorCallback                 0x080034dc   Section        0  stm32g4xx_hal_uart.o(i.HAL_UART_ErrorCallback)
    i.HAL_UART_IRQHandler                    0x080034e0   Section        0  stm32g4xx_hal_uart.o(i.HAL_UART_IRQHandler)
    i.HAL_UART_Init                          0x080036c0   Section        0  stm32g4xx_hal_uart.o(i.HAL_UART_Init)
    i.HAL_UART_MspInit                       0x08003730   Section        0  usart.o(i.HAL_UART_MspInit)
    i.HAL_UART_Receive_IT                    0x080037a4   Section        0  stm32g4xx_hal_uart.o(i.HAL_UART_Receive_IT)
    i.HAL_UART_RxCpltCallback                0x080038c4   Section        0  main.o(i.HAL_UART_RxCpltCallback)
    i.HAL_UART_Transmit                      0x080038f0   Section        0  stm32g4xx_hal_uart.o(i.HAL_UART_Transmit)
    i.HAL_UART_TxCpltCallback                0x080039c6   Section        0  stm32g4xx_hal_uart.o(i.HAL_UART_TxCpltCallback)
    i.HardFault_Handler                      0x080039c8   Section        0  stm32g4xx_it.o(i.HardFault_Handler)
    i.I2CInit                                0x080039cc   Section        0  i2c_hal.o(i.I2CInit)
    i.I2CReceiveByte                         0x080039f8   Section        0  i2c_hal.o(i.I2CReceiveByte)
    i.I2CSendByte                            0x08003a46   Section        0  i2c_hal.o(i.I2CSendByte)
    i.I2CSendNotAck                          0x08003a94   Section        0  i2c_hal.o(i.I2CSendNotAck)
    i.I2CStart                               0x08003ac4   Section        0  i2c_hal.o(i.I2CStart)
    i.I2CStop                                0x08003afa   Section        0  i2c_hal.o(i.I2CStop)
    i.I2CWaitAck                             0x08003b30   Section        0  i2c_hal.o(i.I2CWaitAck)
    i.KEY1                                   0x08003b80   Section        0  main.o(i.KEY1)
    i.KEY2                                   0x08003bdc   Section        0  main.o(i.KEY2)
    i.KEY3                                   0x08003c44   Section        0  main.o(i.KEY3)
    i.KEY4                                   0x08003cac   Section        0  main.o(i.KEY4)
    i.KEY_Proc                               0x08003eac   Section        0  main.o(i.KEY_Proc)
    i.LCD_BusIn                              0x08003ed0   Section        0  lcd.o(i.LCD_BusIn)
    i.LCD_BusOut                             0x08003efc   Section        0  lcd.o(i.LCD_BusOut)
    i.LCD_Clear                              0x08003f2c   Section        0  lcd.o(i.LCD_Clear)
    i.LCD_CtrlLinesConfig                    0x08003f50   Section        0  lcd.o(i.LCD_CtrlLinesConfig)
    i.LCD_DisplayChar                        0x08003fe0   Section        0  lcd.o(i.LCD_DisplayChar)
    i.LCD_DisplayStringLine                  0x08003ff8   Section        0  lcd.o(i.LCD_DisplayStringLine)
    i.LCD_DrawChar                           0x08004024   Section        0  lcd.o(i.LCD_DrawChar)
    i.LCD_Init                               0x0800407c   Section        0  lcd.o(i.LCD_Init)
    i.LCD_Proc                               0x080040b0   Section        0  main.o(i.LCD_Proc)
    i.LCD_ReadReg                            0x080043f8   Section        0  lcd.o(i.LCD_ReadReg)
    i.LCD_SetBackColor                       0x08004478   Section        0  lcd.o(i.LCD_SetBackColor)
    i.LCD_SetCursor                          0x08004488   Section        0  lcd.o(i.LCD_SetCursor)
    i.LCD_SetTextColor                       0x080044a0   Section        0  lcd.o(i.LCD_SetTextColor)
    i.LCD_WriteRAM                           0x080044b0   Section        0  lcd.o(i.LCD_WriteRAM)
    i.LCD_WriteRAM_Prepare                   0x08004510   Section        0  lcd.o(i.LCD_WriteRAM_Prepare)
    i.LCD_WriteReg                           0x08004574   Section        0  lcd.o(i.LCD_WriteReg)
    i.LED_Disp                               0x080045e8   Section        0  gpio.o(i.LED_Disp)
    i.LED_Init                               0x08004624   Section        0  gpio.o(i.LED_Init)
    i.LED_Proc                               0x08004654   Section        0  main.o(i.LED_Proc)
    i.MX_ADC2_Init                           0x080046e8   Section        0  adc.o(i.MX_ADC2_Init)
    i.MX_DMA_Init                            0x0800477c   Section        0  dma.o(i.MX_DMA_Init)
    i.MX_GPIO_Init                           0x080047a8   Section        0  gpio.o(i.MX_GPIO_Init)
    i.MX_TIM17_Init                          0x080048c4   Section        0  tim.o(i.MX_TIM17_Init)
    i.MX_TIM2_Init                           0x08004958   Section        0  tim.o(i.MX_TIM2_Init)
    i.MX_USART1_UART_Init                    0x080049ec   Section        0  usart.o(i.MX_USART1_UART_Init)
    i.MemManage_Handler                      0x08004a54   Section        0  stm32g4xx_it.o(i.MemManage_Handler)
    i.NMI_Handler                            0x08004a56   Section        0  stm32g4xx_it.o(i.NMI_Handler)
    i.PWM_Proc                               0x08004a58   Section        0  main.o(i.PWM_Proc)
    i.PendSV_Handler                         0x08004a9c   Section        0  stm32g4xx_it.o(i.PendSV_Handler)
    i.RCC_GetSysClockFreqFromPLLSource       0x08004aa0   Section        0  stm32g4xx_hal_rcc.o(i.RCC_GetSysClockFreqFromPLLSource)
    RCC_GetSysClockFreqFromPLLSource         0x08004aa1   Thumb Code    66  stm32g4xx_hal_rcc.o(i.RCC_GetSysClockFreqFromPLLSource)
    i.REG_8230_Init                          0x08004af0   Section        0  lcd.o(i.REG_8230_Init)
    i.REG_932X_Init                          0x08004c02   Section        0  lcd.o(i.REG_932X_Init)
    i.SCL_Output                             0x08004e04   Section        0  i2c_hal.o(i.SCL_Output)
    i.SDA_Input                              0x08004e1c   Section        0  i2c_hal.o(i.SDA_Input)
    i.SDA_Input_Mode                         0x08004e34   Section        0  i2c_hal.o(i.SDA_Input_Mode)
    i.SDA_Output                             0x08004e60   Section        0  i2c_hal.o(i.SDA_Output)
    i.SDA_Output_Mode                        0x08004e78   Section        0  i2c_hal.o(i.SDA_Output_Mode)
    i.SVC_Handler                            0x08004ea4   Section        0  stm32g4xx_it.o(i.SVC_Handler)
    i.SysTick_Handler                        0x08004ea6   Section        0  stm32g4xx_it.o(i.SysTick_Handler)
    i.SystemClock_Config                     0x08004eaa   Section        0  main.o(i.SystemClock_Config)
    i.SystemInit                             0x08004f1c   Section        0  system_stm32g4xx.o(i.SystemInit)
    i.TIM2_IRQHandler                        0x08004f38   Section        0  stm32g4xx_it.o(i.TIM2_IRQHandler)
    i.TIM_Base_SetConfig                     0x08004f44   Section        0  stm32g4xx_hal_tim.o(i.TIM_Base_SetConfig)
    i.TIM_CCxChannelCmd                      0x08004ff4   Section        0  stm32g4xx_hal_tim.o(i.TIM_CCxChannelCmd)
    i.TIM_ETR_SetConfig                      0x08005012   Section        0  stm32g4xx_hal_tim.o(i.TIM_ETR_SetConfig)
    i.TIM_ITRx_SetConfig                     0x08005028   Section        0  stm32g4xx_hal_tim.o(i.TIM_ITRx_SetConfig)
    TIM_ITRx_SetConfig                       0x08005029   Thumb Code    20  stm32g4xx_hal_tim.o(i.TIM_ITRx_SetConfig)
    i.TIM_OC1_SetConfig                      0x0800503c   Section        0  stm32g4xx_hal_tim.o(i.TIM_OC1_SetConfig)
    TIM_OC1_SetConfig                        0x0800503d   Thumb Code   148  stm32g4xx_hal_tim.o(i.TIM_OC1_SetConfig)
    i.TIM_OC2_SetConfig                      0x080050e4   Section        0  stm32g4xx_hal_tim.o(i.TIM_OC2_SetConfig)
    i.TIM_OC3_SetConfig                      0x08005180   Section        0  stm32g4xx_hal_tim.o(i.TIM_OC3_SetConfig)
    TIM_OC3_SetConfig                        0x08005181   Thumb Code   146  stm32g4xx_hal_tim.o(i.TIM_OC3_SetConfig)
    i.TIM_OC4_SetConfig                      0x0800521c   Section        0  stm32g4xx_hal_tim.o(i.TIM_OC4_SetConfig)
    TIM_OC4_SetConfig                        0x0800521d   Thumb Code   146  stm32g4xx_hal_tim.o(i.TIM_OC4_SetConfig)
    i.TIM_OC5_SetConfig                      0x080052b8   Section        0  stm32g4xx_hal_tim.o(i.TIM_OC5_SetConfig)
    TIM_OC5_SetConfig                        0x080052b9   Thumb Code   116  stm32g4xx_hal_tim.o(i.TIM_OC5_SetConfig)
    i.TIM_OC6_SetConfig                      0x0800532c   Section        0  stm32g4xx_hal_tim.o(i.TIM_OC6_SetConfig)
    TIM_OC6_SetConfig                        0x0800532d   Thumb Code   118  stm32g4xx_hal_tim.o(i.TIM_OC6_SetConfig)
    i.TIM_TI1_ConfigInputStage               0x080053a2   Section        0  stm32g4xx_hal_tim.o(i.TIM_TI1_ConfigInputStage)
    TIM_TI1_ConfigInputStage                 0x080053a3   Thumb Code    38  stm32g4xx_hal_tim.o(i.TIM_TI1_ConfigInputStage)
    i.TIM_TI1_SetConfig                      0x080053c8   Section        0  stm32g4xx_hal_tim.o(i.TIM_TI1_SetConfig)
    i.TIM_TI2_ConfigInputStage               0x08005442   Section        0  stm32g4xx_hal_tim.o(i.TIM_TI2_ConfigInputStage)
    TIM_TI2_ConfigInputStage                 0x08005443   Thumb Code    36  stm32g4xx_hal_tim.o(i.TIM_TI2_ConfigInputStage)
    i.TIM_TI2_SetConfig                      0x08005466   Section        0  stm32g4xx_hal_tim.o(i.TIM_TI2_SetConfig)
    TIM_TI2_SetConfig                        0x08005467   Thumb Code    64  stm32g4xx_hal_tim.o(i.TIM_TI2_SetConfig)
    i.TIM_TI3_SetConfig                      0x080054a6   Section        0  stm32g4xx_hal_tim.o(i.TIM_TI3_SetConfig)
    TIM_TI3_SetConfig                        0x080054a7   Thumb Code    60  stm32g4xx_hal_tim.o(i.TIM_TI3_SetConfig)
    i.TIM_TI4_SetConfig                      0x080054e2   Section        0  stm32g4xx_hal_tim.o(i.TIM_TI4_SetConfig)
    TIM_TI4_SetConfig                        0x080054e3   Thumb Code    64  stm32g4xx_hal_tim.o(i.TIM_TI4_SetConfig)
    i.UART                                   0x08005524   Section        0  main.o(i.UART)
    i.UARTEx_SetNbDataToProcess              0x08005660   Section        0  stm32g4xx_hal_uart_ex.o(i.UARTEx_SetNbDataToProcess)
    UARTEx_SetNbDataToProcess                0x08005661   Thumb Code   104  stm32g4xx_hal_uart_ex.o(i.UARTEx_SetNbDataToProcess)
    i.UART_AdvFeatureConfig                  0x080056d8   Section        0  stm32g4xx_hal_uart.o(i.UART_AdvFeatureConfig)
    i.UART_CheckIdleState                    0x080057b0   Section        0  stm32g4xx_hal_uart.o(i.UART_CheckIdleState)
    i.UART_DMAAbortOnError                   0x08005816   Section        0  stm32g4xx_hal_uart.o(i.UART_DMAAbortOnError)
    UART_DMAAbortOnError                     0x08005817   Thumb Code    20  stm32g4xx_hal_uart.o(i.UART_DMAAbortOnError)
    i.UART_EndRxTransfer                     0x0800582a   Section        0  stm32g4xx_hal_uart.o(i.UART_EndRxTransfer)
    UART_EndRxTransfer                       0x0800582b   Thumb Code    36  stm32g4xx_hal_uart.o(i.UART_EndRxTransfer)
    i.UART_EndTransmit_IT                    0x0800584e   Section        0  stm32g4xx_hal_uart.o(i.UART_EndTransmit_IT)
    UART_EndTransmit_IT                      0x0800584f   Thumb Code    28  stm32g4xx_hal_uart.o(i.UART_EndTransmit_IT)
    i.UART_RxISR_16BIT                       0x0800586a   Section        0  stm32g4xx_hal_uart.o(i.UART_RxISR_16BIT)
    UART_RxISR_16BIT                         0x0800586b   Thumb Code    94  stm32g4xx_hal_uart.o(i.UART_RxISR_16BIT)
    i.UART_RxISR_16BIT_FIFOEN                0x080058c8   Section        0  stm32g4xx_hal_uart.o(i.UART_RxISR_16BIT_FIFOEN)
    UART_RxISR_16BIT_FIFOEN                  0x080058c9   Thumb Code   164  stm32g4xx_hal_uart.o(i.UART_RxISR_16BIT_FIFOEN)
    i.UART_RxISR_8BIT                        0x08005970   Section        0  stm32g4xx_hal_uart.o(i.UART_RxISR_8BIT)
    UART_RxISR_8BIT                          0x08005971   Thumb Code    94  stm32g4xx_hal_uart.o(i.UART_RxISR_8BIT)
    i.UART_RxISR_8BIT_FIFOEN                 0x080059d0   Section        0  stm32g4xx_hal_uart.o(i.UART_RxISR_8BIT_FIFOEN)
    UART_RxISR_8BIT_FIFOEN                   0x080059d1   Thumb Code   164  stm32g4xx_hal_uart.o(i.UART_RxISR_8BIT_FIFOEN)
    i.UART_SetConfig                         0x08005a78   Section        0  stm32g4xx_hal_uart.o(i.UART_SetConfig)
    i.UART_WaitOnFlagUntilTimeout            0x080065d8   Section        0  stm32g4xx_hal_uart.o(i.UART_WaitOnFlagUntilTimeout)
    i.USART1_IRQHandler                      0x08006650   Section        0  stm32g4xx_it.o(i.USART1_IRQHandler)
    i.UsageFault_Handler                     0x0800665c   Section        0  stm32g4xx_it.o(i.UsageFault_Handler)
    i.__0printf                              0x08006660   Section        0  printfa.o(i.__0printf)
    i.__0sprintf                             0x08006680   Section        0  printfa.o(i.__0sprintf)
    i.__scatterload_copy                     0x080066a8   Section       14  handlers.o(i.__scatterload_copy)
    i.__scatterload_null                     0x080066b6   Section        2  handlers.o(i.__scatterload_null)
    i.__scatterload_zeroinit                 0x080066b8   Section       14  handlers.o(i.__scatterload_zeroinit)
    i._fp_digits                             0x080066c8   Section        0  printfa.o(i._fp_digits)
    _fp_digits                               0x080066c9   Thumb Code   366  printfa.o(i._fp_digits)
    i._printf_core                           0x0800684c   Section        0  printfa.o(i._printf_core)
    _printf_core                             0x0800684d   Thumb Code  1744  printfa.o(i._printf_core)
    i._printf_post_padding                   0x08006f28   Section        0  printfa.o(i._printf_post_padding)
    _printf_post_padding                     0x08006f29   Thumb Code    36  printfa.o(i._printf_post_padding)
    i._printf_pre_padding                    0x08006f4c   Section        0  printfa.o(i._printf_pre_padding)
    _printf_pre_padding                      0x08006f4d   Thumb Code    46  printfa.o(i._printf_pre_padding)
    i._sputc                                 0x08006f7a   Section        0  printfa.o(i._sputc)
    _sputc                                   0x08006f7b   Thumb Code    10  printfa.o(i._sputc)
    i.delay1                                 0x08006f84   Section        0  i2c_hal.o(i.delay1)
    delay1                                   0x08006f85   Thumb Code    12  i2c_hal.o(i.delay1)
    i.fputc                                  0x08006f90   Section        0  main.o(i.fputc)
    i.main                                   0x08006fa8   Section        0  main.o(i.main)
    .constdata                               0x08007068   Section     4560  lcd.o(.constdata)
    .constdata                               0x08008238   Section       16  system_stm32g4xx.o(.constdata)
    .constdata                               0x08008248   Section        8  system_stm32g4xx.o(.constdata)
    .data                                    0x20000000   Section        6  lcd.o(.data)
    TextColor                                0x20000000   Data           2  lcd.o(.data)
    BackColor                                0x20000002   Data           2  lcd.o(.data)
    .data                                    0x20000008   Section       96  main.o(.data)
    count                                    0x20000008   Data           1  main.o(.data)
    count                                    0x20000009   Data           1  main.o(.data)
    count                                    0x2000000a   Data           1  main.o(.data)
    count                                    0x2000000b   Data           1  main.o(.data)
    count                                    0x2000000c   Data           1  main.o(.data)
    tick                                     0x20000020   Data           4  main.o(.data)
    tick                                     0x20000024   Data           4  main.o(.data)
    tick                                     0x20000028   Data           4  main.o(.data)
    tick                                     0x2000002c   Data           4  main.o(.data)
    tick                                     0x20000030   Data           4  main.o(.data)
    tick                                     0x20000034   Data           4  main.o(.data)
    x                                        0x20000038   Data           4  main.o(.data)
    y                                        0x2000003c   Data           4  main.o(.data)
    .data                                    0x20000068   Section        4  system_stm32g4xx.o(.data)
    .data                                    0x2000006c   Section       12  stm32g4xx_hal.o(.data)
    .data                                    0x20000078   Section        4  stdout.o(.data)
    .bss                                     0x2000007c   Section     2108  main.o(.bss)
    .bss                                     0x200008b8   Section      204  adc.o(.bss)
    .bss                                     0x20000984   Section      152  tim.o(.bss)
    .bss                                     0x20000a1c   Section      140  usart.o(.bss)
    STACK                                    0x20000aa8   Section     1024  startup_stm32g431xx.o(STACK)

    Global Symbols

    Symbol Name                              Value     Ov Type        Size  Object(Section)

    BuildAttributes$$THM_ISAv4$E$P$D$K$B$S$7EM$VFPi3$EXTD16$VFPS$VFMA$PE$A:L22UL41UL21$X:L11$S22US41US21$IEEE1$IW$USESV6$~STKCKD$USESV7$~SHL$OTIME$ROPI$EBA8$MICROLIB$REQ8$PRES8$EABIv2 0x00000000   Number         0  anon$$obj.o ABSOLUTE
    __ARM_use_no_argv                        0x00000000   Number         0  main.o ABSOLUTE
    _printf_a                                0x00000000   Number         0  stubs.o ABSOLUTE
    _printf_c                                0x00000000   Number         0  stubs.o ABSOLUTE
    _printf_charcount                        0x00000000   Number         0  stubs.o ABSOLUTE
    _printf_d                                0x00000000   Number         0  stubs.o ABSOLUTE
    _printf_e                                0x00000000   Number         0  stubs.o ABSOLUTE
    _printf_f                                0x00000000   Number         0  stubs.o ABSOLUTE
    _printf_flags                            0x00000000   Number         0  stubs.o ABSOLUTE
    _printf_fp_dec                           0x00000000   Number         0  stubs.o ABSOLUTE
    _printf_fp_hex                           0x00000000   Number         0  stubs.o ABSOLUTE
    _printf_g                                0x00000000   Number         0  stubs.o ABSOLUTE
    _printf_i                                0x00000000   Number         0  stubs.o ABSOLUTE
    _printf_int_dec                          0x00000000   Number         0  stubs.o ABSOLUTE
    _printf_l                                0x00000000   Number         0  stubs.o ABSOLUTE
    _printf_lc                               0x00000000   Number         0  stubs.o ABSOLUTE
    _printf_ll                               0x00000000   Number         0  stubs.o ABSOLUTE
    _printf_lld                              0x00000000   Number         0  stubs.o ABSOLUTE
    _printf_lli                              0x00000000   Number         0  stubs.o ABSOLUTE
    _printf_llo                              0x00000000   Number         0  stubs.o ABSOLUTE
    _printf_llu                              0x00000000   Number         0  stubs.o ABSOLUTE
    _printf_llx                              0x00000000   Number         0  stubs.o ABSOLUTE
    _printf_longlong_dec                     0x00000000   Number         0  stubs.o ABSOLUTE
    _printf_longlong_hex                     0x00000000   Number         0  stubs.o ABSOLUTE
    _printf_longlong_oct                     0x00000000   Number         0  stubs.o ABSOLUTE
    _printf_ls                               0x00000000   Number         0  stubs.o ABSOLUTE
    _printf_mbtowc                           0x00000000   Number         0  stubs.o ABSOLUTE
    _printf_n                                0x00000000   Number         0  stubs.o ABSOLUTE
    _printf_o                                0x00000000   Number         0  stubs.o ABSOLUTE
    _printf_p                                0x00000000   Number         0  stubs.o ABSOLUTE
    _printf_percent                          0x00000000   Number         0  stubs.o ABSOLUTE
    _printf_pre_padding                      0x00000000   Number         0  stubs.o ABSOLUTE
    _printf_return_value                     0x00000000   Number         0  stubs.o ABSOLUTE
    _printf_s                                0x00000000   Number         0  stubs.o ABSOLUTE
    _printf_sizespec                         0x00000000   Number         0  stubs.o ABSOLUTE
    _printf_str                              0x00000000   Number         0  stubs.o ABSOLUTE
    _printf_truncate_signed                  0x00000000   Number         0  stubs.o ABSOLUTE
    _printf_truncate_unsigned                0x00000000   Number         0  stubs.o ABSOLUTE
    _printf_u                                0x00000000   Number         0  stubs.o ABSOLUTE
    _printf_wc                               0x00000000   Number         0  stubs.o ABSOLUTE
    _printf_wctomb                           0x00000000   Number         0  stubs.o ABSOLUTE
    _printf_widthprec                        0x00000000   Number         0  stubs.o ABSOLUTE
    _printf_x                                0x00000000   Number         0  stubs.o ABSOLUTE
    __cpp_initialize__aeabi_                  - Undefined Weak Reference
    __cxa_finalize                            - Undefined Weak Reference
    __decompress                              - Undefined Weak Reference
    _clock_init                               - Undefined Weak Reference
    _microlib_exit                            - Undefined Weak Reference
    __Vectors_Size                           0x000001d8   Number         0  startup_stm32g431xx.o ABSOLUTE
    __Vectors                                0x08000000   Data           4  startup_stm32g431xx.o(RESET)
    __Vectors_End                            0x080001d8   Data           0  startup_stm32g431xx.o(RESET)
    __main                                   0x080001d9   Thumb Code     0  entry.o(.ARM.Collect$$$$00000000)
    _main_stk                                0x080001d9   Thumb Code     0  entry2.o(.ARM.Collect$$$$00000001)
    _main_scatterload                        0x080001dd   Thumb Code     0  entry5.o(.ARM.Collect$$$$00000004)
    __main_after_scatterload                 0x080001e1   Thumb Code     0  entry5.o(.ARM.Collect$$$$00000004)
    _main_clock                              0x080001e1   Thumb Code     0  entry7b.o(.ARM.Collect$$$$00000008)
    _main_cpp_init                           0x080001e1   Thumb Code     0  entry8b.o(.ARM.Collect$$$$0000000A)
    _main_init                               0x080001e1   Thumb Code     0  entry9a.o(.ARM.Collect$$$$0000000B)
    __rt_final_cpp                           0x080001e9   Thumb Code     0  entry10a.o(.ARM.Collect$$$$0000000D)
    __rt_final_exit                          0x080001e9   Thumb Code     0  entry11a.o(.ARM.Collect$$$$0000000F)
    Reset_Handler                            0x080001ed   Thumb Code     8  startup_stm32g431xx.o(.text)
    COMP1_2_3_IRQHandler                     0x08000207   Thumb Code     0  startup_stm32g431xx.o(.text)
    COMP4_IRQHandler                         0x08000207   Thumb Code     0  startup_stm32g431xx.o(.text)
    CORDIC_IRQHandler                        0x08000207   Thumb Code     0  startup_stm32g431xx.o(.text)
    CRS_IRQHandler                           0x08000207   Thumb Code     0  startup_stm32g431xx.o(.text)
    DMA1_Channel1_IRQHandler                 0x08000207   Thumb Code     0  startup_stm32g431xx.o(.text)
    DMA1_Channel2_IRQHandler                 0x08000207   Thumb Code     0  startup_stm32g431xx.o(.text)
    DMA1_Channel3_IRQHandler                 0x08000207   Thumb Code     0  startup_stm32g431xx.o(.text)
    DMA1_Channel4_IRQHandler                 0x08000207   Thumb Code     0  startup_stm32g431xx.o(.text)
    DMA1_Channel5_IRQHandler                 0x08000207   Thumb Code     0  startup_stm32g431xx.o(.text)
    DMA1_Channel6_IRQHandler                 0x08000207   Thumb Code     0  startup_stm32g431xx.o(.text)
    DMA2_Channel1_IRQHandler                 0x08000207   Thumb Code     0  startup_stm32g431xx.o(.text)
    DMA2_Channel2_IRQHandler                 0x08000207   Thumb Code     0  startup_stm32g431xx.o(.text)
    DMA2_Channel3_IRQHandler                 0x08000207   Thumb Code     0  startup_stm32g431xx.o(.text)
    DMA2_Channel4_IRQHandler                 0x08000207   Thumb Code     0  startup_stm32g431xx.o(.text)
    DMA2_Channel5_IRQHandler                 0x08000207   Thumb Code     0  startup_stm32g431xx.o(.text)
    DMA2_Channel6_IRQHandler                 0x08000207   Thumb Code     0  startup_stm32g431xx.o(.text)
    DMAMUX_OVR_IRQHandler                    0x08000207   Thumb Code     0  startup_stm32g431xx.o(.text)
    EXTI0_IRQHandler                         0x08000207   Thumb Code     0  startup_stm32g431xx.o(.text)
    EXTI15_10_IRQHandler                     0x08000207   Thumb Code     0  startup_stm32g431xx.o(.text)
    EXTI1_IRQHandler                         0x08000207   Thumb Code     0  startup_stm32g431xx.o(.text)
    EXTI2_IRQHandler                         0x08000207   Thumb Code     0  startup_stm32g431xx.o(.text)
    EXTI3_IRQHandler                         0x08000207   Thumb Code     0  startup_stm32g431xx.o(.text)
    EXTI4_IRQHandler                         0x08000207   Thumb Code     0  startup_stm32g431xx.o(.text)
    EXTI9_5_IRQHandler                       0x08000207   Thumb Code     0  startup_stm32g431xx.o(.text)
    FDCAN1_IT0_IRQHandler                    0x08000207   Thumb Code     0  startup_stm32g431xx.o(.text)
    FDCAN1_IT1_IRQHandler                    0x08000207   Thumb Code     0  startup_stm32g431xx.o(.text)
    FLASH_IRQHandler                         0x08000207   Thumb Code     0  startup_stm32g431xx.o(.text)
    FMAC_IRQHandler                          0x08000207   Thumb Code     0  startup_stm32g431xx.o(.text)
    FPU_IRQHandler                           0x08000207   Thumb Code     0  startup_stm32g431xx.o(.text)
    I2C1_ER_IRQHandler                       0x08000207   Thumb Code     0  startup_stm32g431xx.o(.text)
    I2C1_EV_IRQHandler                       0x08000207   Thumb Code     0  startup_stm32g431xx.o(.text)
    I2C2_ER_IRQHandler                       0x08000207   Thumb Code     0  startup_stm32g431xx.o(.text)
    I2C2_EV_IRQHandler                       0x08000207   Thumb Code     0  startup_stm32g431xx.o(.text)
    I2C3_ER_IRQHandler                       0x08000207   Thumb Code     0  startup_stm32g431xx.o(.text)
    I2C3_EV_IRQHandler                       0x08000207   Thumb Code     0  startup_stm32g431xx.o(.text)
    LPTIM1_IRQHandler                        0x08000207   Thumb Code     0  startup_stm32g431xx.o(.text)
    LPUART1_IRQHandler                       0x08000207   Thumb Code     0  startup_stm32g431xx.o(.text)
    PVD_PVM_IRQHandler                       0x08000207   Thumb Code     0  startup_stm32g431xx.o(.text)
    RCC_IRQHandler                           0x08000207   Thumb Code     0  startup_stm32g431xx.o(.text)
    RNG_IRQHandler                           0x08000207   Thumb Code     0  startup_stm32g431xx.o(.text)
    RTC_Alarm_IRQHandler                     0x08000207   Thumb Code     0  startup_stm32g431xx.o(.text)
    RTC_TAMP_LSECSS_IRQHandler               0x08000207   Thumb Code     0  startup_stm32g431xx.o(.text)
    RTC_WKUP_IRQHandler                      0x08000207   Thumb Code     0  startup_stm32g431xx.o(.text)
    SAI1_IRQHandler                          0x08000207   Thumb Code     0  startup_stm32g431xx.o(.text)
    SPI1_IRQHandler                          0x08000207   Thumb Code     0  startup_stm32g431xx.o(.text)
    SPI2_IRQHandler                          0x08000207   Thumb Code     0  startup_stm32g431xx.o(.text)
    SPI3_IRQHandler                          0x08000207   Thumb Code     0  startup_stm32g431xx.o(.text)
    TIM1_BRK_TIM15_IRQHandler                0x08000207   Thumb Code     0  startup_stm32g431xx.o(.text)
    TIM1_CC_IRQHandler                       0x08000207   Thumb Code     0  startup_stm32g431xx.o(.text)
    TIM1_TRG_COM_TIM17_IRQHandler            0x08000207   Thumb Code     0  startup_stm32g431xx.o(.text)
    TIM1_UP_TIM16_IRQHandler                 0x08000207   Thumb Code     0  startup_stm32g431xx.o(.text)
    TIM3_IRQHandler                          0x08000207   Thumb Code     0  startup_stm32g431xx.o(.text)
    TIM4_IRQHandler                          0x08000207   Thumb Code     0  startup_stm32g431xx.o(.text)
    TIM6_DAC_IRQHandler                      0x08000207   Thumb Code     0  startup_stm32g431xx.o(.text)
    TIM7_DAC_IRQHandler                      0x08000207   Thumb Code     0  startup_stm32g431xx.o(.text)
    TIM8_BRK_IRQHandler                      0x08000207   Thumb Code     0  startup_stm32g431xx.o(.text)
    TIM8_CC_IRQHandler                       0x08000207   Thumb Code     0  startup_stm32g431xx.o(.text)
    TIM8_TRG_COM_IRQHandler                  0x08000207   Thumb Code     0  startup_stm32g431xx.o(.text)
    TIM8_UP_IRQHandler                       0x08000207   Thumb Code     0  startup_stm32g431xx.o(.text)
    UART4_IRQHandler                         0x08000207   Thumb Code     0  startup_stm32g431xx.o(.text)
    UCPD1_IRQHandler                         0x08000207   Thumb Code     0  startup_stm32g431xx.o(.text)
    USART2_IRQHandler                        0x08000207   Thumb Code     0  startup_stm32g431xx.o(.text)
    USART3_IRQHandler                        0x08000207   Thumb Code     0  startup_stm32g431xx.o(.text)
    USBWakeUp_IRQHandler                     0x08000207   Thumb Code     0  startup_stm32g431xx.o(.text)
    USB_HP_IRQHandler                        0x08000207   Thumb Code     0  startup_stm32g431xx.o(.text)
    USB_LP_IRQHandler                        0x08000207   Thumb Code     0  startup_stm32g431xx.o(.text)
    WWDG_IRQHandler                          0x08000207   Thumb Code     0  startup_stm32g431xx.o(.text)
    __aeabi_uldivmod                         0x08000211   Thumb Code    98  uldiv.o(.text)
    __aeabi_memset                           0x08000273   Thumb Code    14  memseta.o(.text)
    __aeabi_memset4                          0x08000273   Thumb Code     0  memseta.o(.text)
    __aeabi_memset8                          0x08000273   Thumb Code     0  memseta.o(.text)
    __aeabi_memclr                           0x08000281   Thumb Code     4  memseta.o(.text)
    __aeabi_memclr4                          0x08000281   Thumb Code     0  memseta.o(.text)
    __aeabi_memclr8                          0x08000281   Thumb Code     0  memseta.o(.text)
    _memset$wrapper                          0x08000285   Thumb Code    18  memseta.o(.text)
    strcmp                                   0x08000297   Thumb Code    28  strcmp.o(.text)
    __aeabi_f2d                              0x080002b3   Thumb Code    38  f2d.o(.text)
    __aeabi_uidiv                            0x080002d9   Thumb Code     0  uidiv.o(.text)
    __aeabi_uidivmod                         0x080002d9   Thumb Code    44  uidiv.o(.text)
    __aeabi_llsl                             0x08000305   Thumb Code    30  llshl.o(.text)
    _ll_shift_l                              0x08000305   Thumb Code     0  llshl.o(.text)
    __aeabi_llsr                             0x08000323   Thumb Code    32  llushr.o(.text)
    _ll_ushift_r                             0x08000323   Thumb Code     0  llushr.o(.text)
    __I$use$fp                               0x08000343   Thumb Code     0  iusefp.o(.text)
    __aeabi_dadd                             0x08000343   Thumb Code   322  dadd.o(.text)
    __aeabi_dsub                             0x08000485   Thumb Code     6  dadd.o(.text)
    __aeabi_drsub                            0x0800048b   Thumb Code     6  dadd.o(.text)
    __aeabi_dmul                             0x08000491   Thumb Code   228  dmul.o(.text)
    __aeabi_ddiv                             0x08000575   Thumb Code   222  ddiv.o(.text)
    __aeabi_d2ulz                            0x08000653   Thumb Code    48  dfixul.o(.text)
    __aeabi_cdrcmple                         0x08000685   Thumb Code    48  cdrcmple.o(.text)
    __scatterload                            0x080006b5   Thumb Code    28  init.o(.text)
    __scatterload_rt2                        0x080006b5   Thumb Code     0  init.o(.text)
    __aeabi_lasr                             0x080006d9   Thumb Code    36  llsshr.o(.text)
    _ll_sshift_r                             0x080006d9   Thumb Code     0  llsshr.o(.text)
    _double_round                            0x080006fd   Thumb Code    30  depilogue.o(.text)
    _double_epilogue                         0x0800071b   Thumb Code   156  depilogue.o(.text)
    ADC1_2_IRQHandler                        0x080007b9   Thumb Code     6  stm32g4xx_it.o(i.ADC1_2_IRQHandler)
    ADC_DMAConvCplt                          0x080007c5   Thumb Code   148  stm32g4xx_hal_adc.o(i.ADC_DMAConvCplt)
    ADC_DMAError                             0x08000859   Thumb Code    26  stm32g4xx_hal_adc.o(i.ADC_DMAError)
    ADC_DMAHalfConvCplt                      0x08000873   Thumb Code    10  stm32g4xx_hal_adc.o(i.ADC_DMAHalfConvCplt)
    ADC_Enable                               0x0800087d   Thumb Code   146  stm32g4xx_hal_adc.o(i.ADC_Enable)
    ADC_Get                                  0x08000911   Thumb Code    60  main.o(i.ADC_Get)
    BusFault_Handler                         0x08000959   Thumb Code     2  stm32g4xx_it.o(i.BusFault_Handler)
    DebugMon_Handler                         0x08000a2b   Thumb Code     2  stm32g4xx_it.o(i.DebugMon_Handler)
    Delay_LCD                                0x08000a2d   Thumb Code    28  lcd.o(i.Delay_LCD)
    EEPROM_Read                              0x08000a49   Thumb Code    60  main.o(i.EEPROM_Read)
    EEPROM_Write                             0x08000a85   Thumb Code    54  main.o(i.EEPROM_Write)
    Error_Handler                            0x08000abb   Thumb Code     2  main.o(i.Error_Handler)
    HAL_ADCEx_EndOfSamplingCallback          0x08000abd   Thumb Code     2  stm32g4xx_hal_adc_ex.o(i.HAL_ADCEx_EndOfSamplingCallback)
    HAL_ADCEx_InjectedConvCpltCallback       0x08000abf   Thumb Code     2  stm32g4xx_hal_adc_ex.o(i.HAL_ADCEx_InjectedConvCpltCallback)
    HAL_ADCEx_InjectedQueueOverflowCallback  0x08000ac1   Thumb Code     2  stm32g4xx_hal_adc_ex.o(i.HAL_ADCEx_InjectedQueueOverflowCallback)
    HAL_ADCEx_LevelOutOfWindow2Callback      0x08000ac3   Thumb Code     2  stm32g4xx_hal_adc_ex.o(i.HAL_ADCEx_LevelOutOfWindow2Callback)
    HAL_ADCEx_LevelOutOfWindow3Callback      0x08000ac5   Thumb Code     2  stm32g4xx_hal_adc_ex.o(i.HAL_ADCEx_LevelOutOfWindow3Callback)
    HAL_ADC_ConfigChannel                    0x08000ac9   Thumb Code  1270  stm32g4xx_hal_adc.o(i.HAL_ADC_ConfigChannel)
    HAL_ADC_ConvCpltCallback                 0x08000fd9   Thumb Code     2  stm32g4xx_hal_adc.o(i.HAL_ADC_ConvCpltCallback)
    HAL_ADC_ConvHalfCpltCallback             0x08000fdb   Thumb Code     2  stm32g4xx_hal_adc.o(i.HAL_ADC_ConvHalfCpltCallback)
    HAL_ADC_ErrorCallback                    0x08000fdd   Thumb Code     2  stm32g4xx_hal_adc.o(i.HAL_ADC_ErrorCallback)
    HAL_ADC_IRQHandler                       0x08000fe1   Thumb Code   716  stm32g4xx_hal_adc.o(i.HAL_ADC_IRQHandler)
    HAL_ADC_Init                             0x080012b5   Thumb Code   504  stm32g4xx_hal_adc.o(i.HAL_ADC_Init)
    HAL_ADC_LevelOutOfWindowCallback         0x080014c1   Thumb Code     2  stm32g4xx_hal_adc.o(i.HAL_ADC_LevelOutOfWindowCallback)
    HAL_ADC_MspInit                          0x080014c5   Thumb Code   146  adc.o(i.HAL_ADC_MspInit)
    HAL_ADC_Start                            0x08001569   Thumb Code   250  stm32g4xx_hal_adc.o(i.HAL_ADC_Start)
    HAL_ADC_Start_DMA                        0x0800166d   Thumb Code   254  stm32g4xx_hal_adc.o(i.HAL_ADC_Start_DMA)
    HAL_DMA_Abort_IT                         0x0800177d   Thumb Code   148  stm32g4xx_hal_dma.o(i.HAL_DMA_Abort_IT)
    HAL_DMA_Init                             0x08001811   Thumb Code   184  stm32g4xx_hal_dma.o(i.HAL_DMA_Init)
    HAL_DMA_Start_IT                         0x080018e1   Thumb Code   154  stm32g4xx_hal_dma.o(i.HAL_DMA_Start_IT)
    HAL_Delay                                0x0800197d   Thumb Code    34  stm32g4xx_hal.o(i.HAL_Delay)
    HAL_GPIO_Init                            0x080019a5   Thumb Code   556  stm32g4xx_hal_gpio.o(i.HAL_GPIO_Init)
    HAL_GPIO_ReadPin                         0x08001be5   Thumb Code    14  stm32g4xx_hal_gpio.o(i.HAL_GPIO_ReadPin)
    HAL_GPIO_WritePin                        0x08001bf3   Thumb Code    12  stm32g4xx_hal_gpio.o(i.HAL_GPIO_WritePin)
    HAL_GetTick                              0x08001c01   Thumb Code     6  stm32g4xx_hal.o(i.HAL_GetTick)
    HAL_IncTick                              0x08001c0d   Thumb Code    12  stm32g4xx_hal.o(i.HAL_IncTick)
    HAL_Init                                 0x08001c1d   Thumb Code    30  stm32g4xx_hal.o(i.HAL_Init)
    HAL_InitTick                             0x08001c3d   Thumb Code    68  stm32g4xx_hal.o(i.HAL_InitTick)
    HAL_MspInit                              0x08001c89   Thumb Code    48  stm32g4xx_hal_msp.o(i.HAL_MspInit)
    HAL_NVIC_EnableIRQ                       0x08001cc1   Thumb Code    28  stm32g4xx_hal_cortex.o(i.HAL_NVIC_EnableIRQ)
    HAL_NVIC_SetPriority                     0x08001cdd   Thumb Code    98  stm32g4xx_hal_cortex.o(i.HAL_NVIC_SetPriority)
    HAL_NVIC_SetPriorityGrouping             0x08001d45   Thumb Code    30  stm32g4xx_hal_cortex.o(i.HAL_NVIC_SetPriorityGrouping)
    HAL_PWREx_ControlVoltageScaling          0x08001d69   Thumb Code   206  stm32g4xx_hal_pwr_ex.o(i.HAL_PWREx_ControlVoltageScaling)
    HAL_RCCEx_PeriphCLKConfig                0x08001e45   Thumb Code   720  stm32g4xx_hal_rcc_ex.o(i.HAL_RCCEx_PeriphCLKConfig)
    HAL_RCC_ClockConfig                      0x0800211d   Thumb Code   490  stm32g4xx_hal_rcc.o(i.HAL_RCC_ClockConfig)
    HAL_RCC_GetHCLKFreq                      0x08002321   Thumb Code     6  stm32g4xx_hal_rcc.o(i.HAL_RCC_GetHCLKFreq)
    HAL_RCC_GetPCLK1Freq                     0x0800232d   Thumb Code    26  stm32g4xx_hal_rcc.o(i.HAL_RCC_GetPCLK1Freq)
    HAL_RCC_GetPCLK2Freq                     0x08002351   Thumb Code    26  stm32g4xx_hal_rcc.o(i.HAL_RCC_GetPCLK2Freq)
    HAL_RCC_GetSysClockFreq                  0x08002375   Thumb Code   106  stm32g4xx_hal_rcc.o(i.HAL_RCC_GetSysClockFreq)
    HAL_RCC_OscConfig                        0x080023ed   Thumb Code  1310  stm32g4xx_hal_rcc.o(i.HAL_RCC_OscConfig)
    HAL_SYSTICK_Config                       0x08002911   Thumb Code    36  stm32g4xx_hal_cortex.o(i.HAL_SYSTICK_Config)
    HAL_TIMEx_Break2Callback                 0x08002939   Thumb Code     2  stm32g4xx_hal_tim_ex.o(i.HAL_TIMEx_Break2Callback)
    HAL_TIMEx_BreakCallback                  0x0800293b   Thumb Code     2  stm32g4xx_hal_tim_ex.o(i.HAL_TIMEx_BreakCallback)
    HAL_TIMEx_CommutCallback                 0x0800293d   Thumb Code     2  stm32g4xx_hal_tim_ex.o(i.HAL_TIMEx_CommutCallback)
    HAL_TIMEx_ConfigBreakDeadTime            0x08002941   Thumb Code   170  stm32g4xx_hal_tim_ex.o(i.HAL_TIMEx_ConfigBreakDeadTime)
    HAL_TIMEx_DirectionChangeCallback        0x080029f5   Thumb Code     2  stm32g4xx_hal_tim_ex.o(i.HAL_TIMEx_DirectionChangeCallback)
    HAL_TIMEx_EncoderIndexCallback           0x080029f7   Thumb Code     2  stm32g4xx_hal_tim_ex.o(i.HAL_TIMEx_EncoderIndexCallback)
    HAL_TIMEx_IndexErrorCallback             0x080029f9   Thumb Code     2  stm32g4xx_hal_tim_ex.o(i.HAL_TIMEx_IndexErrorCallback)
    HAL_TIMEx_MasterConfigSynchronization    0x080029fd   Thumb Code   142  stm32g4xx_hal_tim_ex.o(i.HAL_TIMEx_MasterConfigSynchronization)
    HAL_TIMEx_TransitionErrorCallback        0x08002a95   Thumb Code     2  stm32g4xx_hal_tim_ex.o(i.HAL_TIMEx_TransitionErrorCallback)
    HAL_TIM_Base_Init                        0x08002a97   Thumb Code   100  stm32g4xx_hal_tim.o(i.HAL_TIM_Base_Init)
    HAL_TIM_Base_MspInit                     0x08002afd   Thumb Code   126  tim.o(i.HAL_TIM_Base_MspInit)
    HAL_TIM_ConfigClockSource                0x08002b85   Thumb Code   262  stm32g4xx_hal_tim.o(i.HAL_TIM_ConfigClockSource)
    HAL_TIM_IC_CaptureCallback               0x08002c91   Thumb Code    72  main.o(i.HAL_TIM_IC_CaptureCallback)
    HAL_TIM_IC_ConfigChannel                 0x08002ce1   Thumb Code   180  stm32g4xx_hal_tim.o(i.HAL_TIM_IC_ConfigChannel)
    HAL_TIM_IC_Init                          0x08002d95   Thumb Code   100  stm32g4xx_hal_tim.o(i.HAL_TIM_IC_Init)
    HAL_TIM_IC_MspInit                       0x08002df9   Thumb Code     2  stm32g4xx_hal_tim.o(i.HAL_TIM_IC_MspInit)
    HAL_TIM_IC_Start_IT                      0x08002dfd   Thumb Code   290  stm32g4xx_hal_tim.o(i.HAL_TIM_IC_Start_IT)
    HAL_TIM_IRQHandler                       0x08002f25   Thumb Code   522  stm32g4xx_hal_tim.o(i.HAL_TIM_IRQHandler)
    HAL_TIM_MspPostInit                      0x08003131   Thumb Code    72  tim.o(i.HAL_TIM_MspPostInit)
    HAL_TIM_OC_DelayElapsedCallback          0x08003181   Thumb Code     2  stm32g4xx_hal_tim.o(i.HAL_TIM_OC_DelayElapsedCallback)
    HAL_TIM_PWM_ConfigChannel                0x08003183   Thumb Code   304  stm32g4xx_hal_tim.o(i.HAL_TIM_PWM_ConfigChannel)
    HAL_TIM_PWM_Init                         0x080032b3   Thumb Code   100  stm32g4xx_hal_tim.o(i.HAL_TIM_PWM_Init)
    HAL_TIM_PWM_MspInit                      0x08003317   Thumb Code     2  stm32g4xx_hal_tim.o(i.HAL_TIM_PWM_MspInit)
    HAL_TIM_PWM_PulseFinishedCallback        0x08003319   Thumb Code     2  stm32g4xx_hal_tim.o(i.HAL_TIM_PWM_PulseFinishedCallback)
    HAL_TIM_PWM_Start                        0x0800331d   Thumb Code   220  stm32g4xx_hal_tim.o(i.HAL_TIM_PWM_Start)
    HAL_TIM_PeriodElapsedCallback            0x080033fd   Thumb Code     2  stm32g4xx_hal_tim.o(i.HAL_TIM_PeriodElapsedCallback)
    HAL_TIM_TriggerCallback                  0x080033ff   Thumb Code     2  stm32g4xx_hal_tim.o(i.HAL_TIM_TriggerCallback)
    HAL_UARTEx_DisableFifoMode               0x08003401   Thumb Code    62  stm32g4xx_hal_uart_ex.o(i.HAL_UARTEx_DisableFifoMode)
    HAL_UARTEx_RxFifoFullCallback            0x0800343f   Thumb Code     2  stm32g4xx_hal_uart_ex.o(i.HAL_UARTEx_RxFifoFullCallback)
    HAL_UARTEx_SetRxFifoThreshold            0x08003441   Thumb Code    76  stm32g4xx_hal_uart_ex.o(i.HAL_UARTEx_SetRxFifoThreshold)
    HAL_UARTEx_SetTxFifoThreshold            0x0800348d   Thumb Code    76  stm32g4xx_hal_uart_ex.o(i.HAL_UARTEx_SetTxFifoThreshold)
    HAL_UARTEx_TxFifoEmptyCallback           0x080034d9   Thumb Code     2  stm32g4xx_hal_uart_ex.o(i.HAL_UARTEx_TxFifoEmptyCallback)
    HAL_UARTEx_WakeupCallback                0x080034db   Thumb Code     2  stm32g4xx_hal_uart_ex.o(i.HAL_UARTEx_WakeupCallback)
    HAL_UART_ErrorCallback                   0x080034dd   Thumb Code     2  stm32g4xx_hal_uart.o(i.HAL_UART_ErrorCallback)
    HAL_UART_IRQHandler                      0x080034e1   Thumb Code   472  stm32g4xx_hal_uart.o(i.HAL_UART_IRQHandler)
    HAL_UART_Init                            0x080036c1   Thumb Code   112  stm32g4xx_hal_uart.o(i.HAL_UART_Init)
    HAL_UART_MspInit                         0x08003731   Thumb Code   106  usart.o(i.HAL_UART_MspInit)
    HAL_UART_Receive_IT                      0x080037a5   Thumb Code   272  stm32g4xx_hal_uart.o(i.HAL_UART_Receive_IT)
    HAL_UART_RxCpltCallback                  0x080038c5   Thumb Code    32  main.o(i.HAL_UART_RxCpltCallback)
    HAL_UART_Transmit                        0x080038f1   Thumb Code   214  stm32g4xx_hal_uart.o(i.HAL_UART_Transmit)
    HAL_UART_TxCpltCallback                  0x080039c7   Thumb Code     2  stm32g4xx_hal_uart.o(i.HAL_UART_TxCpltCallback)
    HardFault_Handler                        0x080039c9   Thumb Code     2  stm32g4xx_it.o(i.HardFault_Handler)
    I2CInit                                  0x080039cd   Thumb Code    38  i2c_hal.o(i.I2CInit)
    I2CReceiveByte                           0x080039f9   Thumb Code    78  i2c_hal.o(i.I2CReceiveByte)
    I2CSendByte                              0x08003a47   Thumb Code    78  i2c_hal.o(i.I2CSendByte)
    I2CSendNotAck                            0x08003a95   Thumb Code    48  i2c_hal.o(i.I2CSendNotAck)
    I2CStart                                 0x08003ac5   Thumb Code    54  i2c_hal.o(i.I2CStart)
    I2CStop                                  0x08003afb   Thumb Code    54  i2c_hal.o(i.I2CStop)
    I2CWaitAck                               0x08003b31   Thumb Code    80  i2c_hal.o(i.I2CWaitAck)
    KEY1                                     0x08003b81   Thumb Code    80  main.o(i.KEY1)
    KEY2                                     0x08003bdd   Thumb Code    90  main.o(i.KEY2)
    KEY3                                     0x08003c45   Thumb Code    90  main.o(i.KEY3)
    KEY4                                     0x08003cad   Thumb Code   494  main.o(i.KEY4)
    KEY_Proc                                 0x08003ead   Thumb Code    30  main.o(i.KEY_Proc)
    LCD_BusIn                                0x08003ed1   Thumb Code    40  lcd.o(i.LCD_BusIn)
    LCD_BusOut                               0x08003efd   Thumb Code    42  lcd.o(i.LCD_BusOut)
    LCD_Clear                                0x08003f2d   Thumb Code    36  lcd.o(i.LCD_Clear)
    LCD_CtrlLinesConfig                      0x08003f51   Thumb Code   136  lcd.o(i.LCD_CtrlLinesConfig)
    LCD_DisplayChar                          0x08003fe1   Thumb Code    18  lcd.o(i.LCD_DisplayChar)
    LCD_DisplayStringLine                    0x08003ff9   Thumb Code    42  lcd.o(i.LCD_DisplayStringLine)
    LCD_DrawChar                             0x08004025   Thumb Code    84  lcd.o(i.LCD_DrawChar)
    LCD_Init                                 0x0800407d   Thumb Code    46  lcd.o(i.LCD_Init)
    LCD_Proc                                 0x080040b1   Thumb Code   518  main.o(i.LCD_Proc)
    LCD_ReadReg                              0x080043f9   Thumb Code   120  lcd.o(i.LCD_ReadReg)
    LCD_SetBackColor                         0x08004479   Thumb Code    12  lcd.o(i.LCD_SetBackColor)
    LCD_SetCursor                            0x08004489   Thumb Code    24  lcd.o(i.LCD_SetCursor)
    LCD_SetTextColor                         0x080044a1   Thumb Code    12  lcd.o(i.LCD_SetTextColor)
    LCD_WriteRAM                             0x080044b1   Thumb Code    88  lcd.o(i.LCD_WriteRAM)
    LCD_WriteRAM_Prepare                     0x08004511   Thumb Code    90  lcd.o(i.LCD_WriteRAM_Prepare)
    LCD_WriteReg                             0x08004575   Thumb Code   106  lcd.o(i.LCD_WriteReg)
    LED_Disp                                 0x080045e9   Thumb Code    50  gpio.o(i.LED_Disp)
    LED_Init                                 0x08004625   Thumb Code    40  gpio.o(i.LED_Init)
    LED_Proc                                 0x08004655   Thumb Code   138  main.o(i.LED_Proc)
    MX_ADC2_Init                             0x080046e9   Thumb Code   132  adc.o(i.MX_ADC2_Init)
    MX_DMA_Init                              0x0800477d   Thumb Code    38  dma.o(i.MX_DMA_Init)
    MX_GPIO_Init                             0x080047a9   Thumb Code   268  gpio.o(i.MX_GPIO_Init)
    MX_TIM17_Init                            0x080048c5   Thumb Code   140  tim.o(i.MX_TIM17_Init)
    MX_TIM2_Init                             0x08004959   Thumb Code   144  tim.o(i.MX_TIM2_Init)
    MX_USART1_UART_Init                      0x080049ed   Thumb Code    94  usart.o(i.MX_USART1_UART_Init)
    MemManage_Handler                        0x08004a55   Thumb Code     2  stm32g4xx_it.o(i.MemManage_Handler)
    NMI_Handler                              0x08004a57   Thumb Code     2  stm32g4xx_it.o(i.NMI_Handler)
    PWM_Proc                                 0x08004a59   Thumb Code    54  main.o(i.PWM_Proc)
    PendSV_Handler                           0x08004a9d   Thumb Code     2  stm32g4xx_it.o(i.PendSV_Handler)
    REG_8230_Init                            0x08004af1   Thumb Code   274  lcd.o(i.REG_8230_Init)
    REG_932X_Init                            0x08004c03   Thumb Code   514  lcd.o(i.REG_932X_Init)
    SCL_Output                               0x08004e05   Thumb Code    20  i2c_hal.o(i.SCL_Output)
    SDA_Input                                0x08004e1d   Thumb Code    18  i2c_hal.o(i.SDA_Input)
    SDA_Input_Mode                           0x08004e35   Thumb Code    40  i2c_hal.o(i.SDA_Input_Mode)
    SDA_Output                               0x08004e61   Thumb Code    20  i2c_hal.o(i.SDA_Output)
    SDA_Output_Mode                          0x08004e79   Thumb Code    40  i2c_hal.o(i.SDA_Output_Mode)
    SVC_Handler                              0x08004ea5   Thumb Code     2  stm32g4xx_it.o(i.SVC_Handler)
    SysTick_Handler                          0x08004ea7   Thumb Code     4  stm32g4xx_it.o(i.SysTick_Handler)
    SystemClock_Config                       0x08004eab   Thumb Code   114  main.o(i.SystemClock_Config)
    SystemInit                               0x08004f1d   Thumb Code    22  system_stm32g4xx.o(i.SystemInit)
    TIM2_IRQHandler                          0x08004f39   Thumb Code     6  stm32g4xx_it.o(i.TIM2_IRQHandler)
    TIM_Base_SetConfig                       0x08004f45   Thumb Code   148  stm32g4xx_hal_tim.o(i.TIM_Base_SetConfig)
    TIM_CCxChannelCmd                        0x08004ff5   Thumb Code    30  stm32g4xx_hal_tim.o(i.TIM_CCxChannelCmd)
    TIM_ETR_SetConfig                        0x08005013   Thumb Code    22  stm32g4xx_hal_tim.o(i.TIM_ETR_SetConfig)
    TIM_OC2_SetConfig                        0x080050e5   Thumb Code   146  stm32g4xx_hal_tim.o(i.TIM_OC2_SetConfig)
    TIM_TI1_SetConfig                        0x080053c9   Thumb Code   122  stm32g4xx_hal_tim.o(i.TIM_TI1_SetConfig)
    UART                                     0x08005525   Thumb Code   228  main.o(i.UART)
    UART_AdvFeatureConfig                    0x080056d9   Thumb Code   216  stm32g4xx_hal_uart.o(i.UART_AdvFeatureConfig)
    UART_CheckIdleState                      0x080057b1   Thumb Code   102  stm32g4xx_hal_uart.o(i.UART_CheckIdleState)
    UART_SetConfig                           0x08005a79   Thumb Code  2912  stm32g4xx_hal_uart.o(i.UART_SetConfig)
    UART_WaitOnFlagUntilTimeout              0x080065d9   Thumb Code   120  stm32g4xx_hal_uart.o(i.UART_WaitOnFlagUntilTimeout)
    USART1_IRQHandler                        0x08006651   Thumb Code     6  stm32g4xx_it.o(i.USART1_IRQHandler)
    UsageFault_Handler                       0x0800665d   Thumb Code     2  stm32g4xx_it.o(i.UsageFault_Handler)
    __0printf                                0x08006661   Thumb Code    22  printfa.o(i.__0printf)
    __1printf                                0x08006661   Thumb Code     0  printfa.o(i.__0printf)
    __2printf                                0x08006661   Thumb Code     0  printfa.o(i.__0printf)
    __c89printf                              0x08006661   Thumb Code     0  printfa.o(i.__0printf)
    printf                                   0x08006661   Thumb Code     0  printfa.o(i.__0printf)
    __0sprintf                               0x08006681   Thumb Code    34  printfa.o(i.__0sprintf)
    __1sprintf                               0x08006681   Thumb Code     0  printfa.o(i.__0sprintf)
    __2sprintf                               0x08006681   Thumb Code     0  printfa.o(i.__0sprintf)
    __c89sprintf                             0x08006681   Thumb Code     0  printfa.o(i.__0sprintf)
    sprintf                                  0x08006681   Thumb Code     0  printfa.o(i.__0sprintf)
    __scatterload_copy                       0x080066a9   Thumb Code    14  handlers.o(i.__scatterload_copy)
    __scatterload_null                       0x080066b7   Thumb Code     2  handlers.o(i.__scatterload_null)
    __scatterload_zeroinit                   0x080066b9   Thumb Code    14  handlers.o(i.__scatterload_zeroinit)
    fputc                                    0x08006f91   Thumb Code    18  main.o(i.fputc)
    main                                     0x08006fa9   Thumb Code   156  main.o(i.main)
    ASCII_Table                              0x08007068   Data        4560  lcd.o(.constdata)
    AHBPrescTable                            0x08008238   Data          16  system_stm32g4xx.o(.constdata)
    APBPrescTable                            0x08008248   Data           8  system_stm32g4xx.o(.constdata)
    Region$$Table$$Base                      0x08008250   Number         0  anon$$obj.o(Region$$Table)
    Region$$Table$$Limit                     0x08008270   Number         0  anon$$obj.o(Region$$Table)
    dummy                                    0x20000004   Data           2  lcd.o(.data)
    LCD_Flag                                 0x2000000d   Data           1  main.o(.data)
    LCD_Mode                                 0x2000000e   Data           1  main.o(.data)
    ADC_Flag                                 0x2000000f   Data           1  main.o(.data)
    PWM_Mode                                 0x20000010   Data           1  main.o(.data)
    rx_count                                 0x20000011   Data           1  main.o(.data)
    X                                        0x20000012   Data           1  main.o(.data)
    Y                                        0x20000013   Data           1  main.o(.data)
    CaptureNum                               0x20000014   Data           1  main.o(.data)
    rx_date                                  0x20000015   Data           2  main.o(.data)
    N                                        0x20000017   Data           2  main.o(.data)
    GetValue1                                0x2000001a   Data           2  main.o(.data)
    GetValue2                                0x2000001c   Data           2  main.o(.data)
    GetValue                                 0x2000001e   Data           2  main.o(.data)
    DMA_date                                 0x20000040   Data           4  main.o(.data)
    PA4                                      0x20000044   Data           4  main.o(.data)
    PA5                                      0x20000048   Data           4  main.o(.data)
    PA1                                      0x2000004c   Data           4  main.o(.data)
    Min                                      0x20000050   Data           8  main.o(.data)
    Max                                      0x20000058   Data           8  main.o(.data)
    Ave                                      0x20000060   Data           8  main.o(.data)
    SystemCoreClock                          0x20000068   Data           4  system_stm32g4xx.o(.data)
    uwTickPrio                               0x2000006c   Data           4  stm32g4xx_hal.o(.data)
    uwTickFreq                               0x20000070   Data           4  stm32g4xx_hal.o(.data)
    uwTick                                   0x20000074   Data           4  stm32g4xx_hal.o(.data)
    __stdout                                 0x20000078   Data           4  stdout.o(.data)
    buff                                     0x2000007c   Data          30  main.o(.bss)
    rx_buff                                  0x2000009a   Data          30  main.o(.bss)
    PA4_value                                0x200000b8   Data        1024  main.o(.bss)
    PA5_value                                0x200004b8   Data        1024  main.o(.bss)
    hadc2                                    0x200008b8   Data         108  adc.o(.bss)
    hdma_adc2                                0x20000924   Data          96  adc.o(.bss)
    htim2                                    0x20000984   Data          76  tim.o(.bss)
    htim17                                   0x200009d0   Data          76  tim.o(.bss)
    huart1                                   0x20000a1c   Data         140  usart.o(.bss)
    __initial_sp                             0x20000ea8   Data           0  startup_stm32g431xx.o(STACK)



==============================================================================

Memory Map of the image

  Image Entry point : 0x080001d9

  Load Region LR_IROM1 (Base: 0x08000000, Size: 0x000082ec, Max: 0x00020000, ABSOLUTE)

    Execution Region ER_IROM1 (Exec base: 0x08000000, Load base: 0x08000000, Size: 0x00008270, Max: 0x00020000, ABSOLUTE)

    Exec Addr    Load Addr    Size         Type   Attr      Idx    E Section Name        Object

    0x08000000   0x08000000   0x000001d8   Data   RO            3    RESET               startup_stm32g431xx.o
    0x080001d8   0x080001d8   0x00000000   Code   RO         4505  * .ARM.Collect$$$$00000000  mc_w.l(entry.o)
    0x080001d8   0x080001d8   0x00000004   Code   RO         4777    .ARM.Collect$$$$00000001  mc_w.l(entry2.o)
    0x080001dc   0x080001dc   0x00000004   Code   RO         4780    .ARM.Collect$$$$00000004  mc_w.l(entry5.o)
    0x080001e0   0x080001e0   0x00000000   Code   RO         4782    .ARM.Collect$$$$00000008  mc_w.l(entry7b.o)
    0x080001e0   0x080001e0   0x00000000   Code   RO         4784    .ARM.Collect$$$$0000000A  mc_w.l(entry8b.o)
    0x080001e0   0x080001e0   0x00000008   Code   RO         4785    .ARM.Collect$$$$0000000B  mc_w.l(entry9a.o)
    0x080001e8   0x080001e8   0x00000000   Code   RO         4787    .ARM.Collect$$$$0000000D  mc_w.l(entry10a.o)
    0x080001e8   0x080001e8   0x00000000   Code   RO         4789    .ARM.Collect$$$$0000000F  mc_w.l(entry11a.o)
    0x080001e8   0x080001e8   0x00000004   Code   RO         4778    .ARM.Collect$$$$00002712  mc_w.l(entry2.o)
    0x080001ec   0x080001ec   0x00000024   Code   RO            4    .text               startup_stm32g431xx.o
    0x08000210   0x08000210   0x00000062   Code   RO         4508    .text               mc_w.l(uldiv.o)
    0x08000272   0x08000272   0x00000024   Code   RO         4510    .text               mc_w.l(memseta.o)
    0x08000296   0x08000296   0x0000001c   Code   RO         4512    .text               mc_w.l(strcmp.o)
    0x080002b2   0x080002b2   0x00000026   Code   RO         4775    .text               mf_w.l(f2d.o)
    0x080002d8   0x080002d8   0x0000002c   Code   RO         4792    .text               mc_w.l(uidiv.o)
    0x08000304   0x08000304   0x0000001e   Code   RO         4794    .text               mc_w.l(llshl.o)
    0x08000322   0x08000322   0x00000020   Code   RO         4796    .text               mc_w.l(llushr.o)
    0x08000342   0x08000342   0x00000000   Code   RO         4798    .text               mc_w.l(iusefp.o)
    0x08000342   0x08000342   0x0000014e   Code   RO         4799    .text               mf_w.l(dadd.o)
    0x08000490   0x08000490   0x000000e4   Code   RO         4801    .text               mf_w.l(dmul.o)
    0x08000574   0x08000574   0x000000de   Code   RO         4803    .text               mf_w.l(ddiv.o)
    0x08000652   0x08000652   0x00000030   Code   RO         4805    .text               mf_w.l(dfixul.o)
    0x08000682   0x08000682   0x00000002   PAD
    0x08000684   0x08000684   0x00000030   Code   RO         4807    .text               mf_w.l(cdrcmple.o)
    0x080006b4   0x080006b4   0x00000024   Code   RO         4809    .text               mc_w.l(init.o)
    0x080006d8   0x080006d8   0x00000024   Code   RO         4811    .text               mc_w.l(llsshr.o)
    0x080006fc   0x080006fc   0x000000ba   Code   RO         4813    .text               mf_w.l(depilogue.o)
    0x080007b6   0x080007b6   0x00000002   PAD
    0x080007b8   0x080007b8   0x0000000c   Code   RO          787    i.ADC1_2_IRQHandler  stm32g4xx_it.o
    0x080007c4   0x080007c4   0x00000094   Code   RO         1013    i.ADC_DMAConvCplt   stm32g4xx_hal_adc.o
    0x08000858   0x08000858   0x0000001a   Code   RO         1014    i.ADC_DMAError      stm32g4xx_hal_adc.o
    0x08000872   0x08000872   0x0000000a   Code   RO         1015    i.ADC_DMAHalfConvCplt  stm32g4xx_hal_adc.o
    0x0800087c   0x0800087c   0x00000092   Code   RO         1017    i.ADC_Enable        stm32g4xx_hal_adc.o
    0x0800090e   0x0800090e   0x00000002   PAD
    0x08000910   0x08000910   0x00000048   Code   RO          435    i.ADC_Get           main.o
    0x08000958   0x08000958   0x00000002   Code   RO          788    i.BusFault_Handler  stm32g4xx_it.o
    0x0800095a   0x0800095a   0x00000002   PAD
    0x0800095c   0x0800095c   0x0000004c   Code   RO         2231    i.DMA_CalcDMAMUXChannelBaseAndMask  stm32g4xx_hal_dma.o
    0x080009a8   0x080009a8   0x00000028   Code   RO         2232    i.DMA_CalcDMAMUXRequestGenBaseAndMask  stm32g4xx_hal_dma.o
    0x080009d0   0x080009d0   0x0000005a   Code   RO         2233    i.DMA_SetConfig     stm32g4xx_hal_dma.o
    0x08000a2a   0x08000a2a   0x00000002   Code   RO          789    i.DebugMon_Handler  stm32g4xx_it.o
    0x08000a2c   0x08000a2c   0x0000001c   Code   RO           13    i.Delay_LCD         lcd.o
    0x08000a48   0x08000a48   0x0000003c   Code   RO          436    i.EEPROM_Read       main.o
    0x08000a84   0x08000a84   0x00000036   Code   RO          437    i.EEPROM_Write      main.o
    0x08000aba   0x08000aba   0x00000002   Code   RO          438    i.Error_Handler     main.o
    0x08000abc   0x08000abc   0x00000002   Code   RO         1224    i.HAL_ADCEx_EndOfSamplingCallback  stm32g4xx_hal_adc_ex.o
    0x08000abe   0x08000abe   0x00000002   Code   RO         1227    i.HAL_ADCEx_InjectedConvCpltCallback  stm32g4xx_hal_adc_ex.o
    0x08000ac0   0x08000ac0   0x00000002   Code   RO         1230    i.HAL_ADCEx_InjectedQueueOverflowCallback  stm32g4xx_hal_adc_ex.o
    0x08000ac2   0x08000ac2   0x00000002   Code   RO         1235    i.HAL_ADCEx_LevelOutOfWindow2Callback  stm32g4xx_hal_adc_ex.o
    0x08000ac4   0x08000ac4   0x00000002   Code   RO         1236    i.HAL_ADCEx_LevelOutOfWindow3Callback  stm32g4xx_hal_adc_ex.o
    0x08000ac6   0x08000ac6   0x00000002   PAD
    0x08000ac8   0x08000ac8   0x00000510   Code   RO         1019    i.HAL_ADC_ConfigChannel  stm32g4xx_hal_adc.o
    0x08000fd8   0x08000fd8   0x00000002   Code   RO         1020    i.HAL_ADC_ConvCpltCallback  stm32g4xx_hal_adc.o
    0x08000fda   0x08000fda   0x00000002   Code   RO         1021    i.HAL_ADC_ConvHalfCpltCallback  stm32g4xx_hal_adc.o
    0x08000fdc   0x08000fdc   0x00000002   Code   RO         1023    i.HAL_ADC_ErrorCallback  stm32g4xx_hal_adc.o
    0x08000fde   0x08000fde   0x00000002   PAD
    0x08000fe0   0x08000fe0   0x000002d4   Code   RO         1027    i.HAL_ADC_IRQHandler  stm32g4xx_hal_adc.o
    0x080012b4   0x080012b4   0x0000020c   Code   RO         1028    i.HAL_ADC_Init      stm32g4xx_hal_adc.o
    0x080014c0   0x080014c0   0x00000002   Code   RO         1029    i.HAL_ADC_LevelOutOfWindowCallback  stm32g4xx_hal_adc.o
    0x080014c2   0x080014c2   0x00000002   PAD
    0x080014c4   0x080014c4   0x000000a4   Code   RO          626    i.HAL_ADC_MspInit   adc.o
    0x08001568   0x08001568   0x00000104   Code   RO         1034    i.HAL_ADC_Start     stm32g4xx_hal_adc.o
    0x0800166c   0x0800166c   0x00000110   Code   RO         1036    i.HAL_ADC_Start_DMA  stm32g4xx_hal_adc.o
    0x0800177c   0x0800177c   0x00000094   Code   RO         2235    i.HAL_DMA_Abort_IT  stm32g4xx_hal_dma.o
    0x08001810   0x08001810   0x000000d0   Code   RO         2240    i.HAL_DMA_Init      stm32g4xx_hal_dma.o
    0x080018e0   0x080018e0   0x0000009a   Code   RO         2244    i.HAL_DMA_Start_IT  stm32g4xx_hal_dma.o
    0x0800197a   0x0800197a   0x00000002   PAD
    0x0800197c   0x0800197c   0x00000028   Code   RO         1411    i.HAL_Delay         stm32g4xx_hal.o
    0x080019a4   0x080019a4   0x00000240   Code   RO          949    i.HAL_GPIO_Init     stm32g4xx_hal_gpio.o
    0x08001be4   0x08001be4   0x0000000e   Code   RO          951    i.HAL_GPIO_ReadPin  stm32g4xx_hal_gpio.o
    0x08001bf2   0x08001bf2   0x0000000c   Code   RO          953    i.HAL_GPIO_WritePin  stm32g4xx_hal_gpio.o
    0x08001bfe   0x08001bfe   0x00000002   PAD
    0x08001c00   0x08001c00   0x0000000c   Code   RO         1415    i.HAL_GetTick       stm32g4xx_hal.o
    0x08001c0c   0x08001c0c   0x00000010   Code   RO         1418    i.HAL_IncTick       stm32g4xx_hal.o
    0x08001c1c   0x08001c1c   0x0000001e   Code   RO         1419    i.HAL_Init          stm32g4xx_hal.o
    0x08001c3a   0x08001c3a   0x00000002   PAD
    0x08001c3c   0x08001c3c   0x0000004c   Code   RO         1420    i.HAL_InitTick      stm32g4xx_hal.o
    0x08001c88   0x08001c88   0x00000038   Code   RO          881    i.HAL_MspInit       stm32g4xx_hal_msp.o
    0x08001cc0   0x08001cc0   0x0000001c   Code   RO         2743    i.HAL_NVIC_EnableIRQ  stm32g4xx_hal_cortex.o
    0x08001cdc   0x08001cdc   0x00000068   Code   RO         2749    i.HAL_NVIC_SetPriority  stm32g4xx_hal_cortex.o
    0x08001d44   0x08001d44   0x00000024   Code   RO         2750    i.HAL_NVIC_SetPriorityGrouping  stm32g4xx_hal_cortex.o
    0x08001d68   0x08001d68   0x000000dc   Code   RO         2499    i.HAL_PWREx_ControlVoltageScaling  stm32g4xx_hal_pwr_ex.o
    0x08001e44   0x08001e44   0x000002d8   Code   RO         1769    i.HAL_RCCEx_PeriphCLKConfig  stm32g4xx_hal_rcc_ex.o
    0x0800211c   0x0800211c   0x00000204   Code   RO         1639    i.HAL_RCC_ClockConfig  stm32g4xx_hal_rcc.o
    0x08002320   0x08002320   0x0000000c   Code   RO         1645    i.HAL_RCC_GetHCLKFreq  stm32g4xx_hal_rcc.o
    0x0800232c   0x0800232c   0x00000024   Code   RO         1647    i.HAL_RCC_GetPCLK1Freq  stm32g4xx_hal_rcc.o
    0x08002350   0x08002350   0x00000024   Code   RO         1648    i.HAL_RCC_GetPCLK2Freq  stm32g4xx_hal_rcc.o
    0x08002374   0x08002374   0x00000078   Code   RO         1649    i.HAL_RCC_GetSysClockFreq  stm32g4xx_hal_rcc.o
    0x080023ec   0x080023ec   0x00000524   Code   RO         1652    i.HAL_RCC_OscConfig  stm32g4xx_hal_rcc.o
    0x08002910   0x08002910   0x00000028   Code   RO         2754    i.HAL_SYSTICK_Config  stm32g4xx_hal_cortex.o
    0x08002938   0x08002938   0x00000002   Code   RO         3595    i.HAL_TIMEx_Break2Callback  stm32g4xx_hal_tim_ex.o
    0x0800293a   0x0800293a   0x00000002   Code   RO         3596    i.HAL_TIMEx_BreakCallback  stm32g4xx_hal_tim_ex.o
    0x0800293c   0x0800293c   0x00000002   Code   RO         3597    i.HAL_TIMEx_CommutCallback  stm32g4xx_hal_tim_ex.o
    0x0800293e   0x0800293e   0x00000002   PAD
    0x08002940   0x08002940   0x000000b4   Code   RO         3600    i.HAL_TIMEx_ConfigBreakDeadTime  stm32g4xx_hal_tim_ex.o
    0x080029f4   0x080029f4   0x00000002   Code   RO         3608    i.HAL_TIMEx_DirectionChangeCallback  stm32g4xx_hal_tim_ex.o
    0x080029f6   0x080029f6   0x00000002   Code   RO         3622    i.HAL_TIMEx_EncoderIndexCallback  stm32g4xx_hal_tim_ex.o
    0x080029f8   0x080029f8   0x00000002   Code   RO         3636    i.HAL_TIMEx_IndexErrorCallback  stm32g4xx_hal_tim_ex.o
    0x080029fa   0x080029fa   0x00000002   PAD
    0x080029fc   0x080029fc   0x00000098   Code   RO         3637    i.HAL_TIMEx_MasterConfigSynchronization  stm32g4xx_hal_tim_ex.o
    0x08002a94   0x08002a94   0x00000002   Code   RO         3658    i.HAL_TIMEx_TransitionErrorCallback  stm32g4xx_hal_tim_ex.o
    0x08002a96   0x08002a96   0x00000064   Code   RO         2870    i.HAL_TIM_Base_Init  stm32g4xx_hal_tim.o
    0x08002afa   0x08002afa   0x00000002   PAD
    0x08002afc   0x08002afc   0x00000088   Code   RO          692    i.HAL_TIM_Base_MspInit  tim.o
    0x08002b84   0x08002b84   0x0000010c   Code   RO         2879    i.HAL_TIM_ConfigClockSource  stm32g4xx_hal_tim.o
    0x08002c90   0x08002c90   0x00000050   Code   RO          439    i.HAL_TIM_IC_CaptureCallback  main.o
    0x08002ce0   0x08002ce0   0x000000b4   Code   RO         2906    i.HAL_TIM_IC_ConfigChannel  stm32g4xx_hal_tim.o
    0x08002d94   0x08002d94   0x00000064   Code   RO         2909    i.HAL_TIM_IC_Init   stm32g4xx_hal_tim.o
    0x08002df8   0x08002df8   0x00000002   Code   RO         2911    i.HAL_TIM_IC_MspInit  stm32g4xx_hal_tim.o
    0x08002dfa   0x08002dfa   0x00000002   PAD
    0x08002dfc   0x08002dfc   0x00000128   Code   RO         2914    i.HAL_TIM_IC_Start_IT  stm32g4xx_hal_tim.o
    0x08002f24   0x08002f24   0x0000020a   Code   RO         2918    i.HAL_TIM_IRQHandler  stm32g4xx_hal_tim.o
    0x0800312e   0x0800312e   0x00000002   PAD
    0x08003130   0x08003130   0x00000050   Code   RO          693    i.HAL_TIM_MspPostInit  tim.o
    0x08003180   0x08003180   0x00000002   Code   RO         2921    i.HAL_TIM_OC_DelayElapsedCallback  stm32g4xx_hal_tim.o
    0x08003182   0x08003182   0x00000130   Code   RO         2942    i.HAL_TIM_PWM_ConfigChannel  stm32g4xx_hal_tim.o
    0x080032b2   0x080032b2   0x00000064   Code   RO         2945    i.HAL_TIM_PWM_Init  stm32g4xx_hal_tim.o
    0x08003316   0x08003316   0x00000002   Code   RO         2947    i.HAL_TIM_PWM_MspInit  stm32g4xx_hal_tim.o
    0x08003318   0x08003318   0x00000002   Code   RO         2948    i.HAL_TIM_PWM_PulseFinishedCallback  stm32g4xx_hal_tim.o
    0x0800331a   0x0800331a   0x00000002   PAD
    0x0800331c   0x0800331c   0x000000e0   Code   RO         2950    i.HAL_TIM_PWM_Start  stm32g4xx_hal_tim.o
    0x080033fc   0x080033fc   0x00000002   Code   RO         2956    i.HAL_TIM_PeriodElapsedCallback  stm32g4xx_hal_tim.o
    0x080033fe   0x080033fe   0x00000002   Code   RO         2961    i.HAL_TIM_TriggerCallback  stm32g4xx_hal_tim.o
    0x08003400   0x08003400   0x0000003e   Code   RO         4410    i.HAL_UARTEx_DisableFifoMode  stm32g4xx_hal_uart_ex.o
    0x0800343e   0x0800343e   0x00000002   Code   RO         4414    i.HAL_UARTEx_RxFifoFullCallback  stm32g4xx_hal_uart_ex.o
    0x08003440   0x08003440   0x0000004c   Code   RO         4415    i.HAL_UARTEx_SetRxFifoThreshold  stm32g4xx_hal_uart_ex.o
    0x0800348c   0x0800348c   0x0000004c   Code   RO         4416    i.HAL_UARTEx_SetTxFifoThreshold  stm32g4xx_hal_uart_ex.o
    0x080034d8   0x080034d8   0x00000002   Code   RO         4418    i.HAL_UARTEx_TxFifoEmptyCallback  stm32g4xx_hal_uart_ex.o
    0x080034da   0x080034da   0x00000002   Code   RO         4419    i.HAL_UARTEx_WakeupCallback  stm32g4xx_hal_uart_ex.o
    0x080034dc   0x080034dc   0x00000002   Code   RO         4049    i.HAL_UART_ErrorCallback  stm32g4xx_hal_uart.o
    0x080034de   0x080034de   0x00000002   PAD
    0x080034e0   0x080034e0   0x000001e0   Code   RO         4052    i.HAL_UART_IRQHandler  stm32g4xx_hal_uart.o
    0x080036c0   0x080036c0   0x00000070   Code   RO         4053    i.HAL_UART_Init     stm32g4xx_hal_uart.o
    0x08003730   0x08003730   0x00000074   Code   RO          746    i.HAL_UART_MspInit  usart.o
    0x080037a4   0x080037a4   0x00000120   Code   RO         4058    i.HAL_UART_Receive_IT  stm32g4xx_hal_uart.o
    0x080038c4   0x080038c4   0x0000002c   Code   RO          440    i.HAL_UART_RxCpltCallback  main.o
    0x080038f0   0x080038f0   0x000000d6   Code   RO         4061    i.HAL_UART_Transmit  stm32g4xx_hal_uart.o
    0x080039c6   0x080039c6   0x00000002   Code   RO         4064    i.HAL_UART_TxCpltCallback  stm32g4xx_hal_uart.o
    0x080039c8   0x080039c8   0x00000002   Code   RO          790    i.HardFault_Handler  stm32g4xx_it.o
    0x080039ca   0x080039ca   0x00000002   PAD
    0x080039cc   0x080039cc   0x0000002c   Code   RO          335    i.I2CInit           i2c_hal.o
    0x080039f8   0x080039f8   0x0000004e   Code   RO          336    i.I2CReceiveByte    i2c_hal.o
    0x08003a46   0x08003a46   0x0000004e   Code   RO          338    i.I2CSendByte       i2c_hal.o
    0x08003a94   0x08003a94   0x00000030   Code   RO          339    i.I2CSendNotAck     i2c_hal.o
    0x08003ac4   0x08003ac4   0x00000036   Code   RO          340    i.I2CStart          i2c_hal.o
    0x08003afa   0x08003afa   0x00000036   Code   RO          341    i.I2CStop           i2c_hal.o
    0x08003b30   0x08003b30   0x00000050   Code   RO          342    i.I2CWaitAck        i2c_hal.o
    0x08003b80   0x08003b80   0x0000005c   Code   RO          441    i.KEY1              main.o
    0x08003bdc   0x08003bdc   0x00000068   Code   RO          442    i.KEY2              main.o
    0x08003c44   0x08003c44   0x00000068   Code   RO          443    i.KEY3              main.o
    0x08003cac   0x08003cac   0x00000200   Code   RO          444    i.KEY4              main.o
    0x08003eac   0x08003eac   0x00000024   Code   RO          445    i.KEY_Proc          main.o
    0x08003ed0   0x08003ed0   0x0000002c   Code   RO           14    i.LCD_BusIn         lcd.o
    0x08003efc   0x08003efc   0x00000030   Code   RO           15    i.LCD_BusOut        lcd.o
    0x08003f2c   0x08003f2c   0x00000024   Code   RO           16    i.LCD_Clear         lcd.o
    0x08003f50   0x08003f50   0x00000090   Code   RO           18    i.LCD_CtrlLinesConfig  lcd.o
    0x08003fe0   0x08003fe0   0x00000018   Code   RO           19    i.LCD_DisplayChar   lcd.o
    0x08003ff8   0x08003ff8   0x0000002a   Code   RO           22    i.LCD_DisplayStringLine  lcd.o
    0x08004022   0x08004022   0x00000002   PAD
    0x08004024   0x08004024   0x00000058   Code   RO           23    i.LCD_DrawChar      lcd.o
    0x0800407c   0x0800407c   0x00000034   Code   RO           29    i.LCD_Init          lcd.o
    0x080040b0   0x080040b0   0x00000348   Code   RO          446    i.LCD_Proc          main.o
    0x080043f8   0x080043f8   0x00000080   Code   RO           32    i.LCD_ReadReg       lcd.o
    0x08004478   0x08004478   0x00000010   Code   RO           33    i.LCD_SetBackColor  lcd.o
    0x08004488   0x08004488   0x00000018   Code   RO           34    i.LCD_SetCursor     lcd.o
    0x080044a0   0x080044a0   0x00000010   Code   RO           36    i.LCD_SetTextColor  lcd.o
    0x080044b0   0x080044b0   0x00000060   Code   RO           39    i.LCD_WriteRAM      lcd.o
    0x08004510   0x08004510   0x00000064   Code   RO           40    i.LCD_WriteRAM_Prepare  lcd.o
    0x08004574   0x08004574   0x00000074   Code   RO           41    i.LCD_WriteReg      lcd.o
    0x080045e8   0x080045e8   0x0000003c   Code   RO          589    i.LED_Disp          gpio.o
    0x08004624   0x08004624   0x00000030   Code   RO          590    i.LED_Init          gpio.o
    0x08004654   0x08004654   0x00000094   Code   RO          447    i.LED_Proc          main.o
    0x080046e8   0x080046e8   0x00000094   Code   RO          627    i.MX_ADC2_Init      adc.o
    0x0800477c   0x0800477c   0x0000002c   Code   RO          667    i.MX_DMA_Init       dma.o
    0x080047a8   0x080047a8   0x0000011c   Code   RO          591    i.MX_GPIO_Init      gpio.o
    0x080048c4   0x080048c4   0x00000094   Code   RO          694    i.MX_TIM17_Init     tim.o
    0x08004958   0x08004958   0x00000094   Code   RO          695    i.MX_TIM2_Init      tim.o
    0x080049ec   0x080049ec   0x00000068   Code   RO          747    i.MX_USART1_UART_Init  usart.o
    0x08004a54   0x08004a54   0x00000002   Code   RO          791    i.MemManage_Handler  stm32g4xx_it.o
    0x08004a56   0x08004a56   0x00000002   Code   RO          792    i.NMI_Handler       stm32g4xx_it.o
    0x08004a58   0x08004a58   0x00000044   Code   RO          448    i.PWM_Proc          main.o
    0x08004a9c   0x08004a9c   0x00000002   Code   RO          793    i.PendSV_Handler    stm32g4xx_it.o
    0x08004a9e   0x08004a9e   0x00000002   PAD
    0x08004aa0   0x08004aa0   0x00000050   Code   RO         1653    i.RCC_GetSysClockFreqFromPLLSource  stm32g4xx_hal_rcc.o
    0x08004af0   0x08004af0   0x00000112   Code   RO           42    i.REG_8230_Init     lcd.o
    0x08004c02   0x08004c02   0x00000202   Code   RO           43    i.REG_932X_Init     lcd.o
    0x08004e04   0x08004e04   0x00000018   Code   RO          343    i.SCL_Output        i2c_hal.o
    0x08004e1c   0x08004e1c   0x00000018   Code   RO          344    i.SDA_Input         i2c_hal.o
    0x08004e34   0x08004e34   0x0000002c   Code   RO          345    i.SDA_Input_Mode    i2c_hal.o
    0x08004e60   0x08004e60   0x00000018   Code   RO          346    i.SDA_Output        i2c_hal.o
    0x08004e78   0x08004e78   0x0000002c   Code   RO          347    i.SDA_Output_Mode   i2c_hal.o
    0x08004ea4   0x08004ea4   0x00000002   Code   RO          794    i.SVC_Handler       stm32g4xx_it.o
    0x08004ea6   0x08004ea6   0x00000004   Code   RO          795    i.SysTick_Handler   stm32g4xx_it.o
    0x08004eaa   0x08004eaa   0x00000072   Code   RO          449    i.SystemClock_Config  main.o
    0x08004f1c   0x08004f1c   0x0000001c   Code   RO          909    i.SystemInit        system_stm32g4xx.o
    0x08004f38   0x08004f38   0x0000000c   Code   RO          796    i.TIM2_IRQHandler   stm32g4xx_it.o
    0x08004f44   0x08004f44   0x000000b0   Code   RO         2963    i.TIM_Base_SetConfig  stm32g4xx_hal_tim.o
    0x08004ff4   0x08004ff4   0x0000001e   Code   RO         2964    i.TIM_CCxChannelCmd  stm32g4xx_hal_tim.o
    0x08005012   0x08005012   0x00000016   Code   RO         2974    i.TIM_ETR_SetConfig  stm32g4xx_hal_tim.o
    0x08005028   0x08005028   0x00000014   Code   RO         2975    i.TIM_ITRx_SetConfig  stm32g4xx_hal_tim.o
    0x0800503c   0x0800503c   0x000000a8   Code   RO         2976    i.TIM_OC1_SetConfig  stm32g4xx_hal_tim.o
    0x080050e4   0x080050e4   0x0000009c   Code   RO         2977    i.TIM_OC2_SetConfig  stm32g4xx_hal_tim.o
    0x08005180   0x08005180   0x0000009c   Code   RO         2978    i.TIM_OC3_SetConfig  stm32g4xx_hal_tim.o
    0x0800521c   0x0800521c   0x0000009c   Code   RO         2979    i.TIM_OC4_SetConfig  stm32g4xx_hal_tim.o
    0x080052b8   0x080052b8   0x00000074   Code   RO         2980    i.TIM_OC5_SetConfig  stm32g4xx_hal_tim.o
    0x0800532c   0x0800532c   0x00000076   Code   RO         2981    i.TIM_OC6_SetConfig  stm32g4xx_hal_tim.o
    0x080053a2   0x080053a2   0x00000026   Code   RO         2983    i.TIM_TI1_ConfigInputStage  stm32g4xx_hal_tim.o
    0x080053c8   0x080053c8   0x0000007a   Code   RO         2984    i.TIM_TI1_SetConfig  stm32g4xx_hal_tim.o
    0x08005442   0x08005442   0x00000024   Code   RO         2985    i.TIM_TI2_ConfigInputStage  stm32g4xx_hal_tim.o
    0x08005466   0x08005466   0x00000040   Code   RO         2986    i.TIM_TI2_SetConfig  stm32g4xx_hal_tim.o
    0x080054a6   0x080054a6   0x0000003c   Code   RO         2987    i.TIM_TI3_SetConfig  stm32g4xx_hal_tim.o
    0x080054e2   0x080054e2   0x00000040   Code   RO         2988    i.TIM_TI4_SetConfig  stm32g4xx_hal_tim.o
    0x08005522   0x08005522   0x00000002   PAD
    0x08005524   0x08005524   0x0000013c   Code   RO          450    i.UART              main.o
    0x08005660   0x08005660   0x00000078   Code   RO         4420    i.UARTEx_SetNbDataToProcess  stm32g4xx_hal_uart_ex.o
    0x080056d8   0x080056d8   0x000000d8   Code   RO         4066    i.UART_AdvFeatureConfig  stm32g4xx_hal_uart.o
    0x080057b0   0x080057b0   0x00000066   Code   RO         4067    i.UART_CheckIdleState  stm32g4xx_hal_uart.o
    0x08005816   0x08005816   0x00000014   Code   RO         4068    i.UART_DMAAbortOnError  stm32g4xx_hal_uart.o
    0x0800582a   0x0800582a   0x00000024   Code   RO         4078    i.UART_EndRxTransfer  stm32g4xx_hal_uart.o
    0x0800584e   0x0800584e   0x0000001c   Code   RO         4079    i.UART_EndTransmit_IT  stm32g4xx_hal_uart.o
    0x0800586a   0x0800586a   0x0000005e   Code   RO         4081    i.UART_RxISR_16BIT  stm32g4xx_hal_uart.o
    0x080058c8   0x080058c8   0x000000a8   Code   RO         4082    i.UART_RxISR_16BIT_FIFOEN  stm32g4xx_hal_uart.o
    0x08005970   0x08005970   0x0000005e   Code   RO         4083    i.UART_RxISR_8BIT   stm32g4xx_hal_uart.o
    0x080059ce   0x080059ce   0x00000002   PAD
    0x080059d0   0x080059d0   0x000000a8   Code   RO         4084    i.UART_RxISR_8BIT_FIFOEN  stm32g4xx_hal_uart.o
    0x08005a78   0x08005a78   0x00000b60   Code   RO         4085    i.UART_SetConfig    stm32g4xx_hal_uart.o
    0x080065d8   0x080065d8   0x00000078   Code   RO         4090    i.UART_WaitOnFlagUntilTimeout  stm32g4xx_hal_uart.o
    0x08006650   0x08006650   0x0000000c   Code   RO          797    i.USART1_IRQHandler  stm32g4xx_it.o
    0x0800665c   0x0800665c   0x00000002   Code   RO          798    i.UsageFault_Handler  stm32g4xx_it.o
    0x0800665e   0x0800665e   0x00000002   PAD
    0x08006660   0x08006660   0x00000020   Code   RO         4747    i.__0printf         mc_w.l(printfa.o)
    0x08006680   0x08006680   0x00000028   Code   RO         4749    i.__0sprintf        mc_w.l(printfa.o)
    0x080066a8   0x080066a8   0x0000000e   Code   RO         4817    i.__scatterload_copy  mc_w.l(handlers.o)
    0x080066b6   0x080066b6   0x00000002   Code   RO         4818    i.__scatterload_null  mc_w.l(handlers.o)
    0x080066b8   0x080066b8   0x0000000e   Code   RO         4819    i.__scatterload_zeroinit  mc_w.l(handlers.o)
    0x080066c6   0x080066c6   0x00000002   PAD
    0x080066c8   0x080066c8   0x00000184   Code   RO         4754    i._fp_digits        mc_w.l(printfa.o)
    0x0800684c   0x0800684c   0x000006dc   Code   RO         4755    i._printf_core      mc_w.l(printfa.o)
    0x08006f28   0x08006f28   0x00000024   Code   RO         4756    i._printf_post_padding  mc_w.l(printfa.o)
    0x08006f4c   0x08006f4c   0x0000002e   Code   RO         4757    i._printf_pre_padding  mc_w.l(printfa.o)
    0x08006f7a   0x08006f7a   0x0000000a   Code   RO         4759    i._sputc            mc_w.l(printfa.o)
    0x08006f84   0x08006f84   0x0000000c   Code   RO          348    i.delay1            i2c_hal.o
    0x08006f90   0x08006f90   0x00000018   Code   RO          451    i.fputc             main.o
    0x08006fa8   0x08006fa8   0x000000c0   Code   RO          452    i.main              main.o
    0x08007068   0x08007068   0x000011d0   Data   RO           44    .constdata          lcd.o
    0x08008238   0x08008238   0x00000010   Data   RO          910    .constdata          system_stm32g4xx.o
    0x08008248   0x08008248   0x00000008   Data   RO          911    .constdata          system_stm32g4xx.o
    0x08008250   0x08008250   0x00000020   Data   RO         4815    Region$$Table       anon$$obj.o


    Execution Region RW_IRAM1 (Exec base: 0x20000000, Load base: 0x08008270, Size: 0x00000ea8, Max: 0x00008000, ABSOLUTE)

    Exec Addr    Load Addr    Size         Type   Attr      Idx    E Section Name        Object

    0x20000000   0x08008270   0x00000006   Data   RW           45    .data               lcd.o
    0x20000006   0x08008276   0x00000002   PAD
    0x20000008   0x08008278   0x00000060   Data   RW          454    .data               main.o
    0x20000068   0x080082d8   0x00000004   Data   RW          912    .data               system_stm32g4xx.o
    0x2000006c   0x080082dc   0x0000000c   Data   RW         1439    .data               stm32g4xx_hal.o
    0x20000078   0x080082e8   0x00000004   Data   RW         4791    .data               mc_w.l(stdout.o)
    0x2000007c        -       0x0000083c   Zero   RW          453    .bss                main.o
    0x200008b8        -       0x000000cc   Zero   RW          628    .bss                adc.o
    0x20000984        -       0x00000098   Zero   RW          696    .bss                tim.o
    0x20000a1c        -       0x0000008c   Zero   RW          748    .bss                usart.o
    0x20000aa8        -       0x00000400   Zero   RW            1    STACK               startup_stm32g431xx.o


==============================================================================

Image component sizes


      Code (inc. data)   RO Data    RW Data    ZI Data      Debug   Object Name

       312         34          0          0        204       1735   adc.o
        44          6          0          0          0        742   dma.o
       392         34          0          0          0       2029   gpio.o
       608         28          0          0          0       7052   i2c_hal.o
      1790         78       4560          6          0     682922   lcd.o
      2862        572          0         96       2108      12858   main.o
        36          8        472          0       1024        820   startup_stm32g431xx.o
       174         24          0         12          0       4225   stm32g4xx_hal.o
      3414         94          0          0          0      82945   stm32g4xx_hal_adc.o
        10          0          0          0          0       3525   stm32g4xx_hal_adc_ex.o
       208         16          0          0          0      33595   stm32g4xx_hal_cortex.o
       716         56          0          0          0       4813   stm32g4xx_hal_dma.o
       602         20          0          0          0       3155   stm32g4xx_hal_gpio.o
        56          8          0          0          0       8634   stm32g4xx_hal_msp.o
       220         14          0          0          0        890   stm32g4xx_hal_pwr_ex.o
      2116         98          0          0          0       7884   stm32g4xx_hal_rcc.o
       728          8          0          0          0       1932   stm32g4xx_hal_rcc_ex.o
      3608        102          0          0          0      24195   stm32g4xx_hal_tim.o
       346         20          0          0          0       6484   stm32g4xx_hal_tim_ex.o
      5056         72          0          0          0      17580   stm32g4xx_hal_uart.o
       340         16          0          0          0       5410   stm32g4xx_hal_uart_ex.o
        56         18          0          0          0       5292   stm32g4xx_it.o
        28          6         24          4          0       1087   system_stm32g4xx.o
       512         30          0          0        152       3143   tim.o
       220         20          0          0        140       1666   usart.o

    ----------------------------------------------------------------------
     24496       1382       5088        120       3628     924613   Object Totals
         0          0         32          0          0          0   (incl. Generated)
        42          0          0          2          0          0   (incl. Padding)

    ----------------------------------------------------------------------

      Code (inc. data)   RO Data    RW Data    ZI Data      Debug   Library Member Name

         0          0          0          0          0          0   entry.o
         0          0          0          0          0          0   entry10a.o
         0          0          0          0          0          0   entry11a.o
         8          4          0          0          0          0   entry2.o
         4          0          0          0          0          0   entry5.o
         0          0          0          0          0          0   entry7b.o
         0          0          0          0          0          0   entry8b.o
         8          4          0          0          0          0   entry9a.o
        30          0          0          0          0          0   handlers.o
        36          8          0          0          0         68   init.o
         0          0          0          0          0          0   iusefp.o
        30          0          0          0          0         68   llshl.o
        36          0          0          0          0         68   llsshr.o
        32          0          0          0          0         68   llushr.o
        36          0          0          0          0        108   memseta.o
      2308         96          0          0          0        604   printfa.o
         0          0          0          4          0          0   stdout.o
        28          0          0          0          0         76   strcmp.o
        44          0          0          0          0         80   uidiv.o
        98          0          0          0          0         92   uldiv.o
        48          0          0          0          0         68   cdrcmple.o
       334          0          0          0          0        148   dadd.o
       222          0          0          0          0        100   ddiv.o
       186          0          0          0          0        176   depilogue.o
        48          0          0          0          0         68   dfixul.o
       228          0          0          0          0         96   dmul.o
        38          0          0          0          0         68   f2d.o

    ----------------------------------------------------------------------
      3808        112          0          4          0       1956   Library Totals
         6          0          0          0          0          0   (incl. Padding)

    ----------------------------------------------------------------------

      Code (inc. data)   RO Data    RW Data    ZI Data      Debug   Library Name

      2698        112          0          4          0       1232   mc_w.l
      1104          0          0          0          0        724   mf_w.l

    ----------------------------------------------------------------------
      3808        112          0          4          0       1956   Library Totals

    ----------------------------------------------------------------------

==============================================================================


      Code (inc. data)   RO Data    RW Data    ZI Data      Debug   

     28304       1494       5088        124       3628     908485   Grand Totals
     28304       1494       5088        124       3628     908485   ELF Image Totals
     28304       1494       5088        124          0          0   ROM Totals

==============================================================================

    Total RO  Size (Code + RO Data)                33392 (  32.61kB)
    Total RW  Size (RW Data + ZI Data)              3752 (   3.66kB)
    Total ROM Size (Code + RO Data + RW Data)      33516 (  32.73kB)

==============================================================================

